Archive member included to satisfy reference by file (symbol)

c:/users/niokr/appdata/roaming/gnu tools arm embedded/7 2017-q4-major/bin/../lib/gcc/arm-none-eabi/7.2.1/../../../../arm-none-eabi/lib/thumb/v7e-m/fpv4-sp/hard\libm.a(lib_a-wf_sqrt.o)
                              ./src/ComplexMathFunctions/arm_cmplx_mag_f32.o (sqrtf)
c:/users/niokr/appdata/roaming/gnu tools arm embedded/7 2017-q4-major/bin/../lib/gcc/arm-none-eabi/7.2.1/../../../../arm-none-eabi/lib/thumb/v7e-m/fpv4-sp/hard\libm.a(lib_a-ef_sqrt.o)
                              c:/users/niokr/appdata/roaming/gnu tools arm embedded/7 2017-q4-major/bin/../lib/gcc/arm-none-eabi/7.2.1/../../../../arm-none-eabi/lib/thumb/v7e-m/fpv4-sp/hard\libm.a(lib_a-wf_sqrt.o) (__ieee754_sqrtf)
c:/users/niokr/appdata/roaming/gnu tools arm embedded/7 2017-q4-major/bin/../lib/gcc/arm-none-eabi/7.2.1/../../../../arm-none-eabi/lib/thumb/v7e-m/fpv4-sp/hard\libm.a(lib_a-s_lib_ver.o)
                              c:/users/niokr/appdata/roaming/gnu tools arm embedded/7 2017-q4-major/bin/../lib/gcc/arm-none-eabi/7.2.1/../../../../arm-none-eabi/lib/thumb/v7e-m/fpv4-sp/hard\libm.a(lib_a-wf_sqrt.o) (__fdlib_version)
c:/users/niokr/appdata/roaming/gnu tools arm embedded/7 2017-q4-major/bin/../lib/gcc/arm-none-eabi/7.2.1/../../../../arm-none-eabi/lib/thumb/v7e-m/fpv4-sp/hard\libm.a(lib_a-s_matherr.o)
                              c:/users/niokr/appdata/roaming/gnu tools arm embedded/7 2017-q4-major/bin/../lib/gcc/arm-none-eabi/7.2.1/../../../../arm-none-eabi/lib/thumb/v7e-m/fpv4-sp/hard\libm.a(lib_a-wf_sqrt.o) (matherr)
c:/users/niokr/appdata/roaming/gnu tools arm embedded/7 2017-q4-major/bin/../lib/gcc/arm-none-eabi/7.2.1/thumb/v7e-m/fpv4-sp/hard\libgcc.a(_arm_addsubdf3.o)
                              c:/users/niokr/appdata/roaming/gnu tools arm embedded/7 2017-q4-major/bin/../lib/gcc/arm-none-eabi/7.2.1/../../../../arm-none-eabi/lib/thumb/v7e-m/fpv4-sp/hard\libm.a(lib_a-wf_sqrt.o) (__aeabi_f2d)
c:/users/niokr/appdata/roaming/gnu tools arm embedded/7 2017-q4-major/bin/../lib/gcc/arm-none-eabi/7.2.1/thumb/v7e-m/fpv4-sp/hard\libgcc.a(_arm_muldivdf3.o)
                              c:/users/niokr/appdata/roaming/gnu tools arm embedded/7 2017-q4-major/bin/../lib/gcc/arm-none-eabi/7.2.1/../../../../arm-none-eabi/lib/thumb/v7e-m/fpv4-sp/hard\libm.a(lib_a-wf_sqrt.o) (__aeabi_ddiv)
c:/users/niokr/appdata/roaming/gnu tools arm embedded/7 2017-q4-major/bin/../lib/gcc/arm-none-eabi/7.2.1/thumb/v7e-m/fpv4-sp/hard\libgcc.a(_arm_truncdfsf2.o)
                              c:/users/niokr/appdata/roaming/gnu tools arm embedded/7 2017-q4-major/bin/../lib/gcc/arm-none-eabi/7.2.1/../../../../arm-none-eabi/lib/thumb/v7e-m/fpv4-sp/hard\libm.a(lib_a-wf_sqrt.o) (__aeabi_d2f)
c:/users/niokr/appdata/roaming/gnu tools arm embedded/7 2017-q4-major/bin/../lib/gcc/arm-none-eabi/7.2.1/../../../../arm-none-eabi/lib/thumb/v7e-m/fpv4-sp/hard\libg_nano.a(lib_a-abs.o)
                              ./src/dsp_func.o (abs)
c:/users/niokr/appdata/roaming/gnu tools arm embedded/7 2017-q4-major/bin/../lib/gcc/arm-none-eabi/7.2.1/../../../../arm-none-eabi/lib/thumb/v7e-m/fpv4-sp/hard\libg_nano.a(lib_a-errno.o)
                              ./system/src/newlib/_sbrk.o (__errno)
c:/users/niokr/appdata/roaming/gnu tools arm embedded/7 2017-q4-major/bin/../lib/gcc/arm-none-eabi/7.2.1/../../../../arm-none-eabi/lib/thumb/v7e-m/fpv4-sp/hard\libg_nano.a(lib_a-impure.o)
                              c:/users/niokr/appdata/roaming/gnu tools arm embedded/7 2017-q4-major/bin/../lib/gcc/arm-none-eabi/7.2.1/../../../../arm-none-eabi/lib/thumb/v7e-m/fpv4-sp/hard\libg_nano.a(lib_a-errno.o) (_impure_ptr)
c:/users/niokr/appdata/roaming/gnu tools arm embedded/7 2017-q4-major/bin/../lib/gcc/arm-none-eabi/7.2.1/../../../../arm-none-eabi/lib/thumb/v7e-m/fpv4-sp/hard\libg_nano.a(lib_a-init.o)
                              ./system/src/cmsis/startup_stm32f401xe.o (__libc_init_array)
c:/users/niokr/appdata/roaming/gnu tools arm embedded/7 2017-q4-major/bin/../lib/gcc/arm-none-eabi/7.2.1/../../../../arm-none-eabi/lib/thumb/v7e-m/fpv4-sp/hard\libg_nano.a(lib_a-memcpy-stub.o)
                              ./Middlewares/Third_Party/FreeRTOS/Source/queue.o (memcpy)
c:/users/niokr/appdata/roaming/gnu tools arm embedded/7 2017-q4-major/bin/../lib/gcc/arm-none-eabi/7.2.1/../../../../arm-none-eabi/lib/thumb/v7e-m/fpv4-sp/hard\libg_nano.a(lib_a-memset.o)
                              ./Middlewares/Third_Party/FreeRTOS/Source/CMSIS_RTOS/cmsis_os.o (memset)
c:/users/niokr/appdata/roaming/gnu tools arm embedded/7 2017-q4-major/bin/../lib/gcc/arm-none-eabi/7.2.1/../../../../arm-none-eabi/lib/thumb/v7e-m/fpv4-sp/hard\libg_nano.a(lib_a-strlen.o)
                              ./system/src/diag/Trace.o (strlen)
c:/users/niokr/appdata/roaming/gnu tools arm embedded/7 2017-q4-major/bin/../lib/gcc/arm-none-eabi/7.2.1/../../../../arm-none-eabi/lib/thumb/v7e-m/fpv4-sp/hard\libg_nano.a(lib_a-vsnprintf.o)
[...]
Memory Configuration

Name             Origin             Length             Attributes
RAM              0x20000000         0x00010000         xrw
CCMRAM           0x10000000         0x00000000         xrw
FLASH            0x08000000         0x00080000         xr
FLASHB1          0x00000000         0x00000000         xr
EXTMEMB0         0x00000000         0x00000000         xr
EXTMEMB1         0x00000000         0x00000000         xr
EXTMEMB2         0x00000000         0x00000000         xr
EXTMEMB3         0x00000000         0x00000000         xr
*default*        0x00000000         0xffffffff

Linker script and memory map

LOAD ./system/src/stm32f4-hal/stm32f4xx_hal.o
LOAD ./system/src/stm32f4-hal/stm32f4xx_hal_adc.o
LOAD ./system/src/stm32f4-hal/stm32f4xx_hal_adc_ex.o
LOAD ./system/src/stm32f4-hal/stm32f4xx_hal_cortex.o
LOAD ./system/src/stm32f4-hal/stm32f4xx_hal_dfsdm.o
LOAD ./system/src/stm32f4-hal/stm32f4xx_hal_dma.o
LOAD ./system/src/stm32f4-hal/stm32f4xx_hal_dma_ex.o
LOAD ./system/src/stm32f4-hal/stm32f4xx_hal_flash.o
LOAD ./system/src/stm32f4-hal/stm32f4xx_hal_gpio.o
LOAD ./system/src/stm32f4-hal/stm32f4xx_hal_iwdg.o
LOAD ./system/src/stm32f4-hal/stm32f4xx_hal_pwr.o
LOAD ./system/src/stm32f4-hal/stm32f4xx_hal_rcc.o
LOAD ./system/src/stm32f4-hal/stm32f4xx_hal_tim.o
LOAD ./system/src/stm32f4-hal/stm32f4xx_hal_tim_ex.o
LOAD ./system/src/newlib/_cxx.o
LOAD ./system/src/newlib/_exit.o
LOAD ./system/src/newlib/_sbrk.o
LOAD ./system/src/newlib/_startup.o
LOAD ./system/src/newlib/_syscalls.o
LOAD ./system/src/newlib/assert.o
LOAD ./system/src/diag/Trace.o
LOAD ./system/src/diag/trace_impl.o
LOAD ./system/src/cortexm/_initialize_hardware.o
LOAD ./system/src/cortexm/_reset_hardware.o
LOAD ./system/src/cortexm/exception_handlers.o
LOAD ./system/src/cmsis/startup_stm32f401xe.o
LOAD ./system/src/cmsis/system_stm32f4xx.o
LOAD ./src/TransformFunctions/arm_bitreversal.o
LOAD ./src/TransformFunctions/arm_bitreversal2.o
LOAD ./src/TransformFunctions/arm_cfft_f32.o
LOAD ./src/TransformFunctions/arm_cfft_q15.o
LOAD ./src/TransformFunctions/arm_cfft_q31.o
LOAD ./src/TransformFunctions/arm_cfft_radix2_f32.o
LOAD ./src/TransformFunctions/arm_cfft_radix2_init_f32.o
LOAD ./src/TransformFunctions/arm_cfft_radix2_init_q15.o
LOAD ./src/TransformFunctions/arm_cfft_radix2_init_q31.o
LOAD ./src/TransformFunctions/arm_cfft_radix2_q15.o
LOAD ./src/TransformFunctions/arm_cfft_radix2_q31.o
LOAD ./src/TransformFunctions/arm_cfft_radix4_f32.o
LOAD ./src/TransformFunctions/arm_cfft_radix4_init_f32.o
LOAD ./src/TransformFunctions/arm_cfft_radix4_init_q15.o
LOAD ./src/TransformFunctions/arm_cfft_radix4_init_q31.o
LOAD ./src/TransformFunctions/arm_cfft_radix4_q15.o
LOAD ./src/TransformFunctions/arm_cfft_radix4_q31.o
LOAD ./src/TransformFunctions/arm_cfft_radix8_f32.o
LOAD ./src/TransformFunctions/arm_dct4_f32.o
LOAD ./src/TransformFunctions/arm_dct4_init_f32.o
LOAD ./src/TransformFunctions/arm_dct4_init_q15.o
LOAD ./src/TransformFunctions/arm_dct4_init_q31.o
LOAD ./src/TransformFunctions/arm_dct4_q15.o
LOAD ./src/TransformFunctions/arm_dct4_q31.o
LOAD ./src/TransformFunctions/arm_rfft_f32.o
LOAD ./src/TransformFunctions/arm_rfft_fast_f32.o
LOAD ./src/TransformFunctions/arm_rfft_fast_init_f32.o
LOAD ./src/TransformFunctions/arm_rfft_init_f32.o
LOAD ./src/TransformFunctions/arm_rfft_init_q15.o
LOAD ./src/TransformFunctions/arm_rfft_init_q31.o
LOAD ./src/TransformFunctions/arm_rfft_q15.o
LOAD ./src/TransformFunctions/arm_rfft_q31.o
LOAD ./src/FastMathFunctions/arm_cos_f32.o
LOAD ./src/FastMathFunctions/arm_cos_q15.o
LOAD ./src/FastMathFunctions/arm_cos_q31.o
LOAD ./src/FastMathFunctions/arm_sin_f32.o
LOAD ./src/FastMathFunctions/arm_sin_q15.o
LOAD ./src/FastMathFunctions/arm_sin_q31.o
LOAD ./src/FastMathFunctions/arm_sqrt_q15.o
LOAD ./src/FastMathFunctions/arm_sqrt_q31.o
LOAD ./src/ComplexMathFunctions/arm_cmplx_conj_f32.o
LOAD ./src/ComplexMathFunctions/arm_cmplx_conj_q15.o
LOAD ./src/ComplexMathFunctions/arm_cmplx_conj_q31.o
LOAD ./src/ComplexMathFunctions/arm_cmplx_dot_prod_f32.o
LOAD ./src/ComplexMathFunctions/arm_cmplx_dot_prod_q15.o
LOAD ./src/ComplexMathFunctions/arm_cmplx_dot_prod_q31.o
LOAD ./src/ComplexMathFunctions/arm_cmplx_mag_f32.o
LOAD ./src/ComplexMathFunctions/arm_cmplx_mag_q15.o
LOAD ./src/ComplexMathFunctions/arm_cmplx_mag_q31.o
LOAD ./src/ComplexMathFunctions/arm_cmplx_mag_squared_f32.o
LOAD ./src/ComplexMathFunctions/arm_cmplx_mag_squared_q15.o
LOAD ./src/ComplexMathFunctions/arm_cmplx_mag_squared_q31.o
LOAD ./src/ComplexMathFunctions/arm_cmplx_mult_cmplx_f32.o
LOAD ./src/ComplexMathFunctions/arm_cmplx_mult_cmplx_q15.o
LOAD ./src/ComplexMathFunctions/arm_cmplx_mult_cmplx_q31.o
LOAD ./src/ComplexMathFunctions/arm_cmplx_mult_real_f32.o
LOAD ./src/ComplexMathFunctions/arm_cmplx_mult_real_q15.o
LOAD ./src/ComplexMathFunctions/arm_cmplx_mult_real_q31.o
LOAD ./src/CommonTables/arm_common_tables.o
LOAD ./src/CommonTables/arm_const_structs.o
LOAD ./src/FIRFilter.o
LOAD ./src/dsp_func.o
LOAD ./src/freertos.o
LOAD ./src/main.o
LOAD ./src/stm32f4xx_hal_msp.o
LOAD ./src/stm32f4xx_hal_timebase_TIM.o
LOAD ./src/stm32f4xx_it.o
LOAD ./Middlewares/Third_Party/FreeRTOS/Source/portable/MemMang/heap_4.o
LOAD ./Middlewares/Third_Party/FreeRTOS/Source/portable/GCC/ARM_CM4F/port.o
LOAD ./Middlewares/Third_Party/FreeRTOS/Source/CMSIS_RTOS/cmsis_os.o
LOAD ./Middlewares/Third_Party/FreeRTOS/Source/croutine.o
LOAD ./Middlewares/Third_Party/FreeRTOS/Source/event_groups.o
LOAD ./Middlewares/Third_Party/FreeRTOS/Source/list.o
LOAD ./Middlewares/Third_Party/FreeRTOS/Source/queue.o
LOAD ./Middlewares/Third_Party/FreeRTOS/Source/tasks.o
LOAD ./Middlewares/Third_Party/FreeRTOS/Source/timers.o
LOAD c:/users/niokr/appdata/roaming/gnu tools arm embedded/7 2017-q4-major/bin/../lib/gcc/arm-none-eabi/7.2.1/../../../../arm-none-eabi/lib/thumb/v7e-m/fpv4-sp/hard\libstdc++_nano.a
LOAD c:/users/niokr/appdata/roaming/gnu tools arm embedded/7 2017-q4-major/bin/../lib/gcc/arm-none-eabi/7.2.1/../../../../arm-none-eabi/lib/thumb/v7e-m/fpv4-sp/hard\libm.a
START GROUP
LOAD c:/users/niokr/appdata/roaming/gnu tools arm embedded/7 2017-q4-major/bin/../lib/gcc/arm-none-eabi/7.2.1/thumb/v7e-m/fpv4-sp/hard\libgcc.a
LOAD c:/users/niokr/appdata/roaming/gnu tools arm embedded/7 2017-q4-major/bin/../lib/gcc/arm-none-eabi/7.2.1/../../../../arm-none-eabi/lib/thumb/v7e-m/fpv4-sp/hard\libg_nano.a
LOAD c:/users/niokr/appdata/roaming/gnu tools arm embedded/7 2017-q4-major/bin/../lib/gcc/arm-none-eabi/7.2.1/../../../../arm-none-eabi/lib/thumb/v7e-m/fpv4-sp/hard\libc_nano.a
END GROUP
START GROUP
LOAD c:/users/niokr/appdata/roaming/gnu tools arm embedded/7 2017-q4-major/bin/../lib/gcc/arm-none-eabi/7.2.1/thumb/v7e-m/fpv4-sp/hard\libgcc.a
LOAD c:/users/niokr/appdata/roaming/gnu tools arm embedded/7 2017-q4-major/bin/../lib/gcc/arm-none-eabi/7.2.1/../../../../arm-none-eabi/lib/thumb/v7e-m/fpv4-sp/hard\libc_nano.a
LOAD c:/users/niokr/appdata/roaming/gnu tools arm embedded/7 2017-q4-major/bin/../lib/gcc/arm-none-eabi/7.2.1/../../../../arm-none-eabi/lib/thumb/v7e-m/fpv4-sp/hard\libnosys.a
END GROUP
START GROUP
LOAD c:/users/niokr/appdata/roaming/gnu tools arm embedded/7 2017-q4-major/bin/../lib/gcc/arm-none-eabi/7.2.1/thumb/v7e-m/fpv4-sp/hard\libgcc.a
LOAD c:/users/niokr/appdata/roaming/gnu tools arm embedded/7 2017-q4-major/bin/../lib/gcc/arm-none-eabi/7.2.1/../../../../arm-none-eabi/lib/thumb/v7e-m/fpv4-sp/hard\libc_nano.a
LOAD c:/users/niokr/appdata/roaming/gnu tools arm embedded/7 2017-q4-major/bin/../lib/gcc/arm-none-eabi/7.2.1/../../../../arm-none-eabi/lib/thumb/v7e-m/fpv4-sp/hard\libnosys.a
END GROUP
                0x20010000                __stack = (ORIGIN (RAM) + LENGTH (RAM))
                0x20010000                _estack = __stack
                0x00000400                __Main_Stack_Size = 0x400
                [!provide]                PROVIDE (_Main_Stack_Size, __Main_Stack_Size)
                0x2000fc00                __Main_Stack_Limit = (__stack - __Main_Stack_Size)
                [!provide]                PROVIDE (_Main_Stack_Limit, __Main_Stack_Limit)
                0x00000100                _Minimum_Stack_Size = 0x100
                0x2000bff4                PROVIDE (_Heap_Begin, _end_noinit)
                0x2000fc00                PROVIDE (_Heap_Limit, (__stack - __Main_Stack_Size))

.isr_vector     0x08000000      0x3f0
 FILL mask 0xff
                0x08000000                __vectors_start = ABSOLUTE (.)
                0x08000000                __vectors_start__ = ABSOLUTE (.)
 *(.isr_vector)
 .isr_vector    0x08000000      0x194 ./system/src/cmsis/startup_stm32f401xe.o
                0x08000000                g_pfnVectors
 *(.cfmconfig)
 *(.after_vectors .after_vectors.*)
 .after_vectors
                0x08000194      0x130 ./system/src/newlib/_startup.o
                0x08000194                _start
 .after_vectors
                0x080002c4      0x12c ./system/src/cortexm/exception_handlers.o
                0x080002c4                Reset_Handler
                0x080002e2                HardFault_Handler_C
                0x08000358                BusFault_Handler_C
                0x080003a0                UsageFault_Handler_C

.inits          0x080003f0       0x28
                0x080003f0                __data_regions_array_start = .
                0x080003f0        0x4 LONG 0x801929c LOADADDR (.data)
                0x080003f4        0x4 LONG 0x20000000 ADDR (.data)
                0x080003f8        0x4 LONG 0x20000080 (ADDR (.data) + SIZEOF (.data))
                0x080003fc        0x4 LONG 0x801929c LOADADDR (.data_CCMRAM)
                0x08000400        0x4 LONG 0x10000000 ADDR (.data_CCMRAM)
                0x08000404        0x4 LONG 0x10000000 (ADDR (.data_CCMRAM) + SIZEOF (.data_CCMRAM))
                0x08000408                __data_regions_array_end = .
                0x08000408                __bss_regions_array_start = .
                0x08000408        0x4 LONG 0x20000080 ADDR (.bss)
                0x0800040c        0x4 LONG 0x2000bff4 (ADDR (.bss) + SIZEOF (.bss))
                0x08000410        0x4 LONG 0x10000000 ADDR (.bss_CCMRAM)
                0x08000414        0x4 LONG 0x10000000 (ADDR (.bss_CCMRAM) + SIZEOF (.bss_CCMRAM))
                0x08000418                __bss_regions_array_end = .
 *(.init)
 *(.fini)
                0x08000418                . = ALIGN (0x4)
                0x08000418                PROVIDE (__preinit_array_start, .)
 *(.preinit_array_sysinit .preinit_array_sysinit.*)
 *(.preinit_array_platform .preinit_array_platform.*)
 *(.preinit_array .preinit_array.*)
                0x08000418                PROVIDE (__preinit_array_end, .)
                0x08000418                . = ALIGN (0x4)
                0x08000418                PROVIDE (__init_array_start, .)
 *(SORT_BY_NAME(.init_array.*))
 *(.init_array)
                0x08000418                PROVIDE (__init_array_end, .)
                0x08000418                . = ALIGN (0x4)
                0x08000418                PROVIDE (__fini_array_start, .)
 *(SORT_BY_NAME(.fini_array.*))
 *(.fini_array)
                0x08000418                PROVIDE (__fini_array_end, .)

.flashtext
 *(.flashtext .flashtext.*)

.text           0x08000420    0x18e7b
 *(.text .text.*)
 .text.HAL_Init
                0x08000420       0x34 ./system/src/stm32f4-hal/stm32f4xx_hal.o
                0x08000420                HAL_Init
 .text.HAL_IncTick
                0x08000454       0x10 ./system/src/stm32f4-hal/stm32f4xx_hal.o
                0x08000454                HAL_IncTick
 .text.HAL_GetTick
                0x08000464        0xc ./system/src/stm32f4-hal/stm32f4xx_hal.o
                0x08000464                HAL_GetTick
 .text.ADC_Init
                0x08000470      0x158 ./system/src/stm32f4-hal/stm32f4xx_hal_adc.o
 .text.HAL_ADC_Init
                0x080005c8      0x1dc ./system/src/stm32f4-hal/stm32f4xx_hal_adc.o
                0x080005c8                HAL_ADC_Init
 .text.HAL_ADC_Start_DMA
                0x080007a4      0x17c ./system/src/stm32f4-hal/stm32f4xx_hal_adc.o
                0x080007a4                HAL_ADC_Start_DMA
 .text.ADC_DMAConvCplt
                0x08000920       0x62 ./system/src/stm32f4-hal/stm32f4xx_hal_adc.o
 .text.HAL_ADC_ConvHalfCpltCallback
                0x08000982        0x2 ./system/src/stm32f4-hal/stm32f4xx_hal_adc.o
                0x08000982                HAL_ADC_ConvHalfCpltCallback
 .text.ADC_DMAHalfConvCplt
                0x08000984        0xa ./system/src/stm32f4-hal/stm32f4xx_hal_adc.o
 .text.HAL_ADC_LevelOutOfWindowCallback
                0x0800098e        0x2 ./system/src/stm32f4-hal/stm32f4xx_hal_adc.o
                0x0800098e                HAL_ADC_LevelOutOfWindowCallback
 .text.HAL_ADC_ErrorCallback
                0x08000990        0x2 ./system/src/stm32f4-hal/stm32f4xx_hal_adc.o
                0x08000990                HAL_ADC_ErrorCallback
 *fill*         0x08000992        0x2 
 .text.HAL_ADC_IRQHandler
                0x08000994      0x190 ./system/src/stm32f4-hal/stm32f4xx_hal_adc.o
                0x08000994                HAL_ADC_IRQHandler
 .text.ADC_DMAError
                0x08000b24       0x16 ./system/src/stm32f4-hal/stm32f4xx_hal_adc.o
 *fill*         0x08000b3a        0x2 
 .text.HAL_ADC_ConfigChannel
                0x08000b3c      0x1cc ./system/src/stm32f4-hal/stm32f4xx_hal_adc.o
                0x08000b3c                HAL_ADC_ConfigChannel
 .text.HAL_ADCEx_InjectedConvCpltCallback
                0x08000d08        0x2 ./system/src/stm32f4-hal/stm32f4xx_hal_adc_ex.o
                0x08000d08                HAL_ADCEx_InjectedConvCpltCallback
 *fill*         0x08000d0a        0x2 
 .text.HAL_NVIC_SetPriorityGrouping
                0x08000d0c       0x3c ./system/src/stm32f4-hal/stm32f4xx_hal_cortex.o
                0x08000d0c                HAL_NVIC_SetPriorityGrouping
 .text.HAL_NVIC_SetPriority
                0x08000d48       0x8c ./system/src/stm32f4-hal/stm32f4xx_hal_cortex.o
                0x08000d48                HAL_NVIC_SetPriority
 .text.HAL_NVIC_EnableIRQ
                0x08000dd4       0x2c ./system/src/stm32f4-hal/stm32f4xx_hal_cortex.o
                0x08000dd4                HAL_NVIC_EnableIRQ
 .text.HAL_SYSTICK_Config
                0x08000e00       0x2c ./system/src/stm32f4-hal/stm32f4xx_hal_cortex.o
                0x08000e00                HAL_SYSTICK_Config
 .text.HAL_SYSTICK_CLKSourceConfig
                0x08000e2c       0x3c ./system/src/stm32f4-hal/stm32f4xx_hal_cortex.o
                0x08000e2c                HAL_SYSTICK_CLKSourceConfig
 .text.DMA_SetConfig
                0x08000e68       0x2c ./system/src/stm32f4-hal/stm32f4xx_hal_dma.o
 .text.DMA_CalcBaseAndBitshift
                0x08000e94       0x3c ./system/src/stm32f4-hal/stm32f4xx_hal_dma.o
 .text.DMA_CheckFifoParam
                0x08000ed0       0x9e ./system/src/stm32f4-hal/stm32f4xx_hal_dma.o
 *fill*         0x08000f6e        0x2 
 .text.HAL_DMA_Init
                0x08000f70      0x28c ./system/src/stm32f4-hal/stm32f4xx_hal_dma.o
                0x08000f70                HAL_DMA_Init
 .text.HAL_DMA_Start_IT
                0x080011fc       0xa0 ./system/src/stm32f4-hal/stm32f4xx_hal_dma.o
                0x080011fc                HAL_DMA_Start_IT
 .text.HAL_DMA_IRQHandler
                0x0800129c      0x1e4 ./system/src/stm32f4-hal/stm32f4xx_hal_dma.o
                0x0800129c                HAL_DMA_IRQHandler
 .text.HAL_GPIO_Init
                0x08001480      0x2ac ./system/src/stm32f4-hal/stm32f4xx_hal_gpio.o
                0x08001480                HAL_GPIO_Init
 .text.HAL_RCC_OscConfig
                0x0800172c      0x43c ./system/src/stm32f4-hal/stm32f4xx_hal_rcc.o
                0x0800172c                HAL_RCC_OscConfig
 .text.HAL_RCC_GetSysClockFreq
                0x08001b68       0x94 ./system/src/stm32f4-hal/stm32f4xx_hal_rcc.o
                0x08001b68                HAL_RCC_GetSysClockFreq
 .text.HAL_RCC_ClockConfig
                0x08001bfc      0x258 ./system/src/stm32f4-hal/stm32f4xx_hal_rcc.o
                0x08001bfc                HAL_RCC_ClockConfig
 .text.HAL_RCC_GetHCLKFreq
                0x08001e54        0xc ./system/src/stm32f4-hal/stm32f4xx_hal_rcc.o
                0x08001e54                HAL_RCC_GetHCLKFreq
 .text.HAL_RCC_GetPCLK2Freq
                0x08001e60       0x2c ./system/src/stm32f4-hal/stm32f4xx_hal_rcc.o
                0x08001e60                HAL_RCC_GetPCLK2Freq
 .text.HAL_RCC_GetClockConfig
                0x08001e8c       0x3c ./system/src/stm32f4-hal/stm32f4xx_hal_rcc.o
                0x08001e8c                HAL_RCC_GetClockConfig
 .text.TIM_TI1_ConfigInputStage
                0x08001ec8       0x26 ./system/src/stm32f4-hal/stm32f4xx_hal_tim.o
 .text.TIM_TI2_ConfigInputStage
                0x08001eee       0x28 ./system/src/stm32f4-hal/stm32f4xx_hal_tim.o
 .text.TIM_ITRx_SetConfig
                0x08001f16       0x10 ./system/src/stm32f4-hal/stm32f4xx_hal_tim.o
 .text.TIM_ETR_SetConfig
                0x08001f26       0x18 ./system/src/stm32f4-hal/stm32f4xx_hal_tim.o
 *fill*         0x08001f3e        0x2 
 .text.HAL_TIM_Base_Start_IT
                0x08001f40       0x6c ./system/src/stm32f4-hal/stm32f4xx_hal_tim.o
                0x08001f40                HAL_TIM_Base_Start_IT
 .text.HAL_TIM_ConfigClockSource
                0x08001fac      0x4f8 ./system/src/stm32f4-hal/stm32f4xx_hal_tim.o
                0x08001fac                HAL_TIM_ConfigClockSource
 .text.HAL_TIM_OC_DelayElapsedCallback
                0x080024a4        0x2 ./system/src/stm32f4-hal/stm32f4xx_hal_tim.o
                0x080024a4                HAL_TIM_OC_DelayElapsedCallback
 .text.HAL_TIM_IC_CaptureCallback
                0x080024a6        0x2 ./system/src/stm32f4-hal/stm32f4xx_hal_tim.o
                0x080024a6                HAL_TIM_IC_CaptureCallback
 .text.HAL_TIM_PWM_PulseFinishedCallback
                0x080024a8        0x2 ./system/src/stm32f4-hal/stm32f4xx_hal_tim.o
                0x080024a8                HAL_TIM_PWM_PulseFinishedCallback
 .text.HAL_TIM_TriggerCallback
                0x080024aa        0x2 ./system/src/stm32f4-hal/stm32f4xx_hal_tim.o
                0x080024aa                HAL_TIM_TriggerCallback
 .text.HAL_TIM_IRQHandler
                0x080024ac      0x17a ./system/src/stm32f4-hal/stm32f4xx_hal_tim.o
                0x080024ac                HAL_TIM_IRQHandler
 *fill*         0x08002626        0x2 
 .text.TIM_Base_SetConfig
                0x08002628       0x94 ./system/src/stm32f4-hal/stm32f4xx_hal_tim.o
                0x08002628                TIM_Base_SetConfig
 .text.HAL_TIM_Base_Init
                0x080026bc       0xbc ./system/src/stm32f4-hal/stm32f4xx_hal_tim.o
                0x080026bc                HAL_TIM_Base_Init
 .text.HAL_TIMEx_MasterConfigSynchronization
                0x08002778       0xcc ./system/src/stm32f4-hal/stm32f4xx_hal_tim_ex.o
                0x08002778                HAL_TIMEx_MasterConfigSynchronization
 .text.HAL_TIMEx_CommutationCallback
                0x08002844        0x2 ./system/src/stm32f4-hal/stm32f4xx_hal_tim_ex.o
                0x08002844                HAL_TIMEx_CommutationCallback
 .text.HAL_TIMEx_BreakCallback
                0x08002846        0x2 ./system/src/stm32f4-hal/stm32f4xx_hal_tim_ex.o
                0x08002846                HAL_TIMEx_BreakCallback
 .text._exit    0x08002848        0x2 ./system/src/newlib/_exit.o
                0x08002848                _exit
 *fill*         0x0800284a        0x2 
 .text._sbrk    0x0800284c       0x44 ./system/src/newlib/_sbrk.o
                0x0800284c                _sbrk
 .text.__initialize_args
                0x08002890       0x10 ./system/src/newlib/_syscalls.o
                0x08002890                __initialize_args
 .text.trace_printf
                0x080028a0       0x30 ./system/src/diag/Trace.o
                0x080028a0                trace_printf
 .text._trace_write_semihosting_debug
                0x080028d0       0x60 ./system/src/diag/trace_impl.o
 .text.trace_write
                0x08002930        0x8 ./system/src/diag/trace_impl.o
                0x08002930                trace_write
 .text.__initialize_hardware_early
                0x08002938       0x24 ./system/src/cortexm/_initialize_hardware.o
                0x08002938                __initialize_hardware_early
 .text.__initialize_hardware
                0x0800295c        0x8 ./system/src/cortexm/_initialize_hardware.o
                0x0800295c                __initialize_hardware
 .text.dumpExceptionStack
                0x08002964       0xf4 ./system/src/cortexm/exception_handlers.o
                0x08002964                dumpExceptionStack
 .text.isSemihosting
                0x08002a58       0x20 ./system/src/cortexm/exception_handlers.o
                0x08002a58                isSemihosting
 .text.Default_Handler
                0x08002a78        0x2 ./system/src/cmsis/startup_stm32f401xe.o
                0x08002a78                RTC_Alarm_IRQHandler
                0x08002a78                EXTI2_IRQHandler
                0x08002a78                SPI4_IRQHandler
                0x08002a78                TIM1_CC_IRQHandler
                0x08002a78                DMA2_Stream5_IRQHandler
                0x08002a78                DMA1_Stream5_IRQHandler
                0x08002a78                PVD_IRQHandler
                0x08002a78                SDIO_IRQHandler
                0x08002a78                TAMP_STAMP_IRQHandler
                0x08002a78                EXTI3_IRQHandler
                0x08002a78                I2C3_ER_IRQHandler
                0x08002a78                EXTI0_IRQHandler
                0x08002a78                I2C2_EV_IRQHandler
                0x08002a78                DMA1_Stream2_IRQHandler
                0x08002a78                FPU_IRQHandler
                0x08002a78                DMA2_Stream2_IRQHandler
                0x08002a78                SPI1_IRQHandler
                0x08002a78                TIM1_BRK_TIM9_IRQHandler
                0x08002a78                DMA2_Stream3_IRQHandler
                0x08002a78                USART6_IRQHandler
                0x08002a78                TIM4_IRQHandler
                0x08002a78                I2C1_EV_IRQHandler
                0x08002a78                DMA1_Stream6_IRQHandler
                0x08002a78                DMA1_Stream1_IRQHandler
                0x08002a78                TIM3_IRQHandler
                0x08002a78                RCC_IRQHandler
                0x08002a78                Default_Handler
                0x08002a78                EXTI15_10_IRQHandler
                0x08002a78                DMA1_Stream7_IRQHandler
                0x08002a78                TIM5_IRQHandler
                0x08002a78                DMA2_Stream7_IRQHandler
                0x08002a78                I2C3_EV_IRQHandler
                0x08002a78                EXTI9_5_IRQHandler
                0x08002a78                RTC_WKUP_IRQHandler
                0x08002a78                SPI2_IRQHandler
                0x08002a78                DMA1_Stream0_IRQHandler
                0x08002a78                EXTI4_IRQHandler
                0x08002a78                WWDG_IRQHandler
                0x08002a78                OTG_FS_WKUP_IRQHandler
                0x08002a78                TIM1_TRG_COM_TIM11_IRQHandler
                0x08002a78                EXTI1_IRQHandler
                0x08002a78                USART2_IRQHandler
                0x08002a78                I2C2_ER_IRQHandler
                0x08002a78                DMA2_Stream1_IRQHandler
                0x08002a78                FLASH_IRQHandler
                0x08002a78                DMA2_Stream4_IRQHandler
                0x08002a78                USART1_IRQHandler
                0x08002a78                OTG_FS_IRQHandler
                0x08002a78                SPI3_IRQHandler
                0x08002a78                DMA1_Stream4_IRQHandler
                0x08002a78                I2C1_ER_IRQHandler
                0x08002a78                DMA2_Stream6_IRQHandler
                0x08002a78                DMA1_Stream3_IRQHandler
 *fill*         0x08002a7a        0x2 
 .text.SystemInit
                0x08002a7c       0x4c ./system/src/cmsis/system_stm32f4xx.o
                0x08002a7c                SystemInit
 .text.SystemCoreClockUpdate
                0x08002ac8       0xa0 ./system/src/cmsis/system_stm32f4xx.o
                0x08002ac8                SystemCoreClockUpdate
 .text          0x08002b68       0xc0 ./src/TransformFunctions/arm_bitreversal2.o
                0x08002b68                arm_bitreversal_32
                0x08002bd2                arm_bitreversal_16
 .text.arm_cfft_radix8by2_f32
                0x08002c28      0x18c ./src/TransformFunctions/arm_cfft_f32.o
                0x08002c28                arm_cfft_radix8by2_f32
 .text.arm_cfft_radix8by4_f32
                0x08002db4      0x464 ./src/TransformFunctions/arm_cfft_f32.o
                0x08002db4                arm_cfft_radix8by4_f32
 .text.arm_cfft_f32
                0x08003218       0xdc ./src/TransformFunctions/arm_cfft_f32.o
                0x08003218                arm_cfft_f32
 .text.arm_radix8_butterfly_f32
                0x080032f4      0x594 ./src/TransformFunctions/arm_cfft_radix8_f32.o
                0x080032f4                arm_radix8_butterfly_f32
 .text.stage_rfft_f32
                0x08003888       0xba ./src/TransformFunctions/arm_rfft_fast_f32.o
                0x08003888                stage_rfft_f32
 .text.merge_rfft_f32
                0x08003942       0xb6 ./src/TransformFunctions/arm_rfft_fast_f32.o
                0x08003942                merge_rfft_f32
 .text.arm_rfft_fast_f32
                0x080039f8       0x3a ./src/TransformFunctions/arm_rfft_fast_f32.o
                0x080039f8                arm_rfft_fast_f32
 *fill*         0x08003a32        0x2 
 .text.arm_rfft_fast_init_f32
                0x08003a34      0x140 ./src/TransformFunctions/arm_rfft_fast_init_f32.o
                0x08003a34                arm_rfft_fast_init_f32
 .text.arm_sqrt_q15
                0x08003b74       0xec ./src/FastMathFunctions/arm_sqrt_q15.o
                0x08003b74                arm_sqrt_q15
 .text.arm_cmplx_mag_q15
                0x08003c60       0x3a ./src/ComplexMathFunctions/arm_cmplx_mag_q15.o
                0x08003c60                arm_cmplx_mag_q15
 .text.FIRFilter_init
                0x08003c9a       0x16 ./src/FIRFilter.o
                0x08003c9a                FIRFilter_init
 .text.FIRFilter_put
                0x08003cb0       0x16 ./src/FIRFilter.o
                0x08003cb0                FIRFilter_put
 *fill*         0x08003cc6        0x2 
 .text.FIRFilter_get
                0x08003cc8       0xdc ./src/FIRFilter.o
                0x08003cc8                FIRFilter_get
 .text.get_average
                0x08003da4       0x26 ./src/dsp_func.o
                0x08003da4                get_average
 .text.sub_average
                0x08003dca       0x20 ./src/dsp_func.o
                0x08003dca                sub_average
 .text.apply_filter
                0x08003dea       0x4a ./src/dsp_func.o
                0x08003dea                apply_filter
 .text.apply_window
                0x08003e34       0x50 ./src/dsp_func.o
                0x08003e34                apply_window
 .text.apply_fft
                0x08003e84       0x34 ./src/dsp_func.o
                0x08003e84                apply_fft
 .text.MX_GPIO_Init
                0x08003eb8       0xcc ./src/main.o
 .text.MX_DMA_Init
                0x08003f84       0x34 ./src/main.o
 .text.StartIndicatorTask
                0x08003fb8        0xc ./src/main.o
                0x08003fb8                StartIndicatorTask
 .text.HAL_TIM_PeriodElapsedCallback
                0x08003fc4       0x18 ./src/main.o
                0x08003fc4                HAL_TIM_PeriodElapsedCallback
 .text.assign_work
                0x08003fdc        0xc ./src/main.o
                0x08003fdc                assign_work
 .text.HAL_ADC_ConvCpltCallback
                0x08003fe8       0x44 ./src/main.o
                0x08003fe8                HAL_ADC_ConvCpltCallback
 .text.get_work
                0x0800402c        0xc ./src/main.o
                0x0800402c                get_work
 .text.StartADCTask
                0x08004038       0x78 ./src/main.o
                0x08004038                StartADCTask
 .text._Error_Handler
                0x080040b0        0x2 ./src/main.o
                0x080040b0                _Error_Handler
 *fill*         0x080040b2        0x2 
 .text.MX_ADC1_Init
                0x080040b4       0x70 ./src/main.o
 .text.MX_TIM2_Init
                0x08004124       0x70 ./src/main.o
 .text.SystemClock_Config
                0x08004194       0xc0 ./src/main.o
                0x08004194                SystemClock_Config
 .text.main     0x08004254       0x60 ./src/main.o
                0x08004254                main
 .text.assert_failed
                0x080042b4        0x2 ./src/main.o
                0x080042b4                assert_failed
 .text.HAL_MspInit
                0x080042b6       0x5e ./src/stm32f4xx_hal_msp.o
                0x080042b6                HAL_MspInit
 .text.HAL_ADC_MspInit
                0x08004314       0xa4 ./src/stm32f4xx_hal_msp.o
                0x08004314                HAL_ADC_MspInit
 .text.HAL_TIM_Base_MspInit
                0x080043b8       0x3c ./src/stm32f4xx_hal_msp.o
                0x080043b8                HAL_TIM_Base_MspInit
 .text.HAL_InitTick
                0x080043f4       0x78 ./src/stm32f4xx_hal_timebase_TIM.o
                0x080043f4                HAL_InitTick
 .text.NMI_Handler
                0x0800446c        0x2 ./src/stm32f4xx_it.o
                0x0800446c                NMI_Handler
 .text.HardFault_Handler
                0x0800446e        0x2 ./src/stm32f4xx_it.o
                0x0800446e                HardFault_Handler
 .text.MemManage_Handler
                0x08004470        0x2 ./src/stm32f4xx_it.o
                0x08004470                MemManage_Handler
 .text.BusFault_Handler
                0x08004472        0x2 ./src/stm32f4xx_it.o
                0x08004472                BusFault_Handler
 .text.UsageFault_Handler
                0x08004474        0x2 ./src/stm32f4xx_it.o
                0x08004474                UsageFault_Handler
 .text.DebugMon_Handler
                0x08004476        0x2 ./src/stm32f4xx_it.o
                0x08004476                DebugMon_Handler
 .text.SysTick_Handler
                0x08004478        0x8 ./src/stm32f4xx_it.o
                0x08004478                SysTick_Handler
 .text.ADC_IRQHandler
                0x08004480       0x10 ./src/stm32f4xx_it.o
                0x08004480                ADC_IRQHandler
 .text.TIM1_UP_TIM10_IRQHandler
                0x08004490       0x10 ./src/stm32f4xx_it.o
                0x08004490                TIM1_UP_TIM10_IRQHandler
 .text.TIM2_IRQHandler
                0x080044a0       0x2c ./src/stm32f4xx_it.o
                0x080044a0                TIM2_IRQHandler
 .text.DMA2_Stream0_IRQHandler
                0x080044cc       0x10 ./src/stm32f4xx_it.o
                0x080044cc                DMA2_Stream0_IRQHandler
 .text.prvHeapInit
                0x080044dc       0x64 ./Middlewares/Third_Party/FreeRTOS/Source/portable/MemMang/heap_4.o
 .text.prvInsertBlockIntoFreeList
                0x08004540       0x58 ./Middlewares/Third_Party/FreeRTOS/Source/portable/MemMang/heap_4.o
 .text.pvPortMalloc
                0x08004598      0x108 ./Middlewares/Third_Party/FreeRTOS/Source/portable/MemMang/heap_4.o
                0x08004598                pvPortMalloc
 .text.vPortFree
                0x080046a0       0x70 ./Middlewares/Third_Party/FreeRTOS/Source/portable/MemMang/heap_4.o
                0x080046a0                vPortFree
 .text.prvTaskExitError
                0x08004710       0x34 ./Middlewares/Third_Party/FreeRTOS/Source/portable/GCC/ARM_CM4F/port.o
 .text.prvPortStartFirstTask
                0x08004744       0x20 ./Middlewares/Third_Party/FreeRTOS/Source/portable/GCC/ARM_CM4F/port.o
 .text.vPortEnableVFP
                0x08004764       0x14 ./Middlewares/Third_Party/FreeRTOS/Source/portable/GCC/ARM_CM4F/port.o
 .text.pxPortInitialiseStack
                0x08004778       0x2c ./Middlewares/Third_Party/FreeRTOS/Source/portable/GCC/ARM_CM4F/port.o
                0x08004778                pxPortInitialiseStack
 *fill*         0x080047a4        0xc 
 .text.SVC_Handler
                0x080047b0       0x24 ./Middlewares/Third_Party/FreeRTOS/Source/portable/GCC/ARM_CM4F/port.o
                0x080047b0                SVC_Handler
 .text.vPortEnterCritical
                0x080047d4       0x44 ./Middlewares/Third_Party/FreeRTOS/Source/portable/GCC/ARM_CM4F/port.o
                0x080047d4                vPortEnterCritical
 .text.vPortExitCritical
                0x08004818       0x2c ./Middlewares/Third_Party/FreeRTOS/Source/portable/GCC/ARM_CM4F/port.o
                0x08004818                vPortExitCritical
 *fill*         0x08004844        0xc 
 .text.PendSV_Handler
                0x08004850       0x64 ./Middlewares/Third_Party/FreeRTOS/Source/portable/GCC/ARM_CM4F/port.o
                0x08004850                PendSV_Handler
 .text.xPortSysTickHandler
                0x080048b4       0x2c ./Middlewares/Third_Party/FreeRTOS/Source/portable/GCC/ARM_CM4F/port.o
                0x080048b4                xPortSysTickHandler
 .text.vPortSetupTimerInterrupt
                0x080048e0       0x2c ./Middlewares/Third_Party/FreeRTOS/Source/portable/GCC/ARM_CM4F/port.o
                0x080048e0                vPortSetupTimerInterrupt
 .text.xPortStartScheduler
                0x0800490c       0xec ./Middlewares/Third_Party/FreeRTOS/Source/portable/GCC/ARM_CM4F/port.o
                0x0800490c                xPortStartScheduler
 .text.makeFreeRtosPriority
                0x080049f8        0xc ./Middlewares/Third_Party/FreeRTOS/Source/CMSIS_RTOS/cmsis_os.o
 .text.osKernelStart
                0x08004a04        0xa ./Middlewares/Third_Party/FreeRTOS/Source/CMSIS_RTOS/cmsis_os.o
                0x08004a04                osKernelStart
 .text.osThreadCreate
                0x08004a0e       0x34 ./Middlewares/Third_Party/FreeRTOS/Source/CMSIS_RTOS/cmsis_os.o
                0x08004a0e                osThreadCreate
 .text.osDelay  0x08004a42       0x12 ./Middlewares/Third_Party/FreeRTOS/Source/CMSIS_RTOS/cmsis_os.o
                0x08004a42                osDelay
 .text.osSystickHandler
                0x08004a54       0x10 ./Middlewares/Third_Party/FreeRTOS/Source/CMSIS_RTOS/cmsis_os.o
                0x08004a54                osSystickHandler
 .text.vListInitialise
                0x08004a64       0x16 ./Middlewares/Third_Party/FreeRTOS/Source/list.o
                0x08004a64                vListInitialise
 .text.vListInitialiseItem
                0x08004a7a        0x6 ./Middlewares/Third_Party/FreeRTOS/Source/list.o
                0x08004a7a                vListInitialiseItem
 .text.vListInsertEnd
                0x08004a80       0x18 ./Middlewares/Third_Party/FreeRTOS/Source/list.o
                0x08004a80                vListInsertEnd
 .text.vListInsert
                0x08004a98       0x34 ./Middlewares/Third_Party/FreeRTOS/Source/list.o
                0x08004a98                vListInsert
 .text.uxListRemove
                0x08004acc       0x26 ./Middlewares/Third_Party/FreeRTOS/Source/list.o
                0x08004acc                uxListRemove
 *fill*         0x08004af2        0x2 
 .text.prvResetNextTaskUnblockTime
                0x08004af4       0x2c ./Middlewares/Third_Party/FreeRTOS/Source/tasks.o
 .text.prvDeleteTCB
                0x08004b20       0x12 ./Middlewares/Third_Party/FreeRTOS/Source/tasks.o
 .text.prvInitialiseNewTask
                0x08004b32       0x80 ./Middlewares/Third_Party/FreeRTOS/Source/tasks.o
 *fill*         0x08004bb2        0x2 
 .text.prvInitialiseTaskLists
                0x08004bb4       0x68 ./Middlewares/Third_Party/FreeRTOS/Source/tasks.o
 .text.prvAddNewTaskToReadyList
                0x08004c1c       0xa8 ./Middlewares/Third_Party/FreeRTOS/Source/tasks.o
 .text.prvAddCurrentTaskToDelayedList
                0x08004cc4       0x98 ./Middlewares/Third_Party/FreeRTOS/Source/tasks.o
 .text.xTaskCreate
                0x08004d5c       0x62 ./Middlewares/Third_Party/FreeRTOS/Source/tasks.o
                0x08004d5c                xTaskCreate
 *fill*         0x08004dbe        0x2 
 .text.vTaskStartScheduler
                0x08004dc0       0x7c ./Middlewares/Third_Party/FreeRTOS/Source/tasks.o
                0x08004dc0                vTaskStartScheduler
 .text.vTaskSuspendAll
                0x08004e3c       0x10 ./Middlewares/Third_Party/FreeRTOS/Source/tasks.o
                0x08004e3c                vTaskSuspendAll
 .text.xTaskIncrementTick
                0x08004e4c      0x118 ./Middlewares/Third_Party/FreeRTOS/Source/tasks.o
                0x08004e4c                xTaskIncrementTick
 .text.xTaskResumeAll
                0x08004f64       0xf4 ./Middlewares/Third_Party/FreeRTOS/Source/tasks.o
                0x08004f64                xTaskResumeAll
 .text.vTaskDelay
                0x08005058       0x4c ./Middlewares/Third_Party/FreeRTOS/Source/tasks.o
                0x08005058                vTaskDelay
 .text.prvCheckTasksWaitingTermination
                0x080050a4       0x5c ./Middlewares/Third_Party/FreeRTOS/Source/tasks.o
 .text.prvIdleTask
                0x08005100       0x28 ./Middlewares/Third_Party/FreeRTOS/Source/tasks.o
 .text.vTaskSwitchContext
                0x08005128       0x98 ./Middlewares/Third_Party/FreeRTOS/Source/tasks.o
                0x08005128                vTaskSwitchContext
 .text.xTaskGetSchedulerState
                0x080051c0       0x20 ./Middlewares/Third_Party/FreeRTOS/Source/tasks.o
                0x080051c0                xTaskGetSchedulerState
 .text.abs      0x080051e0        0x8 c:/users/niokr/appdata/roaming/gnu tools arm embedded/7 2017-q4-major/bin/../lib/gcc/arm-none-eabi/7.2.1/../../../../arm-none-eabi/lib/thumb/v7e-m/fpv4-sp/hard\libg_nano.a(lib_a-abs.o)
                0x080051e0                abs
 .text.__errno  0x080051e8        0xc c:/users/niokr/appdata/roaming/gnu tools arm embedded/7 2017-q4-major/bin/../lib/gcc/arm-none-eabi/7.2.1/../../../../arm-none-eabi/lib/thumb/v7e-m/fpv4-sp/hard\libg_nano.a(lib_a-errno.o)
                0x080051e8                __errno
 .text.memcpy   0x080051f4       0x16 c:/users/niokr/appdata/roaming/gnu tools arm embedded/7 2017-q4-major/bin/../lib/gcc/arm-none-eabi/7.2.1/../../../../arm-none-eabi/lib/thumb/v7e-m/fpv4-sp/hard\libg_nano.a(lib_a-memcpy-stub.o)
                0x080051f4                memcpy
 .text._vsnprintf_r
                0x0800520a       0x58 c:/users/niokr/appdata/roaming/gnu tools arm embedded/7 2017-q4-major/bin/../lib/gcc/arm-none-eabi/7.2.1/../../../../arm-none-eabi/lib/thumb/v7e-m/fpv4-sp/hard\libg_nano.a(lib_a-vsnprintf.o)
                0x0800520a                _vsniprintf_r
                0x0800520a                _vsnprintf_r
 *fill*         0x08005262        0x2 
 .text.vsnprintf
                0x08005264       0x1c c:/users/niokr/appdata/roaming/gnu tools arm embedded/7 2017-q4-major/bin/../lib/gcc/arm-none-eabi/7.2.1/../../../../arm-none-eabi/lib/thumb/v7e-m/fpv4-sp/hard\libg_nano.a(lib_a-vsnprintf.o)
                0x08005264                vsniprintf
                0x08005264                vsnprintf
 .text.__ssputs_r
                0x08005280       0xb4 c:/users/niokr/appdata/roaming/gnu tools arm embedded/7 2017-q4-major/bin/../lib/gcc/arm-none-eabi/7.2.1/../../../../arm-none-eabi/lib/thumb/v7e-m/fpv4-sp/hard\libg_nano.a(lib_a-nano-svfprintf.o)
                0x08005280                __ssputs_r
 .text._svfprintf_r
                0x08005334      0x1ec c:/users/niokr/appdata/roaming/gnu tools arm embedded/7 2017-q4-major/bin/../lib/gcc/arm-none-eabi/7.2.1/../../../../arm-none-eabi/lib/thumb/v7e-m/fpv4-sp/hard\libg_nano.a(lib_a-nano-svfprintf.o)
                0x08005334                _svfiprintf_r
                0x08005334                _svfprintf_r
 .text._printf_common
                0x08005520       0xea c:/users/niokr/appdata/roaming/gnu tools arm embedded/7 2017-q4-major/bin/../lib/gcc/arm-none-eabi/7.2.1/../../../../arm-none-eabi/lib/thumb/v7e-m/fpv4-sp/hard\libg_nano.a(lib_a-nano-vfprintf_i.o)
                0x08005520                _printf_common
 *fill*         0x0800560a        0x2 
 .text._printf_i
                0x0800560c      0x224 c:/users/niokr/appdata/roaming/gnu tools arm embedded/7 2017-q4-major/bin/../lib/gcc/arm-none-eabi/7.2.1/../../../../arm-none-eabi/lib/thumb/v7e-m/fpv4-sp/hard\libg_nano.a(lib_a-nano-vfprintf_i.o)
                0x0800560c                _printf_i
 .text          0x08005830       0xa0 c:/users/niokr/appdata/roaming/gnu tools arm embedded/7 2017-q4-major/bin/../lib/gcc/arm-none-eabi/7.2.1/../../../../arm-none-eabi/lib/thumb/v7e-m/fpv4-sp/hard\libg_nano.a(lib_a-memchr.o)
                0x08005830                memchr
 .text.memmove  0x080058d0       0x32 c:/users/niokr/appdata/roaming/gnu tools arm embedded/7 2017-q4-major/bin/../lib/gcc/arm-none-eabi/7.2.1/../../../../arm-none-eabi/lib/thumb/v7e-m/fpv4-sp/hard\libg_nano.a(lib_a-memmove.o)
                0x080058d0                memmove
 *fill*         0x08005902        0x2 
 .text._free_r  0x08005904       0x9c c:/users/niokr/appdata/roaming/gnu tools arm embedded/7 2017-q4-major/bin/../lib/gcc/arm-none-eabi/7.2.1/../../../../arm-none-eabi/lib/thumb/v7e-m/fpv4-sp/hard\libg_nano.a(lib_a-nano-freer.o)
                0x08005904                _free_r
 .text._malloc_r
                0x080059a0       0xb4 c:/users/niokr/appdata/roaming/gnu tools arm embedded/7 2017-q4-major/bin/../lib/gcc/arm-none-eabi/7.2.1/../../../../arm-none-eabi/lib/thumb/v7e-m/fpv4-sp/hard\libg_nano.a(lib_a-nano-mallocr.o)
                0x080059a0                _malloc_r
 .text._realloc_r
                0x08005a54       0x4c c:/users/niokr/appdata/roaming/gnu tools arm embedded/7 2017-q4-major/bin/../lib/gcc/arm-none-eabi/7.2.1/../../../../arm-none-eabi/lib/thumb/v7e-m/fpv4-sp/hard\libg_nano.a(lib_a-nano-reallocr.o)
                0x08005a54                _realloc_r
 .text._sbrk_r  0x08005aa0       0x20 c:/users/niokr/appdata/roaming/gnu tools arm embedded/7 2017-q4-major/bin/../lib/gcc/arm-none-eabi/7.2.1/../../../../arm-none-eabi/lib/thumb/v7e-m/fpv4-sp/hard\libg_nano.a(lib_a-sbrkr.o)
                0x08005aa0                _sbrk_r
 .text.__malloc_lock
                0x08005ac0        0x2 c:/users/niokr/appdata/roaming/gnu tools arm embedded/7 2017-q4-major/bin/../lib/gcc/arm-none-eabi/7.2.1/../../../../arm-none-eabi/lib/thumb/v7e-m/fpv4-sp/hard\libg_nano.a(lib_a-mlock.o)
                0x08005ac0                __malloc_lock
 .text.__malloc_unlock
                0x08005ac2        0x2 c:/users/niokr/appdata/roaming/gnu tools arm embedded/7 2017-q4-major/bin/../lib/gcc/arm-none-eabi/7.2.1/../../../../arm-none-eabi/lib/thumb/v7e-m/fpv4-sp/hard\libg_nano.a(lib_a-mlock.o)
                0x08005ac2                __malloc_unlock
 .text._malloc_usable_size_r
                0x08005ac4       0x10 c:/users/niokr/appdata/roaming/gnu tools arm embedded/7 2017-q4-major/bin/../lib/gcc/arm-none-eabi/7.2.1/../../../../arm-none-eabi/lib/thumb/v7e-m/fpv4-sp/hard\libg_nano.a(lib_a-nano-msizer.o)
                0x08005ac4                _malloc_usable_size_r
 *(.rodata .rodata.* .constdata .constdata.*)
 .rodata.ADC_Init.str1.4
                0x08005ad4       0x2e ./system/src/stm32f4-hal/stm32f4xx_hal_adc.o
 *fill*         0x08005b02        0x2 
 .rodata.HAL_NVIC_SetPriorityGrouping.str1.4
                0x08005b04       0x31 ./system/src/stm32f4-hal/stm32f4xx_hal_cortex.o
 *fill*         0x08005b35        0x3 
 .rodata.HAL_DMA_Init.str1.4
                0x08005b38       0x2e ./system/src/stm32f4-hal/stm32f4xx_hal_dma.o
 *fill*         0x08005b66        0x2 
 .rodata.flagBitshiftOffset.11224
                0x08005b68        0x8 ./system/src/stm32f4-hal/stm32f4xx_hal_dma.o
 .rodata.HAL_GPIO_Init.str1.4
                0x08005b70       0x2f ./system/src/stm32f4-hal/stm32f4xx_hal_gpio.o
 *fill*         0x08005b9f        0x1 
 .rodata.APBAHBPrescTable
                0x08005ba0       0x10 ./system/src/stm32f4-hal/stm32f4xx_hal_rcc.o
                0x08005ba0                APBAHBPrescTable
 .rodata.HAL_RCC_OscConfig.str1.4
                0x08005bb0       0x2e ./system/src/stm32f4-hal/stm32f4xx_hal_rcc.o
 *fill*         0x08005bde        0x2 
 .rodata.TIM_OC3_SetConfig.str1.4
                0x08005be0       0x2e ./system/src/stm32f4-hal/stm32f4xx_hal_tim.o
 *fill*         0x08005c0e        0x2 
 .rodata.TIM_CCxNChannelCmd.str1.4
                0x08005c10       0x31 ./system/src/stm32f4-hal/stm32f4xx_hal_tim_ex.o
 *fill*         0x08005c41        0x3 
 .rodata.dumpExceptionStack.str1.4
                0x08005c44      0x11a ./system/src/cortexm/exception_handlers.o
 *fill*         0x08005d5e        0x2 
 .rodata.str1.4
                0x08005d60       0x2a ./system/src/cortexm/exception_handlers.o
 *fill*         0x08005d8a        0x2 
 .rodata.AHBPrescTable
                0x08005d8c       0x10 ./system/src/cmsis/system_stm32f4xx.o
                0x08005d8c                AHBPrescTable
 .rodata.armBitRevIndexTable1024
                0x08005d9c      0xe10 ./src/CommonTables/arm_common_tables.o
                0x08005d9c                armBitRevIndexTable1024
 .rodata.armBitRevIndexTable128
                0x08006bac      0x1a0 ./src/CommonTables/arm_common_tables.o
                0x08006bac                armBitRevIndexTable128
 .rodata.armBitRevIndexTable16
                0x08006d4c       0x28 ./src/CommonTables/arm_common_tables.o
                0x08006d4c                armBitRevIndexTable16
 .rodata.armBitRevIndexTable2048
                0x08006d74     0x1dc0 ./src/CommonTables/arm_common_tables.o
                0x08006d74                armBitRevIndexTable2048
 .rodata.armBitRevIndexTable256
                0x08008b34      0x370 ./src/CommonTables/arm_common_tables.o
                0x08008b34                armBitRevIndexTable256
 .rodata.armBitRevIndexTable32
                0x08008ea4       0x60 ./src/CommonTables/arm_common_tables.o
                0x08008ea4                armBitRevIndexTable32
 .rodata.armBitRevIndexTable512
                0x08008f04      0x380 ./src/CommonTables/arm_common_tables.o
                0x08008f04                armBitRevIndexTable512
 .rodata.armBitRevIndexTable64
                0x08009284       0x70 ./src/CommonTables/arm_common_tables.o
                0x08009284                armBitRevIndexTable64
 .rodata.twiddleCoef_1024
                0x080092f4     0x2000 ./src/CommonTables/arm_common_tables.o
                0x080092f4                twiddleCoef_1024
 .rodata.twiddleCoef_128
                0x0800b2f4      0x400 ./src/CommonTables/arm_common_tables.o
                0x0800b2f4                twiddleCoef_128
 .rodata.twiddleCoef_16
                0x0800b6f4       0x80 ./src/CommonTables/arm_common_tables.o
                0x0800b6f4                twiddleCoef_16
 .rodata.twiddleCoef_2048
                0x0800b774     0x4000 ./src/CommonTables/arm_common_tables.o
                0x0800b774                twiddleCoef_2048
 .rodata.twiddleCoef_256
                0x0800f774      0x800 ./src/CommonTables/arm_common_tables.o
                0x0800f774                twiddleCoef_256
 .rodata.twiddleCoef_32
                0x0800ff74      0x100 ./src/CommonTables/arm_common_tables.o
                0x0800ff74                twiddleCoef_32
 .rodata.twiddleCoef_512
                0x08010074     0x1000 ./src/CommonTables/arm_common_tables.o
                0x08010074                twiddleCoef_512
 .rodata.twiddleCoef_64
                0x08011074      0x200 ./src/CommonTables/arm_common_tables.o
                0x08011074                twiddleCoef_64
 .rodata.twiddleCoef_rfft_1024
                0x08011274     0x1000 ./src/CommonTables/arm_common_tables.o
                0x08011274                twiddleCoef_rfft_1024
 .rodata.twiddleCoef_rfft_128
                0x08012274      0x200 ./src/CommonTables/arm_common_tables.o
                0x08012274                twiddleCoef_rfft_128
 .rodata.twiddleCoef_rfft_2048
                0x08012474     0x2000 ./src/CommonTables/arm_common_tables.o
                0x08012474                twiddleCoef_rfft_2048
 .rodata.twiddleCoef_rfft_256
                0x08014474      0x400 ./src/CommonTables/arm_common_tables.o
                0x08014474                twiddleCoef_rfft_256
 .rodata.twiddleCoef_rfft_32
                0x08014874       0x80 ./src/CommonTables/arm_common_tables.o
                0x08014874                twiddleCoef_rfft_32
 .rodata.twiddleCoef_rfft_4096
                0x080148f4     0x4000 ./src/CommonTables/arm_common_tables.o
                0x080148f4                twiddleCoef_rfft_4096
 .rodata.twiddleCoef_rfft_512
                0x080188f4      0x800 ./src/CommonTables/arm_common_tables.o
                0x080188f4                twiddleCoef_rfft_512
 .rodata.twiddleCoef_rfft_64
                0x080190f4      0x100 ./src/CommonTables/arm_common_tables.o
                0x080190f4                twiddleCoef_rfft_64
 .rodata        0x080191f4       0x28 ./src/main.o
 .rodata.MX_ADC1_Init.str1.4
                0x0801921c        0xe ./src/main.o
 *fill*         0x0801922a        0x2 
 .rodata.str1.4
                0x0801922c       0x18 ./src/main.o
 .rodata.HAL_ADC_MspInit.str1.4
                0x08019244       0x1b ./src/stm32f4xx_hal_msp.o
 *fill*         0x0801925f        0x1 
 .rodata.vTaskStartScheduler.str1.4
                0x08019260        0x8 ./Middlewares/Third_Party/FreeRTOS/Source/tasks.o
                                  0x5 (size before relaxing)
 .rodata._svfprintf_r.str1.1
                0x08019268       0x11 c:/users/niokr/appdata/roaming/gnu tools arm embedded/7 2017-q4-major/bin/../lib/gcc/arm-none-eabi/7.2.1/../../../../arm-none-eabi/lib/thumb/v7e-m/fpv4-sp/hard\libg_nano.a(lib_a-nano-svfprintf.o)
 .rodata._printf_i.str1.1
                0x08019279       0x22 c:/users/niokr/appdata/roaming/gnu tools arm embedded/7 2017-q4-major/bin/../lib/gcc/arm-none-eabi/7.2.1/../../../../arm-none-eabi/lib/thumb/v7e-m/fpv4-sp/hard\libg_nano.a(lib_a-nano-vfprintf_i.o)
 *(vtable)
 *(.eh_frame*)
 *(.glue_7)
 .glue_7        0x0801929b        0x0 linker stubs
 *(.glue_7t)
 .glue_7t       0x0801929b        0x0 linker stubs

.vfp11_veneer   0x0801929c        0x0
 .vfp11_veneer  0x0801929c        0x0 linker stubs

.v4_bx          0x0801929c        0x0
 .v4_bx         0x0801929c        0x0 linker stubs

.iplt           0x0801929c        0x0
 .iplt          0x0801929c        0x0 ./system/src/stm32f4-hal/stm32f4xx_hal.o

.rel.dyn        0x0801929c        0x0
 .rel.iplt      0x0801929c        0x0 ./system/src/stm32f4-hal/stm32f4xx_hal.o

.ARM.extab
 *(.ARM.extab* .gnu.linkonce.armextab.*)
                0x0801929c                . = ALIGN (0x4)
                0x0801929c                __exidx_start = .

.ARM.exidx
 *(.ARM.exidx* .gnu.linkonce.armexidx.*)
                0x0801929c                __exidx_end = .
                0x0801929c                . = ALIGN (0x4)
                0x0801929c                _etext = .
                0x0801929c                __etext = .

.data_CCMRAM    0x10000000        0x0 load address 0x0801929c
 FILL mask 0xff
 *(.data.CCMRAM .data.CCMRAM.*)
                0x10000000                . = ALIGN (0x4)
                0x0801929c                _sidata = LOADADDR (.data)

.data           0x20000000       0x80 load address 0x0801929c
 FILL mask 0xff
                0x20000000                _sdata = .
                0x20000000                __data_start__ = .
 *(.data_begin .data_begin.*)
 .data_begin    0x20000000        0x4 ./system/src/newlib/_startup.o
 *(.data .data.*)
 .data.argv.5585
                0x20000004        0x8 ./system/src/newlib/_syscalls.o
 .data.SystemCoreClock
                0x2000000c        0x4 ./system/src/cmsis/system_stm32f4xx.o
                0x2000000c                SystemCoreClock
 .data.work_with
                0x20000010        0x1 ./src/main.o
                0x20000010                work_with
 *fill*         0x20000011        0x3 ff
 .data.uxCriticalNesting
                0x20000014        0x4 ./Middlewares/Third_Party/FreeRTOS/Source/portable/GCC/ARM_CM4F/port.o
 .data._impure_ptr
                0x20000018        0x4 c:/users/niokr/appdata/roaming/gnu tools arm embedded/7 2017-q4-major/bin/../lib/gcc/arm-none-eabi/7.2.1/../../../../arm-none-eabi/lib/thumb/v7e-m/fpv4-sp/hard\libg_nano.a(lib_a-impure.o)
                0x20000018                _impure_ptr
 .data.impure_data
                0x2000001c       0x60 c:/users/niokr/appdata/roaming/gnu tools arm embedded/7 2017-q4-major/bin/../lib/gcc/arm-none-eabi/7.2.1/../../../../arm-none-eabi/lib/thumb/v7e-m/fpv4-sp/hard\libg_nano.a(lib_a-impure.o)
 *(.data_end .data_end.*)
 .data_end      0x2000007c        0x4 ./system/src/newlib/_startup.o
                0x20000080                . = ALIGN (0x4)
                0x20000080                _edata = .
                0x20000080                __data_end__ = .

.igot.plt       0x20000080        0x0 load address 0x0801931c
 .igot.plt      0x20000080        0x0 ./system/src/stm32f4-hal/stm32f4xx_hal.o

.bss_CCMRAM     0x10000000        0x0
 *(.bss.CCMRAM .bss.CCMRAM.*)

.bss            0x20000080     0xbf74
                0x20000080                __bss_start__ = .
                0x20000080                _sbss = .
 *(.bss_begin .bss_begin.*)
 .bss_begin     0x20000080        0x4 ./system/src/newlib/_startup.o
 *(.bss .bss.*)
 .bss.current_heap_end.5236
                0x20000084        0x4 ./system/src/newlib/_sbrk.o
 .bss.name.5584
                0x20000088        0x1 ./system/src/newlib/_syscalls.o
 *fill*         0x20000089        0x3 
 .bss.buf.6480  0x2000008c       0x80 ./system/src/diag/Trace.o
 .bss.adc_counter
                0x2000010c        0x4 ./src/main.o
                0x2000010c                adc_counter
 .bss.average   0x20000110        0x4 ./src/main.o
                0x20000110                average
 .bss.pxEnd     0x20000114        0x4 ./Middlewares/Third_Party/FreeRTOS/Source/portable/MemMang/heap_4.o
 .bss.ucHeap    0x20000118     0x3c00 ./Middlewares/Third_Party/FreeRTOS/Source/portable/MemMang/heap_4.o
 .bss.xBlockAllocatedBit
                0x20003d18        0x4 ./Middlewares/Third_Party/FreeRTOS/Source/portable/MemMang/heap_4.o
 .bss.xFreeBytesRemaining
                0x20003d1c        0x4 ./Middlewares/Third_Party/FreeRTOS/Source/portable/MemMang/heap_4.o
 .bss.xMinimumEverFreeBytesRemaining
                0x20003d20        0x4 ./Middlewares/Third_Party/FreeRTOS/Source/portable/MemMang/heap_4.o
 .bss.xStart    0x20003d24        0x8 ./Middlewares/Third_Party/FreeRTOS/Source/portable/MemMang/heap_4.o
 .bss.ucMaxSysCallPriority
                0x20003d2c        0x1 ./Middlewares/Third_Party/FreeRTOS/Source/portable/GCC/ARM_CM4F/port.o
 *fill*         0x20003d2d        0x3 
 .bss.ulMaxPRIGROUPValue
                0x20003d30        0x4 ./Middlewares/Third_Party/FreeRTOS/Source/portable/GCC/ARM_CM4F/port.o
 .bss.pxCurrentTCB
                0x20003d34        0x4 ./Middlewares/Third_Party/FreeRTOS/Source/tasks.o
                0x20003d34                pxCurrentTCB
 .bss.pxDelayedTaskList
                0x20003d38        0x4 ./Middlewares/Third_Party/FreeRTOS/Source/tasks.o
 .bss.pxOverflowDelayedTaskList
                0x20003d3c        0x4 ./Middlewares/Third_Party/FreeRTOS/Source/tasks.o
 .bss.pxReadyTasksLists
                0x20003d40       0x8c ./Middlewares/Third_Party/FreeRTOS/Source/tasks.o
 .bss.uxCurrentNumberOfTasks
                0x20003dcc        0x4 ./Middlewares/Third_Party/FreeRTOS/Source/tasks.o
 .bss.uxDeletedTasksWaitingCleanUp
                0x20003dd0        0x4 ./Middlewares/Third_Party/FreeRTOS/Source/tasks.o
 .bss.uxPendedTicks
                0x20003dd4        0x4 ./Middlewares/Third_Party/FreeRTOS/Source/tasks.o
 .bss.uxSchedulerSuspended
                0x20003dd8        0x4 ./Middlewares/Third_Party/FreeRTOS/Source/tasks.o
 .bss.uxTaskNumber
                0x20003ddc        0x4 ./Middlewares/Third_Party/FreeRTOS/Source/tasks.o
 .bss.uxTopReadyPriority
                0x20003de0        0x4 ./Middlewares/Third_Party/FreeRTOS/Source/tasks.o
 .bss.xDelayedTaskList1
                0x20003de4       0x14 ./Middlewares/Third_Party/FreeRTOS/Source/tasks.o
 .bss.xDelayedTaskList2
                0x20003df8       0x14 ./Middlewares/Third_Party/FreeRTOS/Source/tasks.o
 .bss.xIdleTaskHandle
                0x20003e0c        0x4 ./Middlewares/Third_Party/FreeRTOS/Source/tasks.o
 .bss.xNextTaskUnblockTime
                0x20003e10        0x4 ./Middlewares/Third_Party/FreeRTOS/Source/tasks.o
 .bss.xNumOfOverflows
                0x20003e14        0x4 ./Middlewares/Third_Party/FreeRTOS/Source/tasks.o
 .bss.xPendingReadyList
                0x20003e18       0x14 ./Middlewares/Third_Party/FreeRTOS/Source/tasks.o
 .bss.xSchedulerRunning
                0x20003e2c        0x4 ./Middlewares/Third_Party/FreeRTOS/Source/tasks.o
 .bss.xSuspendedTaskList
                0x20003e30       0x14 ./Middlewares/Third_Party/FreeRTOS/Source/tasks.o
 .bss.xTasksWaitingTermination
                0x20003e44       0x14 ./Middlewares/Third_Party/FreeRTOS/Source/tasks.o
 .bss.xTickCount
                0x20003e58        0x4 ./Middlewares/Third_Party/FreeRTOS/Source/tasks.o
 .bss.xYieldPending
                0x20003e5c        0x4 ./Middlewares/Third_Party/FreeRTOS/Source/tasks.o
 .bss.__malloc_free_list
                0x20003e60        0x4 c:/users/niokr/appdata/roaming/gnu tools arm embedded/7 2017-q4-major/bin/../lib/gcc/arm-none-eabi/7.2.1/../../../../arm-none-eabi/lib/thumb/v7e-m/fpv4-sp/hard\libg_nano.a(lib_a-nano-mallocr.o)
                0x20003e60                __malloc_free_list
 .bss.__malloc_sbrk_start
                0x20003e64        0x4 c:/users/niokr/appdata/roaming/gnu tools arm embedded/7 2017-q4-major/bin/../lib/gcc/arm-none-eabi/7.2.1/../../../../arm-none-eabi/lib/thumb/v7e-m/fpv4-sp/hard\libg_nano.a(lib_a-nano-mallocr.o)
                0x20003e64                __malloc_sbrk_start
 *(COMMON)
 COMMON         0x20003e68        0x4 ./system/src/stm32f4-hal/stm32f4xx_hal.o
                0x20003e68                uwTick
 COMMON         0x20003e6c        0x4 ./system/src/newlib/_syscalls.o
                0x20003e6c                errno
 COMMON         0x20003e70     0x8144 ./src/main.o
                0x20003e70                cur_buffer_i
                0x20003e74                cur_buffer_f
                0x20003e78                hadc1
                0x20003ec0                ADCTaskHandle
                0x20003ec4                hdma_adc1
                0x20003f24                adc_buffer
                0x20007f74                indicatorTaskHandle
                0x20007f78                htim2
                0x20007fb4                FFT_buffer
 COMMON         0x2000bfb4       0x3c ./src/stm32f4xx_hal_timebase_TIM.o
                0x2000bfb4                htim1
 *(.bss_end .bss_end.*)
 .bss_end       0x2000bff0        0x4 ./system/src/newlib/_startup.o
                0x2000bff4                . = ALIGN (0x4)
                0x2000bff4                __bss_end__ = .
                0x2000bff4                _ebss = .

.noinit_CCMRAM
 *(.noinit.CCMRAM .noinit.CCMRAM.*)

.noinit         0x2000bff4        0x0
                0x2000bff4                _noinit = .
 *(.noinit .noinit.*)
                0x2000bff4                . = ALIGN (0x4)
                0x2000bff4                _end_noinit = .
                [!provide]                PROVIDE (end, _end_noinit)
                [!provide]                PROVIDE (_end, _end_noinit)
                [!provide]                PROVIDE (__end, _end_noinit)
                [!provide]                PROVIDE (__end__, _end_noinit)

._check_stack   0x2000bff4      0x100
                0x2000c0f4                . = (. + _Minimum_Stack_Size)
 *fill*         0x2000bff4      0x100 

.b1text
 *(.b1text)
 *(.b1rodata)
 *(.b1rodata.*)

.eb0text
 *(.eb0text)
 *(.eb0rodata)
 *(.eb0rodata.*)

.eb1text
 *(.eb1text)
 *(.eb1rodata)
 *(.eb1rodata.*)

.eb2text
 *(.eb2text)
 *(.eb2rodata)
 *(.eb2rodata.*)

.eb3text
 *(.eb3text)
 *(.eb3rodata)
 *(.eb3rodata.*)

.stab
 *(.stab)

.stabstr
 *(.stabstr)

.stab.excl
 *(.stab.excl)

.stab.exclstr
 *(.stab.exclstr)

.stab.index
 *(.stab.index)

.stab.indexstr
 *(.stab.indexstr)

.comment        0x00000000       0x7e
 *(.comment)
 .comment       0x00000000       0x7e ./system/src/stm32f4-hal/stm32f4xx_hal.o
                                 0x7f (size before relaxing)
 .comment       0x0000007e       0x7f ./system/src/stm32f4-hal/stm32f4xx_hal_adc.o
 .comment       0x0000007e       0x7f ./system/src/stm32f4-hal/stm32f4xx_hal_adc_ex.o
 .comment       0x0000007e       0x7f ./system/src/stm32f4-hal/stm32f4xx_hal_cortex.o
 .comment       0x0000007e       0x7f ./system/src/stm32f4-hal/stm32f4xx_hal_dma.o
 .comment       0x0000007e       0x7f ./system/src/stm32f4-hal/stm32f4xx_hal_gpio.o
 .comment       0x0000007e       0x7f ./system/src/stm32f4-hal/stm32f4xx_hal_rcc.o
 .comment       0x0000007e       0x7f ./system/src/stm32f4-hal/stm32f4xx_hal_tim.o
 .comment       0x0000007e       0x7f ./system/src/stm32f4-hal/stm32f4xx_hal_tim_ex.o
 .comment       0x0000007e       0x7f ./system/src/newlib/_exit.o
 .comment       0x0000007e       0x7f ./system/src/newlib/_sbrk.o
 .comment       0x0000007e       0x7f ./system/src/newlib/_startup.o
 .comment       0x0000007e       0x7f ./system/src/newlib/_syscalls.o
 .comment       0x0000007e       0x7f ./system/src/diag/Trace.o
 .comment       0x0000007e       0x7f ./system/src/diag/trace_impl.o
 .comment       0x0000007e       0x7f ./system/src/cortexm/_initialize_hardware.o
 .comment       0x0000007e       0x7f ./system/src/cortexm/exception_handlers.o
 .comment       0x0000007e       0x7f ./system/src/cmsis/system_stm32f4xx.o
 .comment       0x0000007e       0x7f ./src/TransformFunctions/arm_cfft_f32.o
 .comment       0x0000007e       0x7f ./src/TransformFunctions/arm_cfft_radix8_f32.o
 .comment       0x0000007e       0x7f ./src/TransformFunctions/arm_rfft_fast_f32.o
 .comment       0x0000007e       0x7f ./src/TransformFunctions/arm_rfft_fast_init_f32.o
 .comment       0x0000007e       0x7f ./src/FastMathFunctions/arm_sqrt_q15.o
 .comment       0x0000007e       0x7f ./src/ComplexMathFunctions/arm_cmplx_mag_q15.o
 .comment       0x0000007e       0x7f ./src/CommonTables/arm_common_tables.o
 .comment       0x0000007e       0x7f ./src/FIRFilter.o
 .comment       0x0000007e       0x7f ./src/dsp_func.o
 .comment       0x0000007e       0x7f ./src/main.o
 .comment       0x0000007e       0x7f ./src/stm32f4xx_hal_msp.o
 .comment       0x0000007e       0x7f ./src/stm32f4xx_hal_timebase_TIM.o
 .comment       0x0000007e       0x7f ./src/stm32f4xx_it.o
 .comment       0x0000007e       0x7f ./Middlewares/Third_Party/FreeRTOS/Source/portable/MemMang/heap_4.o
 .comment       0x0000007e       0x7f ./Middlewares/Third_Party/FreeRTOS/Source/portable/GCC/ARM_CM4F/port.o
 .comment       0x0000007e       0x7f ./Middlewares/Third_Party/FreeRTOS/Source/CMSIS_RTOS/cmsis_os.o
 .comment       0x0000007e       0x7f ./Middlewares/Third_Party/FreeRTOS/Source/list.o
 .comment       0x0000007e       0x7f ./Middlewares/Third_Party/FreeRTOS/Source/tasks.o

.ARM.attributes
                0x00000000       0x37
 .ARM.attributes
                0x00000000       0x39 ./system/src/stm32f4-hal/stm32f4xx_hal.o
 .ARM.attributes
                0x00000039       0x39 ./system/src/stm32f4-hal/stm32f4xx_hal_adc.o
 .ARM.attributes
                0x00000072       0x39 ./system/src/stm32f4-hal/stm32f4xx_hal_adc_ex.o
 .ARM.attributes
                0x000000ab       0x39 ./system/src/stm32f4-hal/stm32f4xx_hal_cortex.o
 .ARM.attributes
                0x000000e4       0x39 ./system/src/stm32f4-hal/stm32f4xx_hal_dma.o
 .ARM.attributes
                0x0000011d       0x39 ./system/src/stm32f4-hal/stm32f4xx_hal_gpio.o
 .ARM.attributes
                0x00000156       0x39 ./system/src/stm32f4-hal/stm32f4xx_hal_rcc.o
 .ARM.attributes
                0x0000018f       0x39 ./system/src/stm32f4-hal/stm32f4xx_hal_tim.o
 .ARM.attributes
                0x000001c8       0x39 ./system/src/stm32f4-hal/stm32f4xx_hal_tim_ex.o
 .ARM.attributes
                0x00000201       0x39 ./system/src/newlib/_exit.o
 .ARM.attributes
                0x0000023a       0x39 ./system/src/newlib/_sbrk.o
 .ARM.attributes
                0x00000273       0x39 ./system/src/newlib/_startup.o
 .ARM.attributes
                0x000002ac       0x39 ./system/src/newlib/_syscalls.o
 .ARM.attributes
                0x000002e5       0x39 ./system/src/diag/Trace.o
 .ARM.attributes
                0x0000031e       0x39 ./system/src/diag/trace_impl.o
 .ARM.attributes
                0x00000357       0x39 ./system/src/cortexm/_initialize_hardware.o
 .ARM.attributes
                0x00000390       0x39 ./system/src/cortexm/exception_handlers.o
 .ARM.attributes
                0x000003c9       0x21 ./system/src/cmsis/startup_stm32f401xe.o
 .ARM.attributes
                0x000003ea       0x39 ./system/src/cmsis/system_stm32f4xx.o
 .ARM.attributes
                0x00000423       0x25 ./src/TransformFunctions/arm_bitreversal2.o
 .ARM.attributes
                0x00000448       0x39 ./src/TransformFunctions/arm_cfft_f32.o
 .ARM.attributes
                0x00000481       0x39 ./src/TransformFunctions/arm_cfft_radix8_f32.o
 .ARM.attributes
                0x000004ba       0x39 ./src/TransformFunctions/arm_rfft_fast_f32.o
 .ARM.attributes
                0x000004f3       0x39 ./src/TransformFunctions/arm_rfft_fast_init_f32.o
 .ARM.attributes
                0x0000052c       0x39 ./src/FastMathFunctions/arm_sqrt_q15.o
 .ARM.attributes
                0x00000565       0x39 ./src/ComplexMathFunctions/arm_cmplx_mag_q15.o
 .ARM.attributes
                0x0000059e       0x39 ./src/CommonTables/arm_common_tables.o
 .ARM.attributes
                0x000005d7       0x39 ./src/FIRFilter.o
 .ARM.attributes
                0x00000610       0x39 ./src/dsp_func.o
 .ARM.attributes
                0x00000649       0x39 ./src/main.o
 .ARM.attributes
                0x00000682       0x39 ./src/stm32f4xx_hal_msp.o
 .ARM.attributes
                0x000006bb       0x39 ./src/stm32f4xx_hal_timebase_TIM.o
 .ARM.attributes
                0x000006f4       0x39 ./src/stm32f4xx_it.o
 .ARM.attributes
                0x0000072d       0x39 ./Middlewares/Third_Party/FreeRTOS/Source/portable/MemMang/heap_4.o
 .ARM.attributes
                0x00000766       0x39 ./Middlewares/Third_Party/FreeRTOS/Source/portable/GCC/ARM_CM4F/port.o
 .ARM.attributes
                0x0000079f       0x39 ./Middlewares/Third_Party/FreeRTOS/Source/CMSIS_RTOS/cmsis_os.o
 .ARM.attributes
                0x000007d8       0x39 ./Middlewares/Third_Party/FreeRTOS/Source/list.o
 .ARM.attributes
                0x00000811       0x39 ./Middlewares/Third_Party/FreeRTOS/Source/tasks.o
 .ARM.attributes
                0x0000084a       0x34 c:/users/niokr/appdata/roaming/gnu tools arm embedded/7 2017-q4-major/bin/../lib/gcc/arm-none-eabi/7.2.1/../../../../arm-none-eabi/lib/thumb/v7e-m/fpv4-sp/hard\libg_nano.a(lib_a-abs.o)
 .ARM.attributes
                0x0000087e       0x34 c:/users/niokr/appdata/roaming/gnu tools arm embedded/7 2017-q4-major/bin/../lib/gcc/arm-none-eabi/7.2.1/../../../../arm-none-eabi/lib/thumb/v7e-m/fpv4-sp/hard\libg_nano.a(lib_a-errno.o)
 .ARM.attributes
                0x000008b2       0x34 c:/users/niokr/appdata/roaming/gnu tools arm embedded/7 2017-q4-major/bin/../lib/gcc/arm-none-eabi/7.2.1/../../../../arm-none-eabi/lib/thumb/v7e-m/fpv4-sp/hard\libg_nano.a(lib_a-impure.o)
 .ARM.attributes
                0x000008e6       0x34 c:/users/niokr/appdata/roaming/gnu tools arm embedded/7 2017-q4-major/bin/../lib/gcc/arm-none-eabi/7.2.1/../../../../arm-none-eabi/lib/thumb/v7e-m/fpv4-sp/hard\libg_nano.a(lib_a-memcpy-stub.o)
 .ARM.attributes
                0x0000091a       0x34 c:/users/niokr/appdata/roaming/gnu tools arm embedded/7 2017-q4-major/bin/../lib/gcc/arm-none-eabi/7.2.1/../../../../arm-none-eabi/lib/thumb/v7e-m/fpv4-sp/hard\libg_nano.a(lib_a-vsnprintf.o)
 .ARM.attributes
                0x0000094e       0x34 c:/users/niokr/appdata/roaming/gnu tools arm embedded/7 2017-q4-major/bin/../lib/gcc/arm-none-eabi/7.2.1/../../../../arm-none-eabi/lib/thumb/v7e-m/fpv4-sp/hard\libg_nano.a(lib_a-nano-svfprintf.o)
 .ARM.attributes
                0x00000982       0x34 c:/users/niokr/appdata/roaming/gnu tools arm embedded/7 2017-q4-major/bin/../lib/gcc/arm-none-eabi/7.2.1/../../../../arm-none-eabi/lib/thumb/v7e-m/fpv4-sp/hard\libg_nano.a(lib_a-nano-vfprintf_i.o)
 .ARM.attributes
                0x000009b6       0x20 c:/users/niokr/appdata/roaming/gnu tools arm embedded/7 2017-q4-major/bin/../lib/gcc/arm-none-eabi/7.2.1/../../../../arm-none-eabi/lib/thumb/v7e-m/fpv4-sp/hard\libg_nano.a(lib_a-memchr.o)
 .ARM.attributes
                0x000009d6       0x34 c:/users/niokr/appdata/roaming/gnu tools arm embedded/7 2017-q4-major/bin/../lib/gcc/arm-none-eabi/7.2.1/../../../../arm-none-eabi/lib/thumb/v7e-m/fpv4-sp/hard\libg_nano.a(lib_a-memmove.o)
 .ARM.attributes
                0x00000a0a       0x34 c:/users/niokr/appdata/roaming/gnu tools arm embedded/7 2017-q4-major/bin/../lib/gcc/arm-none-eabi/7.2.1/../../../../arm-none-eabi/lib/thumb/v7e-m/fpv4-sp/hard\libg_nano.a(lib_a-nano-freer.o)
 .ARM.attributes
                0x00000a3e       0x34 c:/users/niokr/appdata/roaming/gnu tools arm embedded/7 2017-q4-major/bin/../lib/gcc/arm-none-eabi/7.2.1/../../../../arm-none-eabi/lib/thumb/v7e-m/fpv4-sp/hard\libg_nano.a(lib_a-nano-mallocr.o)
 .ARM.attributes
                0x00000a72       0x34 c:/users/niokr/appdata/roaming/gnu tools arm embedded/7 2017-q4-major/bin/../lib/gcc/arm-none-eabi/7.2.1/../../../../arm-none-eabi/lib/thumb/v7e-m/fpv4-sp/hard\libg_nano.a(lib_a-nano-reallocr.o)
 .ARM.attributes
                0x00000aa6       0x34 c:/users/niokr/appdata/roaming/gnu tools arm embedded/7 2017-q4-major/bin/../lib/gcc/arm-none-eabi/7.2.1/../../../../arm-none-eabi/lib/thumb/v7e-m/fpv4-sp/hard\libg_nano.a(lib_a-sbrkr.o)
 .ARM.attributes
                0x00000ada       0x34 c:/users/niokr/appdata/roaming/gnu tools arm embedded/7 2017-q4-major/bin/../lib/gcc/arm-none-eabi/7.2.1/../../../../arm-none-eabi/lib/thumb/v7e-m/fpv4-sp/hard\libg_nano.a(lib_a-mlock.o)
 .ARM.attributes
                0x00000b0e       0x34 c:/users/niokr/appdata/roaming/gnu tools arm embedded/7 2017-q4-major/bin/../lib/gcc/arm-none-eabi/7.2.1/../../../../arm-none-eabi/lib/thumb/v7e-m/fpv4-sp/hard\libg_nano.a(lib_a-nano-msizer.o)

.debug
 *(.debug)

.line
 *(.line)

.debug_srcinfo
 *(.debug_srcinfo)

.debug_sfnames
 *(.debug_sfnames)

.debug_aranges  0x00000000     0x1278
 *(.debug_aranges)
 .debug_aranges
                0x00000000       0xc0 ./system/src/stm32f4-hal/stm32f4xx_hal.o
 .debug_aranges
                0x000000c0       0xe8 ./system/src/stm32f4-hal/stm32f4xx_hal_adc.o
 .debug_aranges
                0x000001a8       0x90 ./system/src/stm32f4-hal/stm32f4xx_hal_adc_ex.o
 .debug_aranges
                0x00000238       0x98 ./system/src/stm32f4-hal/stm32f4xx_hal_cortex.o
 .debug_aranges
                0x000002d0       0x90 ./system/src/stm32f4-hal/stm32f4xx_hal_dma.o
 .debug_aranges
                0x00000360       0x58 ./system/src/stm32f4-hal/stm32f4xx_hal_gpio.o
 .debug_aranges
                0x000003b8       0x88 ./system/src/stm32f4-hal/stm32f4xx_hal_rcc.o
 .debug_aranges
                0x00000440      0x368 ./system/src/stm32f4-hal/stm32f4xx_hal_tim.o
 .debug_aranges
                0x000007a8      0x140 ./system/src/stm32f4-hal/stm32f4xx_hal_tim_ex.o
 .debug_aranges
                0x000008e8       0x28 ./system/src/newlib/_exit.o
 .debug_aranges
                0x00000910       0x20 ./system/src/newlib/_sbrk.o
 .debug_aranges
                0x00000930       0x40 ./system/src/newlib/_startup.o
 .debug_aranges
                0x00000970       0x30 ./system/src/newlib/_syscalls.o
 .debug_aranges
                0x000009a0       0x38 ./system/src/diag/Trace.o
 .debug_aranges
                0x000009d8       0x30 ./system/src/diag/trace_impl.o
 .debug_aranges
                0x00000a08       0x28 ./system/src/cortexm/_initialize_hardware.o
 .debug_aranges
                0x00000a30       0x90 ./system/src/cortexm/exception_handlers.o
 .debug_aranges
                0x00000ac0       0x28 ./system/src/cmsis/startup_stm32f401xe.o
 .debug_aranges
                0x00000ae8       0x28 ./system/src/cmsis/system_stm32f4xx.o
 .debug_aranges
                0x00000b10       0x20 ./src/TransformFunctions/arm_bitreversal2.o
 .debug_aranges
                0x00000b30       0x30 ./src/TransformFunctions/arm_cfft_f32.o
 .debug_aranges
                0x00000b60       0x20 ./src/TransformFunctions/arm_cfft_radix8_f32.o
 .debug_aranges
                0x00000b80       0x30 ./src/TransformFunctions/arm_rfft_fast_f32.o
 .debug_aranges
                0x00000bb0       0x20 ./src/TransformFunctions/arm_rfft_fast_init_f32.o
 .debug_aranges
                0x00000bd0       0x20 ./src/FastMathFunctions/arm_sqrt_q15.o
 .debug_aranges
                0x00000bf0       0x20 ./src/ComplexMathFunctions/arm_cmplx_mag_q15.o
 .debug_aranges
                0x00000c10       0x18 ./src/CommonTables/arm_common_tables.o
 .debug_aranges
                0x00000c28       0x30 ./src/FIRFilter.o
 .debug_aranges
                0x00000c58       0x40 ./src/dsp_func.o
 .debug_aranges
                0x00000c98       0x88 ./src/main.o
 .debug_aranges
                0x00000d20       0x40 ./src/stm32f4xx_hal_msp.o
 .debug_aranges
                0x00000d60       0x30 ./src/stm32f4xx_hal_timebase_TIM.o
 .debug_aranges
                0x00000d90       0x70 ./src/stm32f4xx_it.o
 .debug_aranges
                0x00000e00       0x50 ./Middlewares/Third_Party/FreeRTOS/Source/portable/MemMang/heap_4.o
 .debug_aranges
                0x00000e50       0x80 ./Middlewares/Third_Party/FreeRTOS/Source/portable/GCC/ARM_CM4F/port.o
 .debug_aranges
                0x00000ed0      0x1d8 ./Middlewares/Third_Party/FreeRTOS/Source/CMSIS_RTOS/cmsis_os.o
 .debug_aranges
                0x000010a8       0x40 ./Middlewares/Third_Party/FreeRTOS/Source/list.o
 .debug_aranges
                0x000010e8      0x190 ./Middlewares/Third_Party/FreeRTOS/Source/tasks.o

.debug_pubnames
 *(.debug_pubnames)

.debug_info     0x00000000    0x2b461
 *(.debug_info .gnu.linkonce.wi.*)
 .debug_info    0x00000000     0x1118 ./system/src/stm32f4-hal/stm32f4xx_hal.o
 .debug_info    0x00001118     0x1a3a ./system/src/stm32f4-hal/stm32f4xx_hal_adc.o
 .debug_info    0x00002b52     0x15e3 ./system/src/stm32f4-hal/stm32f4xx_hal_adc_ex.o
 .debug_info    0x00004135     0x18f2 ./system/src/stm32f4-hal/stm32f4xx_hal_cortex.o
 .debug_info    0x00005a27     0x147f ./system/src/stm32f4-hal/stm32f4xx_hal_dma.o
 .debug_info    0x00006ea6     0x113f ./system/src/stm32f4-hal/stm32f4xx_hal_gpio.o
 .debug_info    0x00007fe5     0x17ee ./system/src/stm32f4-hal/stm32f4xx_hal_rcc.o
 .debug_info    0x000097d3     0x4bb4 ./system/src/stm32f4-hal/stm32f4xx_hal_tim.o
 .debug_info    0x0000e387     0x213f ./system/src/stm32f4-hal/stm32f4xx_hal_tim_ex.o
 .debug_info    0x000104c6      0x956 ./system/src/newlib/_exit.o
 .debug_info    0x00010e1c      0x942 ./system/src/newlib/_sbrk.o
 .debug_info    0x0001175e      0x4bf ./system/src/newlib/_startup.o
 .debug_info    0x00011c1d      0xa19 ./system/src/newlib/_syscalls.o
 .debug_info    0x00012636      0xb2a ./system/src/diag/Trace.o
 .debug_info    0x00013160      0xc00 ./system/src/diag/trace_impl.o
 .debug_info    0x00013d60      0xb68 ./system/src/cortexm/_initialize_hardware.o
 .debug_info    0x000148c8     0x11e4 ./system/src/cortexm/exception_handlers.o
 .debug_info    0x00015aac       0x22 ./system/src/cmsis/startup_stm32f401xe.o
 .debug_info    0x00015ace      0xd77 ./system/src/cmsis/system_stm32f4xx.o
 .debug_info    0x00016845       0x26 ./src/TransformFunctions/arm_bitreversal2.o
 .debug_info    0x0001686b     0x155b ./src/TransformFunctions/arm_cfft_f32.o
 .debug_info    0x00017dc6      0xc85 ./src/TransformFunctions/arm_cfft_radix8_f32.o
 .debug_info    0x00018a4b      0xce4 ./src/TransformFunctions/arm_rfft_fast_f32.o
 .debug_info    0x0001972f     0x111c ./src/TransformFunctions/arm_rfft_fast_init_f32.o
 .debug_info    0x0001a84b     0x10ef ./src/FastMathFunctions/arm_sqrt_q15.o
 .debug_info    0x0001b93a      0x9cf ./src/ComplexMathFunctions/arm_cmplx_mag_q15.o
 .debug_info    0x0001c309     0x130f ./src/CommonTables/arm_common_tables.o
 .debug_info    0x0001d618      0x170 ./src/FIRFilter.o
 .debug_info    0x0001d788      0xd2a ./src/dsp_func.o
 .debug_info    0x0001e4b2     0x20c7 ./src/main.o
 .debug_info    0x00020579     0x17dc ./src/stm32f4xx_hal_msp.o
 .debug_info    0x00021d55     0x1382 ./src/stm32f4xx_hal_timebase_TIM.o
 .debug_info    0x000230d7     0x11c1 ./src/stm32f4xx_it.o
 .debug_info    0x00024298      0xca0 ./Middlewares/Third_Party/FreeRTOS/Source/portable/MemMang/heap_4.o
 .debug_info    0x00024f38      0xd75 ./Middlewares/Third_Party/FreeRTOS/Source/portable/GCC/ARM_CM4F/port.o
 .debug_info    0x00025cad     0x236b ./Middlewares/Third_Party/FreeRTOS/Source/CMSIS_RTOS/cmsis_os.o
 .debug_info    0x00028018      0xb07 ./Middlewares/Third_Party/FreeRTOS/Source/list.o
 .debug_info    0x00028b1f     0x2942 ./Middlewares/Third_Party/FreeRTOS/Source/tasks.o

.debug_abbrev   0x00000000     0x611d
 *(.debug_abbrev)
 .debug_abbrev  0x00000000      0x33e ./system/src/stm32f4-hal/stm32f4xx_hal.o
 .debug_abbrev  0x0000033e      0x333 ./system/src/stm32f4-hal/stm32f4xx_hal_adc.o
 .debug_abbrev  0x00000671      0x325 ./system/src/stm32f4-hal/stm32f4xx_hal_adc_ex.o
 .debug_abbrev  0x00000996      0x404 ./system/src/stm32f4-hal/stm32f4xx_hal_cortex.o
 .debug_abbrev  0x00000d9a      0x339 ./system/src/stm32f4-hal/stm32f4xx_hal_dma.o
 .debug_abbrev  0x000010d3      0x2fa ./system/src/stm32f4-hal/stm32f4xx_hal_gpio.o
 .debug_abbrev  0x000013cd      0x3b0 ./system/src/stm32f4-hal/stm32f4xx_hal_rcc.o
 .debug_abbrev  0x0000177d      0x2fc ./system/src/stm32f4-hal/stm32f4xx_hal_tim.o
 .debug_abbrev  0x00001a79      0x2fc ./system/src/stm32f4-hal/stm32f4xx_hal_tim_ex.o
 .debug_abbrev  0x00001d75      0x1f3 ./system/src/newlib/_exit.o
 .debug_abbrev  0x00001f68      0x1fc ./system/src/newlib/_sbrk.o
 .debug_abbrev  0x00002164      0x1cb ./system/src/newlib/_startup.o
 .debug_abbrev  0x0000232f      0x234 ./system/src/newlib/_syscalls.o
 .debug_abbrev  0x00002563      0x276 ./system/src/diag/Trace.o
 .debug_abbrev  0x000027d9      0x30b ./system/src/diag/trace_impl.o
 .debug_abbrev  0x00002ae4      0x203 ./system/src/cortexm/_initialize_hardware.o
 .debug_abbrev  0x00002ce7      0x347 ./system/src/cortexm/exception_handlers.o
 .debug_abbrev  0x0000302e       0x12 ./system/src/cmsis/startup_stm32f401xe.o
 .debug_abbrev  0x00003040      0x22a ./system/src/cmsis/system_stm32f4xx.o
 .debug_abbrev  0x0000326a       0x14 ./src/TransformFunctions/arm_bitreversal2.o
 .debug_abbrev  0x0000327e      0x2e8 ./src/TransformFunctions/arm_cfft_f32.o
 .debug_abbrev  0x00003566      0x1eb ./src/TransformFunctions/arm_cfft_radix8_f32.o
 .debug_abbrev  0x00003751      0x287 ./src/TransformFunctions/arm_rfft_fast_f32.o
 .debug_abbrev  0x000039d8      0x21a ./src/TransformFunctions/arm_rfft_fast_init_f32.o
 .debug_abbrev  0x00003bf2      0x225 ./src/FastMathFunctions/arm_sqrt_q15.o
 .debug_abbrev  0x00003e17      0x206 ./src/ComplexMathFunctions/arm_cmplx_mag_q15.o
 .debug_abbrev  0x0000401d      0x1d6 ./src/CommonTables/arm_common_tables.o
 .debug_abbrev  0x000041f3      0x117 ./src/FIRFilter.o
 .debug_abbrev  0x0000430a      0x2a0 ./src/dsp_func.o
 .debug_abbrev  0x000045aa      0x340 ./src/main.o
 .debug_abbrev  0x000048ea      0x283 ./src/stm32f4xx_hal_msp.o
 .debug_abbrev  0x00004b6d      0x2ac ./src/stm32f4xx_hal_timebase_TIM.o
 .debug_abbrev  0x00004e19      0x259 ./src/stm32f4xx_it.o
 .debug_abbrev  0x00005072      0x33d ./Middlewares/Third_Party/FreeRTOS/Source/portable/MemMang/heap_4.o
 .debug_abbrev  0x000053af      0x35b ./Middlewares/Third_Party/FreeRTOS/Source/portable/GCC/ARM_CM4F/port.o
 .debug_abbrev  0x0000570a      0x3e7 ./Middlewares/Third_Party/FreeRTOS/Source/CMSIS_RTOS/cmsis_os.o
 .debug_abbrev  0x00005af1      0x241 ./Middlewares/Third_Party/FreeRTOS/Source/list.o
 .debug_abbrev  0x00005d32      0x3eb ./Middlewares/Third_Party/FreeRTOS/Source/tasks.o

.debug_line     0x00000000    0x12b72
 *(.debug_line)
 .debug_line    0x00000000      0x866 ./system/src/stm32f4-hal/stm32f4xx_hal.o
 .debug_line    0x00000866      0xd6d ./system/src/stm32f4-hal/stm32f4xx_hal_adc.o
 .debug_line    0x000015d3      0xb93 ./system/src/stm32f4-hal/stm32f4xx_hal_adc_ex.o
 .debug_line    0x00002166      0x95d ./system/src/stm32f4-hal/stm32f4xx_hal_cortex.o
 .debug_line    0x00002ac3      0xb39 ./system/src/stm32f4-hal/stm32f4xx_hal_dma.o
 .debug_line    0x000035fc      0x930 ./system/src/stm32f4-hal/stm32f4xx_hal_gpio.o
 .debug_line    0x00003f2c      0xae8 ./system/src/stm32f4-hal/stm32f4xx_hal_rcc.o
 .debug_line    0x00004a14     0x2cdd ./system/src/stm32f4-hal/stm32f4xx_hal_tim.o
 .debug_line    0x000076f1     0x1104 ./system/src/stm32f4-hal/stm32f4xx_hal_tim_ex.o
 .debug_line    0x000087f5      0x38f ./system/src/newlib/_exit.o
 .debug_line    0x00008b84      0x343 ./system/src/newlib/_sbrk.o
 .debug_line    0x00008ec7      0x40b ./system/src/newlib/_startup.o
 .debug_line    0x000092d2      0x469 ./system/src/newlib/_syscalls.o
 .debug_line    0x0000973b      0x40b ./system/src/diag/Trace.o
 .debug_line    0x00009b46      0x799 ./system/src/diag/trace_impl.o
 .debug_line    0x0000a2df      0x703 ./system/src/cortexm/_initialize_hardware.o
 .debug_line    0x0000a9e2      0x81e ./system/src/cortexm/exception_handlers.o
 .debug_line    0x0000b200       0x88 ./system/src/cmsis/startup_stm32f401xe.o
 .debug_line    0x0000b288      0x709 ./system/src/cmsis/system_stm32f4xx.o
 .debug_line    0x0000b991       0x9c ./src/TransformFunctions/arm_bitreversal2.o
 .debug_line    0x0000ba2d      0x756 ./src/TransformFunctions/arm_cfft_f32.o
 .debug_line    0x0000c183      0x6be ./src/TransformFunctions/arm_cfft_radix8_f32.o
 .debug_line    0x0000c841      0x41d ./src/TransformFunctions/arm_rfft_fast_f32.o
 .debug_line    0x0000cc5e      0x3ef ./src/TransformFunctions/arm_rfft_fast_init_f32.o
 .debug_line    0x0000d04d      0x3bc ./src/FastMathFunctions/arm_sqrt_q15.o
 .debug_line    0x0000d409      0x373 ./src/ComplexMathFunctions/arm_cmplx_mag_q15.o
 .debug_line    0x0000d77c      0x374 ./src/CommonTables/arm_common_tables.o
 .debug_line    0x0000daf0      0x1d1 ./src/FIRFilter.o
 .debug_line    0x0000dcc1      0x43f ./src/dsp_func.o
 .debug_line    0x0000e100      0x99e ./src/main.o
 .debug_line    0x0000ea9e      0x741 ./src/stm32f4xx_hal_msp.o
 .debug_line    0x0000f1df      0x704 ./src/stm32f4xx_hal_timebase_TIM.o
 .debug_line    0x0000f8e3      0x8fd ./src/stm32f4xx_it.o
 .debug_line    0x000101e0      0x5e0 ./Middlewares/Third_Party/FreeRTOS/Source/portable/MemMang/heap_4.o
 .debug_line    0x000107c0      0x5e8 ./Middlewares/Third_Party/FreeRTOS/Source/portable/GCC/ARM_CM4F/port.o
 .debug_line    0x00010da8      0xb13 ./Middlewares/Third_Party/FreeRTOS/Source/CMSIS_RTOS/cmsis_os.o
 .debug_line    0x000118bb      0x52d ./Middlewares/Third_Party/FreeRTOS/Source/list.o
 .debug_line    0x00011de8      0xd8a ./Middlewares/Third_Party/FreeRTOS/Source/tasks.o

.debug_frame    0x00000000     0x3320
 *(.debug_frame)
 .debug_frame   0x00000000      0x188 ./system/src/stm32f4-hal/stm32f4xx_hal.o
 .debug_frame   0x00000188      0x2a0 ./system/src/stm32f4-hal/stm32f4xx_hal_adc.o
 .debug_frame   0x00000428      0x198 ./system/src/stm32f4-hal/stm32f4xx_hal_adc_ex.o
 .debug_frame   0x000005c0      0x17c ./system/src/stm32f4-hal/stm32f4xx_hal_cortex.o
 .debug_frame   0x0000073c      0x190 ./system/src/stm32f4-hal/stm32f4xx_hal_dma.o
 .debug_frame   0x000008cc       0xfc ./system/src/stm32f4-hal/stm32f4xx_hal_gpio.o
 .debug_frame   0x000009c8      0x140 ./system/src/stm32f4-hal/stm32f4xx_hal_rcc.o
 .debug_frame   0x00000b08      0xa90 ./system/src/stm32f4-hal/stm32f4xx_hal_tim.o
 .debug_frame   0x00001598      0x3dc ./system/src/stm32f4-hal/stm32f4xx_hal_tim_ex.o
 .debug_frame   0x00001974       0x38 ./system/src/newlib/_exit.o
 .debug_frame   0x000019ac       0x28 ./system/src/newlib/_sbrk.o
 .debug_frame   0x000019d4       0x7c ./system/src/newlib/_startup.o
 .debug_frame   0x00001a50       0x50 ./system/src/newlib/_syscalls.o
 .debug_frame   0x00001aa0       0x94 ./system/src/diag/Trace.o
 .debug_frame   0x00001b34       0x64 ./system/src/diag/trace_impl.o
 .debug_frame   0x00001b98       0x40 ./system/src/cortexm/_initialize_hardware.o
 .debug_frame   0x00001bd8      0x158 ./system/src/cortexm/exception_handlers.o
 .debug_frame   0x00001d30       0x30 ./system/src/cmsis/system_stm32f4xx.o
 .debug_frame   0x00001d60       0xb8 ./src/TransformFunctions/arm_cfft_f32.o
 .debug_frame   0x00001e18       0x94 ./src/TransformFunctions/arm_cfft_radix8_f32.o
 .debug_frame   0x00001eac       0x70 ./src/TransformFunctions/arm_rfft_fast_f32.o
 .debug_frame   0x00001f1c       0x20 ./src/TransformFunctions/arm_rfft_fast_init_f32.o
 .debug_frame   0x00001f3c       0x3c ./src/FastMathFunctions/arm_sqrt_q15.o
 .debug_frame   0x00001f78       0x30 ./src/ComplexMathFunctions/arm_cmplx_mag_q15.o
 .debug_frame   0x00001fa8       0x50 ./src/FIRFilter.o
 .debug_frame   0x00001ff8       0xb0 ./src/dsp_func.o
 .debug_frame   0x000020a8      0x164 ./src/main.o
 .debug_frame   0x0000220c       0x98 ./src/stm32f4xx_hal_msp.o
 .debug_frame   0x000022a4       0x50 ./src/stm32f4xx_hal_timebase_TIM.o
 .debug_frame   0x000022f4       0xe8 ./src/stm32f4xx_it.o
 .debug_frame   0x000023dc       0xac ./Middlewares/Third_Party/FreeRTOS/Source/portable/MemMang/heap_4.o
 .debug_frame   0x00002488       0xf0 ./Middlewares/Third_Party/FreeRTOS/Source/portable/GCC/ARM_CM4F/port.o
 .debug_frame   0x00002578      0x584 ./Middlewares/Third_Party/FreeRTOS/Source/CMSIS_RTOS/cmsis_os.o
 .debug_frame   0x00002afc       0x6c ./Middlewares/Third_Party/FreeRTOS/Source/list.o
 .debug_frame   0x00002b68      0x4d0 ./Middlewares/Third_Party/FreeRTOS/Source/tasks.o
 .debug_frame   0x00003038       0x20 c:/users/niokr/appdata/roaming/gnu tools arm embedded/7 2017-q4-major/bin/../lib/gcc/arm-none-eabi/7.2.1/../../../../arm-none-eabi/lib/thumb/v7e-m/fpv4-sp/hard\libg_nano.a(lib_a-abs.o)
 .debug_frame   0x00003058       0x20 c:/users/niokr/appdata/roaming/gnu tools arm embedded/7 2017-q4-major/bin/../lib/gcc/arm-none-eabi/7.2.1/../../../../arm-none-eabi/lib/thumb/v7e-m/fpv4-sp/hard\libg_nano.a(lib_a-errno.o)
 .debug_frame   0x00003078       0x28 c:/users/niokr/appdata/roaming/gnu tools arm embedded/7 2017-q4-major/bin/../lib/gcc/arm-none-eabi/7.2.1/../../../../arm-none-eabi/lib/thumb/v7e-m/fpv4-sp/hard\libg_nano.a(lib_a-memcpy-stub.o)
 .debug_frame   0x000030a0       0x4c c:/users/niokr/appdata/roaming/gnu tools arm embedded/7 2017-q4-major/bin/../lib/gcc/arm-none-eabi/7.2.1/../../../../arm-none-eabi/lib/thumb/v7e-m/fpv4-sp/hard\libg_nano.a(lib_a-vsnprintf.o)
 .debug_frame   0x000030ec       0x90 c:/users/niokr/appdata/roaming/gnu tools arm embedded/7 2017-q4-major/bin/../lib/gcc/arm-none-eabi/7.2.1/../../../../arm-none-eabi/lib/thumb/v7e-m/fpv4-sp/hard\libg_nano.a(lib_a-nano-svfprintf.o)
 .debug_frame   0x0000317c       0x60 c:/users/niokr/appdata/roaming/gnu tools arm embedded/7 2017-q4-major/bin/../lib/gcc/arm-none-eabi/7.2.1/../../../../arm-none-eabi/lib/thumb/v7e-m/fpv4-sp/hard\libg_nano.a(lib_a-nano-vfprintf_i.o)
 .debug_frame   0x000031dc       0x28 c:/users/niokr/appdata/roaming/gnu tools arm embedded/7 2017-q4-major/bin/../lib/gcc/arm-none-eabi/7.2.1/../../../../arm-none-eabi/lib/thumb/v7e-m/fpv4-sp/hard\libg_nano.a(lib_a-memmove.o)
 .debug_frame   0x00003204       0x38 c:/users/niokr/appdata/roaming/gnu tools arm embedded/7 2017-q4-major/bin/../lib/gcc/arm-none-eabi/7.2.1/../../../../arm-none-eabi/lib/thumb/v7e-m/fpv4-sp/hard\libg_nano.a(lib_a-nano-freer.o)
 .debug_frame   0x0000323c       0x2c c:/users/niokr/appdata/roaming/gnu tools arm embedded/7 2017-q4-major/bin/../lib/gcc/arm-none-eabi/7.2.1/../../../../arm-none-eabi/lib/thumb/v7e-m/fpv4-sp/hard\libg_nano.a(lib_a-nano-mallocr.o)
 .debug_frame   0x00003268       0x3c c:/users/niokr/appdata/roaming/gnu tools arm embedded/7 2017-q4-major/bin/../lib/gcc/arm-none-eabi/7.2.1/../../../../arm-none-eabi/lib/thumb/v7e-m/fpv4-sp/hard\libg_nano.a(lib_a-nano-reallocr.o)
 .debug_frame   0x000032a4       0x2c c:/users/niokr/appdata/roaming/gnu tools arm embedded/7 2017-q4-major/bin/../lib/gcc/arm-none-eabi/7.2.1/../../../../arm-none-eabi/lib/thumb/v7e-m/fpv4-sp/hard\libg_nano.a(lib_a-sbrkr.o)
 .debug_frame   0x000032d0       0x30 c:/users/niokr/appdata/roaming/gnu tools arm embedded/7 2017-q4-major/bin/../lib/gcc/arm-none-eabi/7.2.1/../../../../arm-none-eabi/lib/thumb/v7e-m/fpv4-sp/hard\libg_nano.a(lib_a-mlock.o)
 .debug_frame   0x00003300       0x20 c:/users/niokr/appdata/roaming/gnu tools arm embedded/7 2017-q4-major/bin/../lib/gcc/arm-none-eabi/7.2.1/../../../../arm-none-eabi/lib/thumb/v7e-m/fpv4-sp/hard\libg_nano.a(lib_a-nano-msizer.o)

.debug_str      0x00000000    0x95cca
 *(.debug_str)
 .debug_str     0x00000000    0x87ce6 ./system/src/stm32f4-hal/stm32f4xx_hal.o
                              0x881b6 (size before relaxing)
 .debug_str     0x00087ce6      0x653 ./system/src/stm32f4-hal/stm32f4xx_hal_adc.o
                              0x87ecc (size before relaxing)
 .debug_str     0x00088339      0x2d5 ./system/src/stm32f4-hal/stm32f4xx_hal_adc_ex.o
                              0x87f1b (size before relaxing)
 .debug_str     0x0008860e      0x364 ./system/src/stm32f4-hal/stm32f4xx_hal_cortex.o
                              0x88018 (size before relaxing)
 .debug_str     0x00088972      0x2f5 ./system/src/stm32f4-hal/stm32f4xx_hal_dma.o
                              0x87d1e (size before relaxing)
 .debug_str     0x00088c67      0x2d8 ./system/src/stm32f4-hal/stm32f4xx_hal_gpio.o
                              0x87ba2 (size before relaxing)
 .debug_str     0x00088f3f      0x393 ./system/src/stm32f4-hal/stm32f4xx_hal_rcc.o
                              0x87d30 (size before relaxing)
 .debug_str     0x000892d2      0xe61 ./system/src/stm32f4-hal/stm32f4xx_hal_tim.o
                              0x88938 (size before relaxing)
 .debug_str     0x0008a133      0x4e2 ./system/src/stm32f4-hal/stm32f4xx_hal_tim_ex.o
                              0x881f0 (size before relaxing)
 .debug_str     0x0008a615     0x10ff ./system/src/newlib/_exit.o
                               0x7f14 (size before relaxing)
 .debug_str     0x0008b714      0x375 ./system/src/newlib/_sbrk.o
                               0x72c6 (size before relaxing)
 .debug_str     0x0008ba89      0x2c6 ./system/src/newlib/_startup.o
                               0x6a67 (size before relaxing)
 .debug_str     0x0008bd4f      0xe7f ./system/src/newlib/_syscalls.o
                               0x81a1 (size before relaxing)
 .debug_str     0x0008cbce      0x16a ./system/src/diag/Trace.o
                               0x868c (size before relaxing)
 .debug_str     0x0008cd38      0x389 ./system/src/diag/trace_impl.o
                              0x88ab5 (size before relaxing)
 .debug_str     0x0008d0c1       0x5e ./system/src/cortexm/_initialize_hardware.o
                              0x8783f (size before relaxing)
 .debug_str     0x0008d11f      0x182 ./system/src/cortexm/exception_handlers.o
                              0x88c12 (size before relaxing)
 .debug_str     0x0008d2a1       0x39 ./system/src/cmsis/startup_stm32f401xe.o
                                 0x71 (size before relaxing)
 .debug_str     0x0008d2da       0x46 ./system/src/cmsis/system_stm32f4xx.o
                              0x87912 (size before relaxing)
 .debug_str     0x0008d320       0x2d ./src/TransformFunctions/arm_bitreversal2.o
                                 0x74 (size before relaxing)
 .debug_str     0x0008d34d      0xa60 ./src/TransformFunctions/arm_cfft_f32.o
                               0x8a01 (size before relaxing)
 .debug_str     0x0008ddad       0x47 ./src/TransformFunctions/arm_cfft_radix8_f32.o
                               0x7fee (size before relaxing)
 .debug_str     0x0008ddf4       0xa2 ./src/TransformFunctions/arm_rfft_fast_f32.o
                               0x8082 (size before relaxing)
 .debug_str     0x0008de96       0xe3 ./src/TransformFunctions/arm_rfft_fast_init_f32.o
                               0x89ef (size before relaxing)
 .debug_str     0x0008df79       0x79 ./src/FastMathFunctions/arm_sqrt_q15.o
                               0x89b1 (size before relaxing)
 .debug_str     0x0008dff2       0x74 ./src/ComplexMathFunctions/arm_cmplx_mag_q15.o
                               0x8011 (size before relaxing)
 .debug_str     0x0008e066       0x28 ./src/CommonTables/arm_common_tables.o
                               0x88b5 (size before relaxing)
 .debug_str     0x0008e08e       0x6d ./src/FIRFilter.o
                               0x38ac (size before relaxing)
 .debug_str     0x0008e0fb       0x8e ./src/dsp_func.o
                               0x836f (size before relaxing)
 .debug_str     0x0008e189     0x54ac ./src/main.o
                              0x8daa8 (size before relaxing)
 .debug_str     0x00093635       0x25 ./src/stm32f4xx_hal_msp.o
                              0x88314 (size before relaxing)
 .debug_str     0x0009365a       0x61 ./src/stm32f4xx_hal_timebase_TIM.o
                              0x88194 (size before relaxing)
 .debug_str     0x000936bb       0x7a ./src/stm32f4xx_it.o
                              0x8d05b (size before relaxing)
 .debug_str     0x00093735      0x2fe ./Middlewares/Third_Party/FreeRTOS/Source/portable/MemMang/heap_4.o
                               0xb97a (size before relaxing)
 .debug_str     0x00093a33      0x874 ./Middlewares/Third_Party/FreeRTOS/Source/portable/GCC/ARM_CM4F/port.o
                               0xbe7f (size before relaxing)