Archive member included to satisfy reference by file (symbol)

c:/users/niokr/appdata/roaming/gnu tools arm embedded/7 2017-q4-major/bin/../lib/gcc/arm-none-eabi/7.2.1/../../../../arm-none-eabi/lib/thumb/v7e-m/fpv4-sp/hard\libg_nano.a(lib_a-abs.o)
                              ./src/main.o (abs)
c:/users/niokr/appdata/roaming/gnu tools arm embedded/7 2017-q4-major/bin/../lib/gcc/arm-none-eabi/7.2.1/../../../../arm-none-eabi/lib/thumb/v7e-m/fpv4-sp/hard\libg_nano.a(lib_a-errno.o)
                              ./system/src/newlib/_sbrk.o (__errno)
c:/users/niokr/appdata/roaming/gnu tools arm embedded/7 2017-q4-major/bin/../lib/gcc/arm-none-eabi/7.2.1/../../../../arm-none-eabi/lib/thumb/v7e-m/fpv4-sp/hard\libg_nano.a(lib_a-impure.o)
                              c:/users/niokr/appdata/roaming/gnu tools arm embedded/7 2017-q4-major/bin/../lib/gcc/arm-none-eabi/7.2.1/../../../../arm-none-eabi/lib/thumb/v7e-m/fpv4-sp/hard\libg_nano.a(lib_a-errno.o) (_impure_ptr)
c:/users/niokr/appdata/roaming/gnu tools arm embedded/7 2017-q4-major/bin/../lib/gcc/arm-none-eabi/7.2.1/../../../../arm-none-eabi/lib/thumb/v7e-m/fpv4-sp/hard\libg_nano.a(lib_a-init.o)
                              ./system/src/cmsis/startup_stm32f401xe.o (__libc_init_array)
c:/users/niokr/appdata/roaming/gnu tools arm embedded/7 2017-q4-major/bin/../lib/gcc/arm-none-eabi/7.2.1/../../../../arm-none-eabi/lib/thumb/v7e-m/fpv4-sp/hard\libg_nano.a(lib_a-memcpy-stub.o)
                              ./Middlewares/Third_Party/FreeRTOS/Source/queue.o (memcpy)
c:/users/niokr/appdata/roaming/gnu tools arm embedded/7 2017-q4-major/bin/../lib/gcc/arm-none-eabi/7.2.1/../../../../arm-none-eabi/lib/thumb/v7e-m/fpv4-sp/hard\libg_nano.a(lib_a-memset.o)
                              ./Middlewares/Third_Party/FreeRTOS/Source/CMSIS_RTOS/cmsis_os.o (memset)
c:/users/niokr/appdata/roaming/gnu tools arm embedded/7 2017-q4-major/bin/../lib/gcc/arm-none-eabi/7.2.1/../../../../arm-none-eabi/lib/thumb/v7e-m/fpv4-sp/hard\libg_nano.a(lib_a-strlen.o)
                              ./system/src/diag/Trace.o (strlen)
c:/users/niokr/appdata/roaming/gnu tools arm embedded/7 2017-q4-major/bin/../lib/gcc/arm-none-eabi/7.2.1/../../../../arm-none-eabi/lib/thumb/v7e-m/fpv4-sp/hard\libg_nano.a(lib_a-vsnprintf.o)
                              ./system/src/diag/Trace.o (vsnprintf)
c:/users/niokr/appdata/roaming/gnu tools arm embedded/7 2017-q4-major/bin/../lib/gcc/arm-none-eabi/7.2.1/../../../../arm-none-eabi/lib/thumb/v7e-m/fpv4-sp/hard\libg_nano.a(lib_a-nano-svfprintf.o)
                              c:/users/niokr/appdata/roaming/gnu tools arm embedded/7 2017-q4-major/bin/../lib/gcc/arm-none-eabi/7.2.1/../../../../arm-none-eabi/lib/thumb/v7e-m/fpv4-sp/hard\libg_nano.a(lib_a-vsnprintf.o) (_svfprintf_r)
c:/users/niokr/appdata/roaming/gnu tools arm embedded/7 2017-q4-major/bin/../lib/gcc/arm-none-eabi/7.2.1/../../../../arm-none-eabi/lib/thumb/v7e-m/fpv4-sp/hard\libg_nano.a(lib_a-nano-vfprintf_i.o)
                              c:/users/niokr/appdata/roaming/gnu tools arm embedded/7 2017-q4-major/bin/../lib/gcc/arm-none-eabi/7.2.1/../../../../arm-none-eabi/lib/thumb/v7e-m/fpv4-sp/hard\libg_nano.a(lib_a-nano-svfprintf.o) (_printf_i)
c:/users/niokr/appdata/roaming/gnu tools arm embedded/7 2017-q4-major/bin/../lib/gcc/arm-none-eabi/7.2.1/../../../../arm-none-eabi/lib/thumb/v7e-m/fpv4-sp/hard\libg_nano.a(lib_a-memchr.o)
                              c:/users/niokr/appdata/roaming/gnu tools arm embedded/7 2017-q4-major/bin/../lib/gcc/arm-none-eabi/7.2.1/../../../../arm-none-eabi/lib/thumb/v7e-m/fpv4-sp/hard\libg_nano.a(lib_a-nano-svfprintf.o) (memchr)
c:/users/niokr/appdata/roaming/gnu tools arm embedded/7 2017-q4-major/bin/../lib/gcc/arm-none-eabi/7.2.1/../../../../arm-none-eabi/lib/thumb/v7e-m/fpv4-sp/hard\libg_nano.a(lib_a-memmove.o)
                              c:/users/niokr/appdata/roaming/gnu tools arm embedded/7 2017-q4-major/bin/../lib/gcc/arm-none-eabi/7.2.1/../../../../arm-none-eabi/lib/thumb/v7e-m/fpv4-sp/hard\libg_nano.a(lib_a-nano-svfprintf.o) (memmove)
c:/users/niokr/appdata/roaming/gnu tools arm embedded/7 2017-q4-major/bin/../lib/gcc/arm-none-eabi/7.2.1/../../../../arm-none-eabi/lib/thumb/v7e-m/fpv4-sp/hard\libg_nano.a(lib_a-nano-freer.o)
                              c:/users/niokr/appdata/roaming/gnu tools arm embedded/7 2017-q4-major/bin/../lib/gcc/arm-none-eabi/7.2.1/../../../../arm-none-eabi/lib/thumb/v7e-m/fpv4-sp/hard\libg_nano.a(lib_a-nano-svfprintf.o) (_free_r)
c:/users/niokr/appdata/roaming/gnu tools arm embedded/7 2017-q4-major/bin/../lib/gcc/arm-none-eabi/7.2.1/../../../../arm-none-eabi/lib/thumb/v7e-m/fpv4-sp/hard\libg_nano.a(lib_a-nano-mallocr.o)
                              c:/users/niokr/appdata/roaming/gnu tools arm embedded/7 2017-q4-major/bin/../lib/gcc/arm-none-eabi/7.2.1/../../../../arm-none-eabi/lib/thumb/v7e-m/fpv4-sp/hard\libg_nano.a(lib_a-nano-svfprintf.o) (_malloc_r)
[...]
Memory Configuration

Name             Origin             Length             Attributes
RAM              0x20000000         0x00010000         xrw
CCMRAM           0x10000000         0x00000000         xrw
FLASH            0x08000000         0x00080000         xr
FLASHB1          0x00000000         0x00000000         xr
EXTMEMB0         0x00000000         0x00000000         xr
EXTMEMB1         0x00000000         0x00000000         xr
EXTMEMB2         0x00000000         0x00000000         xr
EXTMEMB3         0x00000000         0x00000000         xr
*default*        0x00000000         0xffffffff

Linker script and memory map

LOAD ./system/src/stm32f4-hal/stm32f4xx_hal.o
LOAD ./system/src/stm32f4-hal/stm32f4xx_hal_adc.o
LOAD ./system/src/stm32f4-hal/stm32f4xx_hal_adc_ex.o
LOAD ./system/src/stm32f4-hal/stm32f4xx_hal_cortex.o
LOAD ./system/src/stm32f4-hal/stm32f4xx_hal_dfsdm.o
LOAD ./system/src/stm32f4-hal/stm32f4xx_hal_dma.o
LOAD ./system/src/stm32f4-hal/stm32f4xx_hal_dma_ex.o
LOAD ./system/src/stm32f4-hal/stm32f4xx_hal_flash.o
LOAD ./system/src/stm32f4-hal/stm32f4xx_hal_gpio.o
LOAD ./system/src/stm32f4-hal/stm32f4xx_hal_iwdg.o
LOAD ./system/src/stm32f4-hal/stm32f4xx_hal_pwr.o
LOAD ./system/src/stm32f4-hal/stm32f4xx_hal_rcc.o
LOAD ./system/src/stm32f4-hal/stm32f4xx_hal_tim.o
LOAD ./system/src/stm32f4-hal/stm32f4xx_hal_tim_ex.o
LOAD ./system/src/newlib/_cxx.o
LOAD ./system/src/newlib/_exit.o
LOAD ./system/src/newlib/_sbrk.o
LOAD ./system/src/newlib/_startup.o
LOAD ./system/src/newlib/_syscalls.o
LOAD ./system/src/newlib/assert.o
LOAD ./system/src/diag/Trace.o
LOAD ./system/src/diag/trace_impl.o
LOAD ./system/src/cortexm/_initialize_hardware.o
LOAD ./system/src/cortexm/_reset_hardware.o
LOAD ./system/src/cortexm/exception_handlers.o
LOAD ./system/src/cmsis/startup_stm32f401xe.o
LOAD ./system/src/cmsis/system_stm32f4xx.o
LOAD ./src/FIRFilter.o
LOAD ./src/freertos.o
LOAD ./src/main.o
LOAD ./src/stm32f4xx_hal_msp.o
LOAD ./src/stm32f4xx_hal_timebase_TIM.o
LOAD ./src/stm32f4xx_it.o
LOAD ./Middlewares/Third_Party/FreeRTOS/Source/portable/MemMang/heap_4.o
LOAD ./Middlewares/Third_Party/FreeRTOS/Source/portable/GCC/ARM_CM4F/port.o
LOAD ./Middlewares/Third_Party/FreeRTOS/Source/CMSIS_RTOS/cmsis_os.o
LOAD ./Middlewares/Third_Party/FreeRTOS/Source/croutine.o
LOAD ./Middlewares/Third_Party/FreeRTOS/Source/event_groups.o
LOAD ./Middlewares/Third_Party/FreeRTOS/Source/list.o
LOAD ./Middlewares/Third_Party/FreeRTOS/Source/queue.o
LOAD ./Middlewares/Third_Party/FreeRTOS/Source/tasks.o
LOAD ./Middlewares/Third_Party/FreeRTOS/Source/timers.o
LOAD c:/users/niokr/appdata/roaming/gnu tools arm embedded/7 2017-q4-major/bin/../lib/gcc/arm-none-eabi/7.2.1/../../../../arm-none-eabi/lib/thumb/v7e-m/fpv4-sp/hard\libstdc++_nano.a
LOAD c:/users/niokr/appdata/roaming/gnu tools arm embedded/7 2017-q4-major/bin/../lib/gcc/arm-none-eabi/7.2.1/../../../../arm-none-eabi/lib/thumb/v7e-m/fpv4-sp/hard\libm.a
START GROUP
LOAD c:/users/niokr/appdata/roaming/gnu tools arm embedded/7 2017-q4-major/bin/../lib/gcc/arm-none-eabi/7.2.1/thumb/v7e-m/fpv4-sp/hard\libgcc.a
LOAD c:/users/niokr/appdata/roaming/gnu tools arm embedded/7 2017-q4-major/bin/../lib/gcc/arm-none-eabi/7.2.1/../../../../arm-none-eabi/lib/thumb/v7e-m/fpv4-sp/hard\libg_nano.a
LOAD c:/users/niokr/appdata/roaming/gnu tools arm embedded/7 2017-q4-major/bin/../lib/gcc/arm-none-eabi/7.2.1/../../../../arm-none-eabi/lib/thumb/v7e-m/fpv4-sp/hard\libc_nano.a
END GROUP
START GROUP
LOAD c:/users/niokr/appdata/roaming/gnu tools arm embedded/7 2017-q4-major/bin/../lib/gcc/arm-none-eabi/7.2.1/thumb/v7e-m/fpv4-sp/hard\libgcc.a
LOAD c:/users/niokr/appdata/roaming/gnu tools arm embedded/7 2017-q4-major/bin/../lib/gcc/arm-none-eabi/7.2.1/../../../../arm-none-eabi/lib/thumb/v7e-m/fpv4-sp/hard\libc_nano.a
LOAD c:/users/niokr/appdata/roaming/gnu tools arm embedded/7 2017-q4-major/bin/../lib/gcc/arm-none-eabi/7.2.1/../../../../arm-none-eabi/lib/thumb/v7e-m/fpv4-sp/hard\libnosys.a
END GROUP
START GROUP
LOAD c:/users/niokr/appdata/roaming/gnu tools arm embedded/7 2017-q4-major/bin/../lib/gcc/arm-none-eabi/7.2.1/thumb/v7e-m/fpv4-sp/hard\libgcc.a
LOAD c:/users/niokr/appdata/roaming/gnu tools arm embedded/7 2017-q4-major/bin/../lib/gcc/arm-none-eabi/7.2.1/../../../../arm-none-eabi/lib/thumb/v7e-m/fpv4-sp/hard\libc_nano.a
LOAD c:/users/niokr/appdata/roaming/gnu tools arm embedded/7 2017-q4-major/bin/../lib/gcc/arm-none-eabi/7.2.1/../../../../arm-none-eabi/lib/thumb/v7e-m/fpv4-sp/hard\libnosys.a
END GROUP
                0x20010000                __stack = (ORIGIN (RAM) + LENGTH (RAM))
                0x20010000                _estack = __stack
                0x00000400                __Main_Stack_Size = 0x400
                [!provide]                PROVIDE (_Main_Stack_Size, __Main_Stack_Size)
                0x2000fc00                __Main_Stack_Limit = (__stack - __Main_Stack_Size)
                [!provide]                PROVIDE (_Main_Stack_Limit, __Main_Stack_Limit)
                0x00000100                _Minimum_Stack_Size = 0x100
                0x2000bff0                PROVIDE (_Heap_Begin, _end_noinit)
                0x2000fc00                PROVIDE (_Heap_Limit, (__stack - __Main_Stack_Size))

.isr_vector     0x08000000      0x3f0
 FILL mask 0xff
                0x08000000                __vectors_start = ABSOLUTE (.)
                0x08000000                __vectors_start__ = ABSOLUTE (.)
 *(.isr_vector)
 .isr_vector    0x08000000      0x194 ./system/src/cmsis/startup_stm32f401xe.o
                0x08000000                g_pfnVectors
 *(.cfmconfig)
 *(.after_vectors .after_vectors.*)
 .after_vectors
                0x08000194      0x130 ./system/src/newlib/_startup.o
                0x08000194                _start
 .after_vectors
                0x080002c4      0x12c ./system/src/cortexm/exception_handlers.o
                0x080002c4                Reset_Handler
                0x080002e2                HardFault_Handler_C
                0x08000358                BusFault_Handler_C
                0x080003a0                UsageFault_Handler_C

.inits          0x080003f0       0x28
                0x080003f0                __data_regions_array_start = .
                0x080003f0        0x4 LONG 0x8004cb4 LOADADDR (.data)
                0x080003f4        0x4 LONG 0x20000000 ADDR (.data)
                0x080003f8        0x4 LONG 0x20000080 (ADDR (.data) + SIZEOF (.data))
                0x080003fc        0x4 LONG 0x8004cb4 LOADADDR (.data_CCMRAM)
                0x08000400        0x4 LONG 0x10000000 ADDR (.data_CCMRAM)
                0x08000404        0x4 LONG 0x10000000 (ADDR (.data_CCMRAM) + SIZEOF (.data_CCMRAM))
                0x08000408                __data_regions_array_end = .
                0x08000408                __bss_regions_array_start = .
                0x08000408        0x4 LONG 0x20000080 ADDR (.bss)
                0x0800040c        0x4 LONG 0x2000bff0 (ADDR (.bss) + SIZEOF (.bss))
                0x08000410        0x4 LONG 0x10000000 ADDR (.bss_CCMRAM)
                0x08000414        0x4 LONG 0x10000000 (ADDR (.bss_CCMRAM) + SIZEOF (.bss_CCMRAM))
                0x08000418                __bss_regions_array_end = .
 *(.init)
 *(.fini)
                0x08000418                . = ALIGN (0x4)
                0x08000418                PROVIDE (__preinit_array_start, .)
 *(.preinit_array_sysinit .preinit_array_sysinit.*)
 *(.preinit_array_platform .preinit_array_platform.*)
 *(.preinit_array .preinit_array.*)
                0x08000418                PROVIDE (__preinit_array_end, .)
                0x08000418                . = ALIGN (0x4)
                0x08000418                PROVIDE (__init_array_start, .)
 *(SORT_BY_NAME(.init_array.*))
 *(.init_array)
                0x08000418                PROVIDE (__init_array_end, .)
                0x08000418                . = ALIGN (0x4)
                0x08000418                PROVIDE (__fini_array_start, .)
 *(SORT_BY_NAME(.fini_array.*))
 *(.fini_array)
                0x08000418                PROVIDE (__fini_array_end, .)

.flashtext
 *(.flashtext .flashtext.*)

.text           0x08000420     0x4893
 *(.text .text.*)
 .text.HAL_Init
                0x08000420       0x34 ./system/src/stm32f4-hal/stm32f4xx_hal.o
                0x08000420                HAL_Init
 .text.HAL_IncTick
                0x08000454       0x10 ./system/src/stm32f4-hal/stm32f4xx_hal.o
                0x08000454                HAL_IncTick
 .text.HAL_GetTick
                0x08000464        0xc ./system/src/stm32f4-hal/stm32f4xx_hal.o
                0x08000464                HAL_GetTick
 .text.ADC_Init
                0x08000470      0x158 ./system/src/stm32f4-hal/stm32f4xx_hal_adc.o
 .text.HAL_ADC_Init
                0x080005c8      0x1dc ./system/src/stm32f4-hal/stm32f4xx_hal_adc.o
                0x080005c8                HAL_ADC_Init
 .text.HAL_ADC_Start_DMA
                0x080007a4      0x17c ./system/src/stm32f4-hal/stm32f4xx_hal_adc.o
                0x080007a4                HAL_ADC_Start_DMA
 .text.ADC_DMAConvCplt
                0x08000920       0x62 ./system/src/stm32f4-hal/stm32f4xx_hal_adc.o
 .text.HAL_ADC_ConvHalfCpltCallback
                0x08000982        0x2 ./system/src/stm32f4-hal/stm32f4xx_hal_adc.o
                0x08000982                HAL_ADC_ConvHalfCpltCallback
 .text.ADC_DMAHalfConvCplt
                0x08000984        0xa ./system/src/stm32f4-hal/stm32f4xx_hal_adc.o
 .text.HAL_ADC_LevelOutOfWindowCallback
                0x0800098e        0x2 ./system/src/stm32f4-hal/stm32f4xx_hal_adc.o
                0x0800098e                HAL_ADC_LevelOutOfWindowCallback
 .text.HAL_ADC_ErrorCallback
                0x08000990        0x2 ./system/src/stm32f4-hal/stm32f4xx_hal_adc.o
                0x08000990                HAL_ADC_ErrorCallback
 *fill*         0x08000992        0x2 
 .text.HAL_ADC_IRQHandler
                0x08000994      0x190 ./system/src/stm32f4-hal/stm32f4xx_hal_adc.o
                0x08000994                HAL_ADC_IRQHandler
 .text.ADC_DMAError
                0x08000b24       0x16 ./system/src/stm32f4-hal/stm32f4xx_hal_adc.o
 *fill*         0x08000b3a        0x2 
 .text.HAL_ADC_ConfigChannel
                0x08000b3c      0x1cc ./system/src/stm32f4-hal/stm32f4xx_hal_adc.o
                0x08000b3c                HAL_ADC_ConfigChannel
 .text.HAL_ADCEx_InjectedConvCpltCallback
                0x08000d08        0x2 ./system/src/stm32f4-hal/stm32f4xx_hal_adc_ex.o
                0x08000d08                HAL_ADCEx_InjectedConvCpltCallback
 *fill*         0x08000d0a        0x2 
 .text.HAL_NVIC_SetPriorityGrouping
                0x08000d0c       0x3c ./system/src/stm32f4-hal/stm32f4xx_hal_cortex.o
                0x08000d0c                HAL_NVIC_SetPriorityGrouping
 .text.HAL_NVIC_SetPriority
                0x08000d48       0x8c ./system/src/stm32f4-hal/stm32f4xx_hal_cortex.o
                0x08000d48                HAL_NVIC_SetPriority
 .text.HAL_NVIC_EnableIRQ
                0x08000dd4       0x2c ./system/src/stm32f4-hal/stm32f4xx_hal_cortex.o
                0x08000dd4                HAL_NVIC_EnableIRQ
 .text.HAL_SYSTICK_Config
                0x08000e00       0x2c ./system/src/stm32f4-hal/stm32f4xx_hal_cortex.o
                0x08000e00                HAL_SYSTICK_Config
 .text.HAL_SYSTICK_CLKSourceConfig
                0x08000e2c       0x3c ./system/src/stm32f4-hal/stm32f4xx_hal_cortex.o
                0x08000e2c                HAL_SYSTICK_CLKSourceConfig
 .text.DMA_SetConfig
                0x08000e68       0x2c ./system/src/stm32f4-hal/stm32f4xx_hal_dma.o
 .text.DMA_CalcBaseAndBitshift
                0x08000e94       0x3c ./system/src/stm32f4-hal/stm32f4xx_hal_dma.o
 .text.DMA_CheckFifoParam
                0x08000ed0       0x9e ./system/src/stm32f4-hal/stm32f4xx_hal_dma.o
 *fill*         0x08000f6e        0x2 
 .text.HAL_DMA_Init
                0x08000f70      0x28c ./system/src/stm32f4-hal/stm32f4xx_hal_dma.o
                0x08000f70                HAL_DMA_Init
 .text.HAL_DMA_Start_IT
                0x080011fc       0xa0 ./system/src/stm32f4-hal/stm32f4xx_hal_dma.o
                0x080011fc                HAL_DMA_Start_IT
 .text.HAL_DMA_IRQHandler
                0x0800129c      0x1e4 ./system/src/stm32f4-hal/stm32f4xx_hal_dma.o
                0x0800129c                HAL_DMA_IRQHandler
 .text.HAL_GPIO_Init
                0x08001480      0x2ac ./system/src/stm32f4-hal/stm32f4xx_hal_gpio.o
                0x08001480                HAL_GPIO_Init
 .text.HAL_RCC_OscConfig
                0x0800172c      0x43c ./system/src/stm32f4-hal/stm32f4xx_hal_rcc.o
                0x0800172c                HAL_RCC_OscConfig
 .text.HAL_RCC_GetSysClockFreq
                0x08001b68       0x94 ./system/src/stm32f4-hal/stm32f4xx_hal_rcc.o
                0x08001b68                HAL_RCC_GetSysClockFreq
 .text.HAL_RCC_ClockConfig
                0x08001bfc      0x258 ./system/src/stm32f4-hal/stm32f4xx_hal_rcc.o
                0x08001bfc                HAL_RCC_ClockConfig
 .text.HAL_RCC_GetHCLKFreq
                0x08001e54        0xc ./system/src/stm32f4-hal/stm32f4xx_hal_rcc.o
                0x08001e54                HAL_RCC_GetHCLKFreq
 .text.HAL_RCC_GetPCLK2Freq
                0x08001e60       0x2c ./system/src/stm32f4-hal/stm32f4xx_hal_rcc.o
                0x08001e60                HAL_RCC_GetPCLK2Freq
 .text.HAL_RCC_GetClockConfig
                0x08001e8c       0x3c ./system/src/stm32f4-hal/stm32f4xx_hal_rcc.o
                0x08001e8c                HAL_RCC_GetClockConfig
 .text.TIM_TI1_ConfigInputStage
                0x08001ec8       0x26 ./system/src/stm32f4-hal/stm32f4xx_hal_tim.o
 .text.TIM_TI2_ConfigInputStage
                0x08001eee       0x28 ./system/src/stm32f4-hal/stm32f4xx_hal_tim.o
 .text.TIM_ITRx_SetConfig
                0x08001f16       0x10 ./system/src/stm32f4-hal/stm32f4xx_hal_tim.o
 .text.TIM_ETR_SetConfig
                0x08001f26       0x18 ./system/src/stm32f4-hal/stm32f4xx_hal_tim.o
 *fill*         0x08001f3e        0x2 
 .text.HAL_TIM_Base_Start_IT
                0x08001f40       0x6c ./system/src/stm32f4-hal/stm32f4xx_hal_tim.o
                0x08001f40                HAL_TIM_Base_Start_IT
 .text.HAL_TIM_ConfigClockSource
                0x08001fac      0x4f8 ./system/src/stm32f4-hal/stm32f4xx_hal_tim.o
                0x08001fac                HAL_TIM_ConfigClockSource
 .text.HAL_TIM_OC_DelayElapsedCallback
                0x080024a4        0x2 ./system/src/stm32f4-hal/stm32f4xx_hal_tim.o
                0x080024a4                HAL_TIM_OC_DelayElapsedCallback
 .text.HAL_TIM_IC_CaptureCallback
                0x080024a6        0x2 ./system/src/stm32f4-hal/stm32f4xx_hal_tim.o
                0x080024a6                HAL_TIM_IC_CaptureCallback
 .text.HAL_TIM_PWM_PulseFinishedCallback
                0x080024a8        0x2 ./system/src/stm32f4-hal/stm32f4xx_hal_tim.o
                0x080024a8                HAL_TIM_PWM_PulseFinishedCallback
 .text.HAL_TIM_TriggerCallback
                0x080024aa        0x2 ./system/src/stm32f4-hal/stm32f4xx_hal_tim.o
                0x080024aa                HAL_TIM_TriggerCallback
 .text.HAL_TIM_IRQHandler
                0x080024ac      0x17a ./system/src/stm32f4-hal/stm32f4xx_hal_tim.o
                0x080024ac                HAL_TIM_IRQHandler
 *fill*         0x08002626        0x2 
 .text.TIM_Base_SetConfig
                0x08002628       0x94 ./system/src/stm32f4-hal/stm32f4xx_hal_tim.o
                0x08002628                TIM_Base_SetConfig
 .text.HAL_TIM_Base_Init
                0x080026bc       0xbc ./system/src/stm32f4-hal/stm32f4xx_hal_tim.o
                0x080026bc                HAL_TIM_Base_Init
 .text.HAL_TIMEx_MasterConfigSynchronization
                0x08002778       0xcc ./system/src/stm32f4-hal/stm32f4xx_hal_tim_ex.o
                0x08002778                HAL_TIMEx_MasterConfigSynchronization
 .text.HAL_TIMEx_CommutationCallback
                0x08002844        0x2 ./system/src/stm32f4-hal/stm32f4xx_hal_tim_ex.o
                0x08002844                HAL_TIMEx_CommutationCallback
 .text.HAL_TIMEx_BreakCallback
                0x08002846        0x2 ./system/src/stm32f4-hal/stm32f4xx_hal_tim_ex.o
                0x08002846                HAL_TIMEx_BreakCallback
 .text._exit    0x08002848        0x2 ./system/src/newlib/_exit.o
                0x08002848                _exit
 *fill*         0x0800284a        0x2 
 .text._sbrk    0x0800284c       0x44 ./system/src/newlib/_sbrk.o
                0x0800284c                _sbrk
 .text.__initialize_args
                0x08002890       0x10 ./system/src/newlib/_syscalls.o
                0x08002890                __initialize_args
 .text.trace_printf
                0x080028a0       0x30 ./system/src/diag/Trace.o
                0x080028a0                trace_printf
 .text._trace_write_semihosting_debug
                0x080028d0       0x60 ./system/src/diag/trace_impl.o
 .text.trace_write
                0x08002930        0x8 ./system/src/diag/trace_impl.o
                0x08002930                trace_write
 .text.__initialize_hardware_early
                0x08002938       0x24 ./system/src/cortexm/_initialize_hardware.o
                0x08002938                __initialize_hardware_early
 .text.__initialize_hardware
                0x0800295c        0x8 ./system/src/cortexm/_initialize_hardware.o
                0x0800295c                __initialize_hardware
 .text.dumpExceptionStack
                0x08002964       0xf4 ./system/src/cortexm/exception_handlers.o
                0x08002964                dumpExceptionStack
 .text.isSemihosting
                0x08002a58       0x20 ./system/src/cortexm/exception_handlers.o
                0x08002a58                isSemihosting
 .text.Default_Handler
                0x08002a78        0x2 ./system/src/cmsis/startup_stm32f401xe.o
                0x08002a78                RTC_Alarm_IRQHandler
                0x08002a78                EXTI2_IRQHandler
                0x08002a78                SPI4_IRQHandler
                0x08002a78                TIM1_CC_IRQHandler
                0x08002a78                DMA2_Stream5_IRQHandler
                0x08002a78                DMA1_Stream5_IRQHandler
                0x08002a78                PVD_IRQHandler
                0x08002a78                SDIO_IRQHandler
                0x08002a78                TAMP_STAMP_IRQHandler
                0x08002a78                EXTI3_IRQHandler
                0x08002a78                I2C3_ER_IRQHandler
                0x08002a78                EXTI0_IRQHandler
                0x08002a78                I2C2_EV_IRQHandler
                0x08002a78                DMA1_Stream2_IRQHandler
                0x08002a78                FPU_IRQHandler
                0x08002a78                DMA2_Stream2_IRQHandler
                0x08002a78                SPI1_IRQHandler
                0x08002a78                TIM1_BRK_TIM9_IRQHandler
                0x08002a78                DMA2_Stream3_IRQHandler
                0x08002a78                USART6_IRQHandler
                0x08002a78                TIM4_IRQHandler
                0x08002a78                I2C1_EV_IRQHandler
                0x08002a78                DMA1_Stream6_IRQHandler
                0x08002a78                DMA1_Stream1_IRQHandler
                0x08002a78                TIM3_IRQHandler
                0x08002a78                RCC_IRQHandler
                0x08002a78                Default_Handler
                0x08002a78                EXTI15_10_IRQHandler
                0x08002a78                DMA1_Stream7_IRQHandler
                0x08002a78                TIM5_IRQHandler
                0x08002a78                DMA2_Stream7_IRQHandler
                0x08002a78                I2C3_EV_IRQHandler
                0x08002a78                EXTI9_5_IRQHandler
                0x08002a78                RTC_WKUP_IRQHandler
                0x08002a78                SPI2_IRQHandler
                0x08002a78                DMA1_Stream0_IRQHandler
                0x08002a78                EXTI4_IRQHandler
                0x08002a78                WWDG_IRQHandler
                0x08002a78                OTG_FS_WKUP_IRQHandler
                0x08002a78                TIM1_TRG_COM_TIM11_IRQHandler
                0x08002a78                EXTI1_IRQHandler
                0x08002a78                USART2_IRQHandler
                0x08002a78                I2C2_ER_IRQHandler
                0x08002a78                DMA2_Stream1_IRQHandler
                0x08002a78                FLASH_IRQHandler
                0x08002a78                DMA2_Stream4_IRQHandler
                0x08002a78                USART1_IRQHandler
                0x08002a78                OTG_FS_IRQHandler
                0x08002a78                SPI3_IRQHandler
                0x08002a78                DMA1_Stream4_IRQHandler
                0x08002a78                I2C1_ER_IRQHandler
                0x08002a78                DMA2_Stream6_IRQHandler
                0x08002a78                DMA1_Stream3_IRQHandler
 *fill*         0x08002a7a        0x2 
 .text.SystemInit
                0x08002a7c       0x4c ./system/src/cmsis/system_stm32f4xx.o
                0x08002a7c                SystemInit
 .text.SystemCoreClockUpdate
                0x08002ac8       0xa0 ./system/src/cmsis/system_stm32f4xx.o
                0x08002ac8                SystemCoreClockUpdate
 .text.FIRFilter_init
                0x08002b68       0x16 ./src/FIRFilter.o
                0x08002b68                FIRFilter_init
 .text.FIRFilter_put
                0x08002b7e       0x16 ./src/FIRFilter.o
                0x08002b7e                FIRFilter_put
 .text.FIRFilter_get
                0x08002b94       0xdc ./src/FIRFilter.o
                0x08002b94                FIRFilter_get
 .text.MX_GPIO_Init
                0x08002c70       0xcc ./src/main.o
 .text.MX_DMA_Init
                0x08002d3c       0x34 ./src/main.o
 .text.StartIndicatorTask
                0x08002d70        0xc ./src/main.o
                0x08002d70                StartIndicatorTask
 .text.HAL_TIM_PeriodElapsedCallback
                0x08002d7c       0x18 ./src/main.o
                0x08002d7c                HAL_TIM_PeriodElapsedCallback
 .text.assign_work
                0x08002d94        0xc ./src/main.o
                0x08002d94                assign_work
 .text.HAL_ADC_ConvCpltCallback
                0x08002da0       0x44 ./src/main.o
                0x08002da0                HAL_ADC_ConvCpltCallback
 .text.get_work
                0x08002de4        0xc ./src/main.o
                0x08002de4                get_work
 .text.get_average
                0x08002df0       0x22 ./src/main.o
                0x08002df0                get_average
 .text.sub_average
                0x08002e12       0x20 ./src/main.o
                0x08002e12                sub_average
 .text.apply_filter
                0x08002e32       0x4a ./src/main.o
                0x08002e32                apply_filter
 .text.apply_window
                0x08002e7c       0x42 ./src/main.o
                0x08002e7c                apply_window
 *fill*         0x08002ebe        0x2 
 .text.StartADCTask
                0x08002ec0       0x64 ./src/main.o
                0x08002ec0                StartADCTask
 .text._Error_Handler
                0x08002f24        0x2 ./src/main.o
                0x08002f24                _Error_Handler
 *fill*         0x08002f26        0x2 
 .text.MX_ADC1_Init
                0x08002f28       0x70 ./src/main.o
 .text.MX_TIM2_Init
                0x08002f98       0x70 ./src/main.o
 .text.SystemClock_Config
                0x08003008       0xc0 ./src/main.o
                0x08003008                SystemClock_Config
 .text.main     0x080030c8       0x60 ./src/main.o
                0x080030c8                main
 .text.assert_failed
                0x08003128        0x2 ./src/main.o
                0x08003128                assert_failed
 .text.HAL_MspInit
                0x0800312a       0x5e ./src/stm32f4xx_hal_msp.o
                0x0800312a                HAL_MspInit
 .text.HAL_ADC_MspInit
                0x08003188       0xa4 ./src/stm32f4xx_hal_msp.o
                0x08003188                HAL_ADC_MspInit
 .text.HAL_TIM_Base_MspInit
                0x0800322c       0x3c ./src/stm32f4xx_hal_msp.o
                0x0800322c                HAL_TIM_Base_MspInit
 .text.HAL_InitTick
                0x08003268       0x78 ./src/stm32f4xx_hal_timebase_TIM.o
                0x08003268                HAL_InitTick
 .text.NMI_Handler
                0x080032e0        0x2 ./src/stm32f4xx_it.o
                0x080032e0                NMI_Handler
 .text.HardFault_Handler
                0x080032e2        0x2 ./src/stm32f4xx_it.o
                0x080032e2                HardFault_Handler
 .text.MemManage_Handler
                0x080032e4        0x2 ./src/stm32f4xx_it.o
                0x080032e4                MemManage_Handler
 .text.BusFault_Handler
                0x080032e6        0x2 ./src/stm32f4xx_it.o
                0x080032e6                BusFault_Handler
 .text.UsageFault_Handler
                0x080032e8        0x2 ./src/stm32f4xx_it.o
                0x080032e8                UsageFault_Handler
 .text.DebugMon_Handler
                0x080032ea        0x2 ./src/stm32f4xx_it.o
                0x080032ea                DebugMon_Handler
 .text.SysTick_Handler
                0x080032ec        0x8 ./src/stm32f4xx_it.o
                0x080032ec                SysTick_Handler
 .text.ADC_IRQHandler
                0x080032f4       0x10 ./src/stm32f4xx_it.o
                0x080032f4                ADC_IRQHandler
 .text.TIM1_UP_TIM10_IRQHandler
                0x08003304       0x10 ./src/stm32f4xx_it.o
                0x08003304                TIM1_UP_TIM10_IRQHandler
 .text.TIM2_IRQHandler
                0x08003314       0x2c ./src/stm32f4xx_it.o
                0x08003314                TIM2_IRQHandler
 .text.DMA2_Stream0_IRQHandler
                0x08003340       0x10 ./src/stm32f4xx_it.o
                0x08003340                DMA2_Stream0_IRQHandler
 .text.prvHeapInit
                0x08003350       0x64 ./Middlewares/Third_Party/FreeRTOS/Source/portable/MemMang/heap_4.o
 .text.prvInsertBlockIntoFreeList
                0x080033b4       0x58 ./Middlewares/Third_Party/FreeRTOS/Source/portable/MemMang/heap_4.o
 .text.pvPortMalloc
                0x0800340c      0x108 ./Middlewares/Third_Party/FreeRTOS/Source/portable/MemMang/heap_4.o
                0x0800340c                pvPortMalloc
 .text.vPortFree
                0x08003514       0x70 ./Middlewares/Third_Party/FreeRTOS/Source/portable/MemMang/heap_4.o
                0x08003514                vPortFree
 .text.prvTaskExitError
                0x08003584       0x34 ./Middlewares/Third_Party/FreeRTOS/Source/portable/GCC/ARM_CM4F/port.o
 .text.prvPortStartFirstTask
                0x080035b8       0x20 ./Middlewares/Third_Party/FreeRTOS/Source/portable/GCC/ARM_CM4F/port.o
 .text.vPortEnableVFP
                0x080035d8       0x14 ./Middlewares/Third_Party/FreeRTOS/Source/portable/GCC/ARM_CM4F/port.o
 .text.pxPortInitialiseStack
                0x080035ec       0x2c ./Middlewares/Third_Party/FreeRTOS/Source/portable/GCC/ARM_CM4F/port.o
                0x080035ec                pxPortInitialiseStack
 *fill*         0x08003618        0x8 
 .text.SVC_Handler
                0x08003620       0x24 ./Middlewares/Third_Party/FreeRTOS/Source/portable/GCC/ARM_CM4F/port.o
                0x08003620                SVC_Handler
 .text.vPortEnterCritical
                0x08003644       0x44 ./Middlewares/Third_Party/FreeRTOS/Source/portable/GCC/ARM_CM4F/port.o
                0x08003644                vPortEnterCritical
 .text.vPortExitCritical
                0x08003688       0x2c ./Middlewares/Third_Party/FreeRTOS/Source/portable/GCC/ARM_CM4F/port.o
                0x08003688                vPortExitCritical
 *fill*         0x080036b4        0xc 
 .text.PendSV_Handler
                0x080036c0       0x64 ./Middlewares/Third_Party/FreeRTOS/Source/portable/GCC/ARM_CM4F/port.o
                0x080036c0                PendSV_Handler
 .text.xPortSysTickHandler
                0x08003724       0x2c ./Middlewares/Third_Party/FreeRTOS/Source/portable/GCC/ARM_CM4F/port.o
                0x08003724                xPortSysTickHandler
 .text.vPortSetupTimerInterrupt
                0x08003750       0x2c ./Middlewares/Third_Party/FreeRTOS/Source/portable/GCC/ARM_CM4F/port.o
                0x08003750                vPortSetupTimerInterrupt
 .text.xPortStartScheduler
                0x0800377c       0xec ./Middlewares/Third_Party/FreeRTOS/Source/portable/GCC/ARM_CM4F/port.o
                0x0800377c                xPortStartScheduler
 .text.makeFreeRtosPriority
                0x08003868        0xc ./Middlewares/Third_Party/FreeRTOS/Source/CMSIS_RTOS/cmsis_os.o
 .text.osKernelStart
                0x08003874        0xa ./Middlewares/Third_Party/FreeRTOS/Source/CMSIS_RTOS/cmsis_os.o
                0x08003874                osKernelStart
 .text.osThreadCreate
                0x0800387e       0x34 ./Middlewares/Third_Party/FreeRTOS/Source/CMSIS_RTOS/cmsis_os.o
                0x0800387e                osThreadCreate
 .text.osDelay  0x080038b2       0x12 ./Middlewares/Third_Party/FreeRTOS/Source/CMSIS_RTOS/cmsis_os.o
                0x080038b2                osDelay
 .text.osSystickHandler
                0x080038c4       0x10 ./Middlewares/Third_Party/FreeRTOS/Source/CMSIS_RTOS/cmsis_os.o
                0x080038c4                osSystickHandler
 .text.vListInitialise
                0x080038d4       0x16 ./Middlewares/Third_Party/FreeRTOS/Source/list.o
                0x080038d4                vListInitialise
 .text.vListInitialiseItem
                0x080038ea        0x6 ./Middlewares/Third_Party/FreeRTOS/Source/list.o
                0x080038ea                vListInitialiseItem
 .text.vListInsertEnd
                0x080038f0       0x18 ./Middlewares/Third_Party/FreeRTOS/Source/list.o
                0x080038f0                vListInsertEnd
 .text.vListInsert
                0x08003908       0x34 ./Middlewares/Third_Party/FreeRTOS/Source/list.o
                0x08003908                vListInsert
 .text.uxListRemove
                0x0800393c       0x26 ./Middlewares/Third_Party/FreeRTOS/Source/list.o
                0x0800393c                uxListRemove
 *fill*         0x08003962        0x2 
 .text.prvResetNextTaskUnblockTime
                0x08003964       0x2c ./Middlewares/Third_Party/FreeRTOS/Source/tasks.o
 .text.prvDeleteTCB
                0x08003990       0x12 ./Middlewares/Third_Party/FreeRTOS/Source/tasks.o
 .text.prvInitialiseNewTask
                0x080039a2       0x80 ./Middlewares/Third_Party/FreeRTOS/Source/tasks.o
 *fill*         0x08003a22        0x2 
 .text.prvInitialiseTaskLists
                0x08003a24       0x68 ./Middlewares/Third_Party/FreeRTOS/Source/tasks.o
 .text.prvAddNewTaskToReadyList
                0x08003a8c       0xa8 ./Middlewares/Third_Party/FreeRTOS/Source/tasks.o
 .text.prvAddCurrentTaskToDelayedList
                0x08003b34       0x98 ./Middlewares/Third_Party/FreeRTOS/Source/tasks.o
 .text.xTaskCreate
                0x08003bcc       0x62 ./Middlewares/Third_Party/FreeRTOS/Source/tasks.o
                0x08003bcc                xTaskCreate
 *fill*         0x08003c2e        0x2 
 .text.vTaskStartScheduler
                0x08003c30       0x7c ./Middlewares/Third_Party/FreeRTOS/Source/tasks.o
                0x08003c30                vTaskStartScheduler
 .text.vTaskSuspendAll
                0x08003cac       0x10 ./Middlewares/Third_Party/FreeRTOS/Source/tasks.o
                0x08003cac                vTaskSuspendAll
 .text.xTaskIncrementTick
                0x08003cbc      0x118 ./Middlewares/Third_Party/FreeRTOS/Source/tasks.o
                0x08003cbc                xTaskIncrementTick
 .text.xTaskResumeAll
                0x08003dd4       0xf4 ./Middlewares/Third_Party/FreeRTOS/Source/tasks.o
                0x08003dd4                xTaskResumeAll
 .text.vTaskDelay
                0x08003ec8       0x4c ./Middlewares/Third_Party/FreeRTOS/Source/tasks.o
                0x08003ec8                vTaskDelay
 .text.prvCheckTasksWaitingTermination
                0x08003f14       0x5c ./Middlewares/Third_Party/FreeRTOS/Source/tasks.o
 .text.prvIdleTask
                0x08003f70       0x28 ./Middlewares/Third_Party/FreeRTOS/Source/tasks.o
 .text.vTaskSwitchContext
                0x08003f98       0x98 ./Middlewares/Third_Party/FreeRTOS/Source/tasks.o
                0x08003f98                vTaskSwitchContext
 .text.xTaskGetSchedulerState
                0x08004030       0x20 ./Middlewares/Third_Party/FreeRTOS/Source/tasks.o
                0x08004030                xTaskGetSchedulerState
 .text.abs      0x08004050        0x8 c:/users/niokr/appdata/roaming/gnu tools arm embedded/7 2017-q4-major/bin/../lib/gcc/arm-none-eabi/7.2.1/../../../../arm-none-eabi/lib/thumb/v7e-m/fpv4-sp/hard\libg_nano.a(lib_a-abs.o)
                0x08004050                abs
 .text.__errno  0x08004058        0xc c:/users/niokr/appdata/roaming/gnu tools arm embedded/7 2017-q4-major/bin/../lib/gcc/arm-none-eabi/7.2.1/../../../../arm-none-eabi/lib/thumb/v7e-m/fpv4-sp/hard\libg_nano.a(lib_a-errno.o)
                0x08004058                __errno
 .text.memcpy   0x08004064       0x16 c:/users/niokr/appdata/roaming/gnu tools arm embedded/7 2017-q4-major/bin/../lib/gcc/arm-none-eabi/7.2.1/../../../../arm-none-eabi/lib/thumb/v7e-m/fpv4-sp/hard\libg_nano.a(lib_a-memcpy-stub.o)
                0x08004064                memcpy
 .text._vsnprintf_r
                0x0800407a       0x58 c:/users/niokr/appdata/roaming/gnu tools arm embedded/7 2017-q4-major/bin/../lib/gcc/arm-none-eabi/7.2.1/../../../../arm-none-eabi/lib/thumb/v7e-m/fpv4-sp/hard\libg_nano.a(lib_a-vsnprintf.o)
                0x0800407a                _vsniprintf_r
                0x0800407a                _vsnprintf_r
 *fill*         0x080040d2        0x2 
 .text.vsnprintf
                0x080040d4       0x1c c:/users/niokr/appdata/roaming/gnu tools arm embedded/7 2017-q4-major/bin/../lib/gcc/arm-none-eabi/7.2.1/../../../../arm-none-eabi/lib/thumb/v7e-m/fpv4-sp/hard\libg_nano.a(lib_a-vsnprintf.o)
                0x080040d4                vsniprintf
                0x080040d4                vsnprintf
 .text.__ssputs_r
                0x080040f0       0xb4 c:/users/niokr/appdata/roaming/gnu tools arm embedded/7 2017-q4-major/bin/../lib/gcc/arm-none-eabi/7.2.1/../../../../arm-none-eabi/lib/thumb/v7e-m/fpv4-sp/hard\libg_nano.a(lib_a-nano-svfprintf.o)
                0x080040f0                __ssputs_r
 .text._svfprintf_r
                0x080041a4      0x1ec c:/users/niokr/appdata/roaming/gnu tools arm embedded/7 2017-q4-major/bin/../lib/gcc/arm-none-eabi/7.2.1/../../../../arm-none-eabi/lib/thumb/v7e-m/fpv4-sp/hard\libg_nano.a(lib_a-nano-svfprintf.o)
                0x080041a4                _svfiprintf_r
                0x080041a4                _svfprintf_r
 .text._printf_common
                0x08004390       0xea c:/users/niokr/appdata/roaming/gnu tools arm embedded/7 2017-q4-major/bin/../lib/gcc/arm-none-eabi/7.2.1/../../../../arm-none-eabi/lib/thumb/v7e-m/fpv4-sp/hard\libg_nano.a(lib_a-nano-vfprintf_i.o)
                0x08004390                _printf_common
 *fill*         0x0800447a        0x2 
 .text._printf_i
                0x0800447c      0x224 c:/users/niokr/appdata/roaming/gnu tools arm embedded/7 2017-q4-major/bin/../lib/gcc/arm-none-eabi/7.2.1/../../../../arm-none-eabi/lib/thumb/v7e-m/fpv4-sp/hard\libg_nano.a(lib_a-nano-vfprintf_i.o)
                0x0800447c                _printf_i
 .text          0x080046a0       0xa0 c:/users/niokr/appdata/roaming/gnu tools arm embedded/7 2017-q4-major/bin/../lib/gcc/arm-none-eabi/7.2.1/../../../../arm-none-eabi/lib/thumb/v7e-m/fpv4-sp/hard\libg_nano.a(lib_a-memchr.o)
                0x080046a0                memchr
 .text.memmove  0x08004740       0x32 c:/users/niokr/appdata/roaming/gnu tools arm embedded/7 2017-q4-major/bin/../lib/gcc/arm-none-eabi/7.2.1/../../../../arm-none-eabi/lib/thumb/v7e-m/fpv4-sp/hard\libg_nano.a(lib_a-memmove.o)
                0x08004740                memmove
 *fill*         0x08004772        0x2 
 .text._free_r  0x08004774       0x9c c:/users/niokr/appdata/roaming/gnu tools arm embedded/7 2017-q4-major/bin/../lib/gcc/arm-none-eabi/7.2.1/../../../../arm-none-eabi/lib/thumb/v7e-m/fpv4-sp/hard\libg_nano.a(lib_a-nano-freer.o)
                0x08004774                _free_r
 .text._malloc_r
                0x08004810       0xb4 c:/users/niokr/appdata/roaming/gnu tools arm embedded/7 2017-q4-major/bin/../lib/gcc/arm-none-eabi/7.2.1/../../../../arm-none-eabi/lib/thumb/v7e-m/fpv4-sp/hard\libg_nano.a(lib_a-nano-mallocr.o)
                0x08004810                _malloc_r
 .text._realloc_r
                0x080048c4       0x4c c:/users/niokr/appdata/roaming/gnu tools arm embedded/7 2017-q4-major/bin/../lib/gcc/arm-none-eabi/7.2.1/../../../../arm-none-eabi/lib/thumb/v7e-m/fpv4-sp/hard\libg_nano.a(lib_a-nano-reallocr.o)
                0x080048c4                _realloc_r
 .text._sbrk_r  0x08004910       0x20 c:/users/niokr/appdata/roaming/gnu tools arm embedded/7 2017-q4-major/bin/../lib/gcc/arm-none-eabi/7.2.1/../../../../arm-none-eabi/lib/thumb/v7e-m/fpv4-sp/hard\libg_nano.a(lib_a-sbrkr.o)
                0x08004910                _sbrk_r
 .text.__malloc_lock
                0x08004930        0x2 c:/users/niokr/appdata/roaming/gnu tools arm embedded/7 2017-q4-major/bin/../lib/gcc/arm-none-eabi/7.2.1/../../../../arm-none-eabi/lib/thumb/v7e-m/fpv4-sp/hard\libg_nano.a(lib_a-mlock.o)
                0x08004930                __malloc_lock
 .text.__malloc_unlock
                0x08004932        0x2 c:/users/niokr/appdata/roaming/gnu tools arm embedded/7 2017-q4-major/bin/../lib/gcc/arm-none-eabi/7.2.1/../../../../arm-none-eabi/lib/thumb/v7e-m/fpv4-sp/hard\libg_nano.a(lib_a-mlock.o)
                0x08004932                __malloc_unlock
 .text._malloc_usable_size_r
                0x08004934       0x10 c:/users/niokr/appdata/roaming/gnu tools arm embedded/7 2017-q4-major/bin/../lib/gcc/arm-none-eabi/7.2.1/../../../../arm-none-eabi/lib/thumb/v7e-m/fpv4-sp/hard\libg_nano.a(lib_a-nano-msizer.o)
                0x08004934                _malloc_usable_size_r
 *(.rodata .rodata.* .constdata .constdata.*)
 .rodata.ADC_Init.str1.4
                0x08004944       0x2e ./system/src/stm32f4-hal/stm32f4xx_hal_adc.o
 *fill*         0x08004972        0x2 
 .rodata.HAL_NVIC_SetPriorityGrouping.str1.4
                0x08004974       0x31 ./system/src/stm32f4-hal/stm32f4xx_hal_cortex.o
 *fill*         0x080049a5        0x3 
 .rodata.HAL_DMA_Init.str1.4
                0x080049a8       0x2e ./system/src/stm32f4-hal/stm32f4xx_hal_dma.o
 *fill*         0x080049d6        0x2 
 .rodata.flagBitshiftOffset.8385
                0x080049d8        0x8 ./system/src/stm32f4-hal/stm32f4xx_hal_dma.o
 .rodata.HAL_GPIO_Init.str1.4
                0x080049e0       0x2f ./system/src/stm32f4-hal/stm32f4xx_hal_gpio.o
 *fill*         0x08004a0f        0x1 
 .rodata.APBAHBPrescTable
                0x08004a10       0x10 ./system/src/stm32f4-hal/stm32f4xx_hal_rcc.o
                0x08004a10                APBAHBPrescTable
 .rodata.HAL_RCC_OscConfig.str1.4
                0x08004a20       0x2e ./system/src/stm32f4-hal/stm32f4xx_hal_rcc.o
 *fill*         0x08004a4e        0x2 
 .rodata.TIM_OC3_SetConfig.str1.4
                0x08004a50       0x2e ./system/src/stm32f4-hal/stm32f4xx_hal_tim.o
 *fill*         0x08004a7e        0x2 
 .rodata.TIM_CCxNChannelCmd.str1.4
                0x08004a80       0x31 ./system/src/stm32f4-hal/stm32f4xx_hal_tim_ex.o
 *fill*         0x08004ab1        0x3 
 .rodata.dumpExceptionStack.str1.4
                0x08004ab4      0x11a ./system/src/cortexm/exception_handlers.o
 *fill*         0x08004bce        0x2 
 .rodata.str1.4
                0x08004bd0       0x2a ./system/src/cortexm/exception_handlers.o
 *fill*         0x08004bfa        0x2 
 .rodata.AHBPrescTable
                0x08004bfc       0x10 ./system/src/cmsis/system_stm32f4xx.o
                0x08004bfc                AHBPrescTable
 .rodata        0x08004c0c       0x28 ./src/main.o
 .rodata.MX_ADC1_Init.str1.4
                0x08004c34        0xe ./src/main.o
 *fill*         0x08004c42        0x2 
 .rodata.str1.4
                0x08004c44       0x18 ./src/main.o
 .rodata.HAL_ADC_MspInit.str1.4
                0x08004c5c       0x1b ./src/stm32f4xx_hal_msp.o
 *fill*         0x08004c77        0x1 
 .rodata.vTaskStartScheduler.str1.4
                0x08004c78        0x8 ./Middlewares/Third_Party/FreeRTOS/Source/tasks.o
                                  0x5 (size before relaxing)
 .rodata._svfprintf_r.str1.1
                0x08004c80       0x11 c:/users/niokr/appdata/roaming/gnu tools arm embedded/7 2017-q4-major/bin/../lib/gcc/arm-none-eabi/7.2.1/../../../../arm-none-eabi/lib/thumb/v7e-m/fpv4-sp/hard\libg_nano.a(lib_a-nano-svfprintf.o)
 .rodata._printf_i.str1.1
                0x08004c91       0x22 c:/users/niokr/appdata/roaming/gnu tools arm embedded/7 2017-q4-major/bin/../lib/gcc/arm-none-eabi/7.2.1/../../../../arm-none-eabi/lib/thumb/v7e-m/fpv4-sp/hard\libg_nano.a(lib_a-nano-vfprintf_i.o)
 *(vtable)
 *(.eh_frame*)
 *(.glue_7)
 .glue_7        0x08004cb3        0x0 linker stubs
 *(.glue_7t)
 .glue_7t       0x08004cb3        0x0 linker stubs

.vfp11_veneer   0x08004cb4        0x0
 .vfp11_veneer  0x08004cb4        0x0 linker stubs

.v4_bx          0x08004cb4        0x0
 .v4_bx         0x08004cb4        0x0 linker stubs

.iplt           0x08004cb4        0x0
 .iplt          0x08004cb4        0x0 ./system/src/stm32f4-hal/stm32f4xx_hal.o

.rel.dyn        0x08004cb4        0x0
 .rel.iplt      0x08004cb4        0x0 ./system/src/stm32f4-hal/stm32f4xx_hal.o

.ARM.extab
 *(.ARM.extab* .gnu.linkonce.armextab.*)
                0x08004cb4                . = ALIGN (0x4)
                0x08004cb4                __exidx_start = .

.ARM.exidx
 *(.ARM.exidx* .gnu.linkonce.armexidx.*)
                0x08004cb4                __exidx_end = .
                0x08004cb4                . = ALIGN (0x4)
                0x08004cb4                _etext = .
                0x08004cb4                __etext = .

.data_CCMRAM    0x10000000        0x0 load address 0x08004cb4
 FILL mask 0xff
 *(.data.CCMRAM .data.CCMRAM.*)
                0x10000000                . = ALIGN (0x4)
                0x08004cb4                _sidata = LOADADDR (.data)

.data           0x20000000       0x80 load address 0x08004cb4
 FILL mask 0xff
                0x20000000                _sdata = .
                0x20000000                __data_start__ = .
 *(.data_begin .data_begin.*)
 .data_begin    0x20000000        0x4 ./system/src/newlib/_startup.o
 *(.data .data.*)
 .data.argv.5585
                0x20000004        0x8 ./system/src/newlib/_syscalls.o
 .data.SystemCoreClock
                0x2000000c        0x4 ./system/src/cmsis/system_stm32f4xx.o
                0x2000000c                SystemCoreClock
 .data.work_with
                0x20000010        0x1 ./src/main.o
                0x20000010                work_with
 *fill*         0x20000011        0x3 ff
 .data.uxCriticalNesting
                0x20000014        0x4 ./Middlewares/Third_Party/FreeRTOS/Source/portable/GCC/ARM_CM4F/port.o
 .data._impure_ptr
                0x20000018        0x4 c:/users/niokr/appdata/roaming/gnu tools arm embedded/7 2017-q4-major/bin/../lib/gcc/arm-none-eabi/7.2.1/../../../../arm-none-eabi/lib/thumb/v7e-m/fpv4-sp/hard\libg_nano.a(lib_a-impure.o)
                0x20000018                _impure_ptr
 .data.impure_data
                0x2000001c       0x60 c:/users/niokr/appdata/roaming/gnu tools arm embedded/7 2017-q4-major/bin/../lib/gcc/arm-none-eabi/7.2.1/../../../../arm-none-eabi/lib/thumb/v7e-m/fpv4-sp/hard\libg_nano.a(lib_a-impure.o)
 *(.data_end .data_end.*)
 .data_end      0x2000007c        0x4 ./system/src/newlib/_startup.o
                0x20000080                . = ALIGN (0x4)
                0x20000080                _edata = .
                0x20000080                __data_end__ = .

.igot.plt       0x20000080        0x0 load address 0x08004d34
 .igot.plt      0x20000080        0x0 ./system/src/stm32f4-hal/stm32f4xx_hal.o

.bss_CCMRAM     0x10000000        0x0
 *(.bss.CCMRAM .bss.CCMRAM.*)

.bss            0x20000080     0xbf70
                0x20000080                __bss_start__ = .
                0x20000080                _sbss = .
 *(.bss_begin .bss_begin.*)
 .bss_begin     0x20000080        0x4 ./system/src/newlib/_startup.o
 *(.bss .bss.*)
 .bss.current_heap_end.5236
                0x20000084        0x4 ./system/src/newlib/_sbrk.o
 .bss.name.5584
                0x20000088        0x1 ./system/src/newlib/_syscalls.o
 *fill*         0x20000089        0x3 
 .bss.buf.6480  0x2000008c       0x80 ./system/src/diag/Trace.o
 .bss.adc_counter
                0x2000010c        0x4 ./src/main.o
                0x2000010c                adc_counter
 .bss.average   0x20000110        0x4 ./src/main.o
                0x20000110                average
 .bss.pxEnd     0x20000114        0x4 ./Middlewares/Third_Party/FreeRTOS/Source/portable/MemMang/heap_4.o
 .bss.ucHeap    0x20000118     0x3c00 ./Middlewares/Third_Party/FreeRTOS/Source/portable/MemMang/heap_4.o
 .bss.xBlockAllocatedBit
                0x20003d18        0x4 ./Middlewares/Third_Party/FreeRTOS/Source/portable/MemMang/heap_4.o
 .bss.xFreeBytesRemaining
                0x20003d1c        0x4 ./Middlewares/Third_Party/FreeRTOS/Source/portable/MemMang/heap_4.o
 .bss.xMinimumEverFreeBytesRemaining
                0x20003d20        0x4 ./Middlewares/Third_Party/FreeRTOS/Source/portable/MemMang/heap_4.o
 .bss.xStart    0x20003d24        0x8 ./Middlewares/Third_Party/FreeRTOS/Source/portable/MemMang/heap_4.o
 .bss.ucMaxSysCallPriority
                0x20003d2c        0x1 ./Middlewares/Third_Party/FreeRTOS/Source/portable/GCC/ARM_CM4F/port.o
 *fill*         0x20003d2d        0x3 
 .bss.ulMaxPRIGROUPValue
                0x20003d30        0x4 ./Middlewares/Third_Party/FreeRTOS/Source/portable/GCC/ARM_CM4F/port.o
 .bss.pxCurrentTCB
                0x20003d34        0x4 ./Middlewares/Third_Party/FreeRTOS/Source/tasks.o
                0x20003d34                pxCurrentTCB
 .bss.pxDelayedTaskList
                0x20003d38        0x4 ./Middlewares/Third_Party/FreeRTOS/Source/tasks.o
 .bss.pxOverflowDelayedTaskList
                0x20003d3c        0x4 ./Middlewares/Third_Party/FreeRTOS/Source/tasks.o
 .bss.pxReadyTasksLists
                0x20003d40       0x8c ./Middlewares/Third_Party/FreeRTOS/Source/tasks.o
 .bss.uxCurrentNumberOfTasks
                0x20003dcc        0x4 ./Middlewares/Third_Party/FreeRTOS/Source/tasks.o
 .bss.uxDeletedTasksWaitingCleanUp
                0x20003dd0        0x4 ./Middlewares/Third_Party/FreeRTOS/Source/tasks.o
 .bss.uxPendedTicks
                0x20003dd4        0x4 ./Middlewares/Third_Party/FreeRTOS/Source/tasks.o
 .bss.uxSchedulerSuspended
                0x20003dd8        0x4 ./Middlewares/Third_Party/FreeRTOS/Source/tasks.o
 .bss.uxTaskNumber
                0x20003ddc        0x4 ./Middlewares/Third_Party/FreeRTOS/Source/tasks.o
 .bss.uxTopReadyPriority
                0x20003de0        0x4 ./Middlewares/Third_Party/FreeRTOS/Source/tasks.o
 .bss.xDelayedTaskList1
                0x20003de4       0x14 ./Middlewares/Third_Party/FreeRTOS/Source/tasks.o
 .bss.xDelayedTaskList2
                0x20003df8       0x14 ./Middlewares/Third_Party/FreeRTOS/Source/tasks.o
 .bss.xIdleTaskHandle
                0x20003e0c        0x4 ./Middlewares/Third_Party/FreeRTOS/Source/tasks.o
 .bss.xNextTaskUnblockTime
                0x20003e10        0x4 ./Middlewares/Third_Party/FreeRTOS/Source/tasks.o
 .bss.xNumOfOverflows
                0x20003e14        0x4 ./Middlewares/Third_Party/FreeRTOS/Source/tasks.o
 .bss.xPendingReadyList
                0x20003e18       0x14 ./Middlewares/Third_Party/FreeRTOS/Source/tasks.o
 .bss.xSchedulerRunning
                0x20003e2c        0x4 ./Middlewares/Third_Party/FreeRTOS/Source/tasks.o
 .bss.xSuspendedTaskList
                0x20003e30       0x14 ./Middlewares/Third_Party/FreeRTOS/Source/tasks.o
 .bss.xTasksWaitingTermination
                0x20003e44       0x14 ./Middlewares/Third_Party/FreeRTOS/Source/tasks.o
 .bss.xTickCount
                0x20003e58        0x4 ./Middlewares/Third_Party/FreeRTOS/Source/tasks.o
 .bss.xYieldPending
                0x20003e5c        0x4 ./Middlewares/Third_Party/FreeRTOS/Source/tasks.o
 .bss.__malloc_free_list
                0x20003e60        0x4 c:/users/niokr/appdata/roaming/gnu tools arm embedded/7 2017-q4-major/bin/../lib/gcc/arm-none-eabi/7.2.1/../../../../arm-none-eabi/lib/thumb/v7e-m/fpv4-sp/hard\libg_nano.a(lib_a-nano-mallocr.o)
                0x20003e60                __malloc_free_list
 .bss.__malloc_sbrk_start
                0x20003e64        0x4 c:/users/niokr/appdata/roaming/gnu tools arm embedded/7 2017-q4-major/bin/../lib/gcc/arm-none-eabi/7.2.1/../../../../arm-none-eabi/lib/thumb/v7e-m/fpv4-sp/hard\libg_nano.a(lib_a-nano-mallocr.o)
                0x20003e64                __malloc_sbrk_start
 *(COMMON)
 COMMON         0x20003e68        0x4 ./system/src/stm32f4-hal/stm32f4xx_hal.o
                0x20003e68                uwTick
 COMMON         0x20003e6c        0x4 ./system/src/newlib/_syscalls.o
                0x20003e6c                errno
 COMMON         0x20003e70     0x8140 ./src/main.o
                0x20003e70                cur_buffer
                0x20003e74                hadc1
                0x20003ebc                ADCTaskHandle
                0x20003ec0                hdma_adc1
                0x20003f20                adc_buffer
                0x2000bf70                indicatorTaskHandle
                0x2000bf74                htim2
 COMMON         0x2000bfb0       0x3c ./src/stm32f4xx_hal_timebase_TIM.o
                0x2000bfb0                htim1
 *(.bss_end .bss_end.*)
 .bss_end       0x2000bfec        0x4 ./system/src/newlib/_startup.o
                0x2000bff0                . = ALIGN (0x4)
                0x2000bff0                __bss_end__ = .
                0x2000bff0                _ebss = .

.noinit_CCMRAM
 *(.noinit.CCMRAM .noinit.CCMRAM.*)

.noinit         0x2000bff0        0x0
                0x2000bff0                _noinit = .
 *(.noinit .noinit.*)
                0x2000bff0                . = ALIGN (0x4)
                0x2000bff0                _end_noinit = .
                [!provide]                PROVIDE (end, _end_noinit)
                [!provide]                PROVIDE (_end, _end_noinit)
                [!provide]                PROVIDE (__end, _end_noinit)
                [!provide]                PROVIDE (__end__, _end_noinit)

._check_stack   0x2000bff0      0x100
                0x2000c0f0                . = (. + _Minimum_Stack_Size)
 *fill*         0x2000bff0      0x100 

.b1text
 *(.b1text)
 *(.b1rodata)
 *(.b1rodata.*)

.eb0text
 *(.eb0text)
 *(.eb0rodata)
 *(.eb0rodata.*)

.eb1text
 *(.eb1text)
 *(.eb1rodata)
 *(.eb1rodata.*)

.eb2text
 *(.eb2text)
 *(.eb2rodata)
 *(.eb2rodata.*)

.eb3text
 *(.eb3text)
 *(.eb3rodata)
 *(.eb3rodata.*)

.stab
 *(.stab)

.stabstr
 *(.stabstr)

.stab.excl
 *(.stab.excl)

.stab.exclstr
 *(.stab.exclstr)

.stab.index
 *(.stab.index)

.stab.indexstr
 *(.stab.indexstr)

.comment        0x00000000       0x7e
 *(.comment)
 .comment       0x00000000       0x7e ./system/src/stm32f4-hal/stm32f4xx_hal.o
                                 0x7f (size before relaxing)
 .comment       0x0000007e       0x7f ./system/src/stm32f4-hal/stm32f4xx_hal_adc.o
 .comment       0x0000007e       0x7f ./system/src/stm32f4-hal/stm32f4xx_hal_adc_ex.o
 .comment       0x0000007e       0x7f ./system/src/stm32f4-hal/stm32f4xx_hal_cortex.o
 .comment       0x0000007e       0x7f ./system/src/stm32f4-hal/stm32f4xx_hal_dma.o
 .comment       0x0000007e       0x7f ./system/src/stm32f4-hal/stm32f4xx_hal_gpio.o
 .comment       0x0000007e       0x7f ./system/src/stm32f4-hal/stm32f4xx_hal_rcc.o
 .comment       0x0000007e       0x7f ./system/src/stm32f4-hal/stm32f4xx_hal_tim.o
 .comment       0x0000007e       0x7f ./system/src/stm32f4-hal/stm32f4xx_hal_tim_ex.o
 .comment       0x0000007e       0x7f ./system/src/newlib/_exit.o
 .comment       0x0000007e       0x7f ./system/src/newlib/_sbrk.o
 .comment       0x0000007e       0x7f ./system/src/newlib/_startup.o
 .comment       0x0000007e       0x7f ./system/src/newlib/_syscalls.o
 .comment       0x0000007e       0x7f ./system/src/diag/Trace.o
 .comment       0x0000007e       0x7f ./system/src/diag/trace_impl.o
 .comment       0x0000007e       0x7f ./system/src/cortexm/_initialize_hardware.o
 .comment       0x0000007e       0x7f ./system/src/cortexm/exception_handlers.o
 .comment       0x0000007e       0x7f ./system/src/cmsis/system_stm32f4xx.o
 .comment       0x0000007e       0x7f ./src/FIRFilter.o
 .comment       0x0000007e       0x7f ./src/main.o
 .comment       0x0000007e       0x7f ./src/stm32f4xx_hal_msp.o
 .comment       0x0000007e       0x7f ./src/stm32f4xx_hal_timebase_TIM.o
 .comment       0x0000007e       0x7f ./src/stm32f4xx_it.o
 .comment       0x0000007e       0x7f ./Middlewares/Third_Party/FreeRTOS/Source/portable/MemMang/heap_4.o
 .comment       0x0000007e       0x7f ./Middlewares/Third_Party/FreeRTOS/Source/portable/GCC/ARM_CM4F/port.o
 .comment       0x0000007e       0x7f ./Middlewares/Third_Party/FreeRTOS/Source/CMSIS_RTOS/cmsis_os.o
 .comment       0x0000007e       0x7f ./Middlewares/Third_Party/FreeRTOS/Source/list.o
 .comment       0x0000007e       0x7f ./Middlewares/Third_Party/FreeRTOS/Source/tasks.o

.ARM.attributes
                0x00000000       0x37
 .ARM.attributes
                0x00000000       0x39 ./system/src/stm32f4-hal/stm32f4xx_hal.o
 .ARM.attributes
                0x00000039       0x39 ./system/src/stm32f4-hal/stm32f4xx_hal_adc.o
 .ARM.attributes
                0x00000072       0x39 ./system/src/stm32f4-hal/stm32f4xx_hal_adc_ex.o
 .ARM.attributes
                0x000000ab       0x39 ./system/src/stm32f4-hal/stm32f4xx_hal_cortex.o
 .ARM.attributes
                0x000000e4       0x39 ./system/src/stm32f4-hal/stm32f4xx_hal_dma.o
 .ARM.attributes
                0x0000011d       0x39 ./system/src/stm32f4-hal/stm32f4xx_hal_gpio.o
 .ARM.attributes
                0x00000156       0x39 ./system/src/stm32f4-hal/stm32f4xx_hal_rcc.o
 .ARM.attributes
                0x0000018f       0x39 ./system/src/stm32f4-hal/stm32f4xx_hal_tim.o
 .ARM.attributes
                0x000001c8       0x39 ./system/src/stm32f4-hal/stm32f4xx_hal_tim_ex.o
 .ARM.attributes
                0x00000201       0x39 ./system/src/newlib/_exit.o
 .ARM.attributes
                0x0000023a       0x39 ./system/src/newlib/_sbrk.o
 .ARM.attributes
                0x00000273       0x39 ./system/src/newlib/_startup.o
 .ARM.attributes
                0x000002ac       0x39 ./system/src/newlib/_syscalls.o
 .ARM.attributes
                0x000002e5       0x39 ./system/src/diag/Trace.o
 .ARM.attributes
                0x0000031e       0x39 ./system/src/diag/trace_impl.o
 .ARM.attributes
                0x00000357       0x39 ./system/src/cortexm/_initialize_hardware.o
 .ARM.attributes
                0x00000390       0x39 ./system/src/cortexm/exception_handlers.o
 .ARM.attributes
                0x000003c9       0x21 ./system/src/cmsis/startup_stm32f401xe.o
 .ARM.attributes
                0x000003ea       0x39 ./system/src/cmsis/system_stm32f4xx.o
 .ARM.attributes
                0x00000423       0x39 ./src/FIRFilter.o
 .ARM.attributes
                0x0000045c       0x39 ./src/main.o
 .ARM.attributes
                0x00000495       0x39 ./src/stm32f4xx_hal_msp.o
 .ARM.attributes
                0x000004ce       0x39 ./src/stm32f4xx_hal_timebase_TIM.o
 .ARM.attributes
                0x00000507       0x39 ./src/stm32f4xx_it.o
 .ARM.attributes
                0x00000540       0x39 ./Middlewares/Third_Party/FreeRTOS/Source/portable/MemMang/heap_4.o
 .ARM.attributes
                0x00000579       0x39 ./Middlewares/Third_Party/FreeRTOS/Source/portable/GCC/ARM_CM4F/port.o
 .ARM.attributes
                0x000005b2       0x39 ./Middlewares/Third_Party/FreeRTOS/Source/CMSIS_RTOS/cmsis_os.o
 .ARM.attributes
                0x000005eb       0x39 ./Middlewares/Third_Party/FreeRTOS/Source/list.o
 .ARM.attributes
                0x00000624       0x39 ./Middlewares/Third_Party/FreeRTOS/Source/tasks.o
 .ARM.attributes
                0x0000065d       0x34 c:/users/niokr/appdata/roaming/gnu tools arm embedded/7 2017-q4-major/bin/../lib/gcc/arm-none-eabi/7.2.1/../../../../arm-none-eabi/lib/thumb/v7e-m/fpv4-sp/hard\libg_nano.a(lib_a-abs.o)
 .ARM.attributes
                0x00000691       0x34 c:/users/niokr/appdata/roaming/gnu tools arm embedded/7 2017-q4-major/bin/../lib/gcc/arm-none-eabi/7.2.1/../../../../arm-none-eabi/lib/thumb/v7e-m/fpv4-sp/hard\libg_nano.a(lib_a-errno.o)
 .ARM.attributes
                0x000006c5       0x34 c:/users/niokr/appdata/roaming/gnu tools arm embedded/7 2017-q4-major/bin/../lib/gcc/arm-none-eabi/7.2.1/../../../../arm-none-eabi/lib/thumb/v7e-m/fpv4-sp/hard\libg_nano.a(lib_a-impure.o)
 .ARM.attributes
                0x000006f9       0x34 c:/users/niokr/appdata/roaming/gnu tools arm embedded/7 2017-q4-major/bin/../lib/gcc/arm-none-eabi/7.2.1/../../../../arm-none-eabi/lib/thumb/v7e-m/fpv4-sp/hard\libg_nano.a(lib_a-memcpy-stub.o)
 .ARM.attributes
                0x0000072d       0x34 c:/users/niokr/appdata/roaming/gnu tools arm embedded/7 2017-q4-major/bin/../lib/gcc/arm-none-eabi/7.2.1/../../../../arm-none-eabi/lib/thumb/v7e-m/fpv4-sp/hard\libg_nano.a(lib_a-vsnprintf.o)
 .ARM.attributes
                0x00000761       0x34 c:/users/niokr/appdata/roaming/gnu tools arm embedded/7 2017-q4-major/bin/../lib/gcc/arm-none-eabi/7.2.1/../../../../arm-none-eabi/lib/thumb/v7e-m/fpv4-sp/hard\libg_nano.a(lib_a-nano-svfprintf.o)
 .ARM.attributes
                0x00000795       0x34 c:/users/niokr/appdata/roaming/gnu tools arm embedded/7 2017-q4-major/bin/../lib/gcc/arm-none-eabi/7.2.1/../../../../arm-none-eabi/lib/thumb/v7e-m/fpv4-sp/hard\libg_nano.a(lib_a-nano-vfprintf_i.o)
 .ARM.attributes
                0x000007c9       0x20 c:/users/niokr/appdata/roaming/gnu tools arm embedded/7 2017-q4-major/bin/../lib/gcc/arm-none-eabi/7.2.1/../../../../arm-none-eabi/lib/thumb/v7e-m/fpv4-sp/hard\libg_nano.a(lib_a-memchr.o)
 .ARM.attributes
                0x000007e9       0x34 c:/users/niokr/appdata/roaming/gnu tools arm embedded/7 2017-q4-major/bin/../lib/gcc/arm-none-eabi/7.2.1/../../../../arm-none-eabi/lib/thumb/v7e-m/fpv4-sp/hard\libg_nano.a(lib_a-memmove.o)
 .ARM.attributes
                0x0000081d       0x34 c:/users/niokr/appdata/roaming/gnu tools arm embedded/7 2017-q4-major/bin/../lib/gcc/arm-none-eabi/7.2.1/../../../../arm-none-eabi/lib/thumb/v7e-m/fpv4-sp/hard\libg_nano.a(lib_a-nano-freer.o)
 .ARM.attributes
                0x00000851       0x34 c:/users/niokr/appdata/roaming/gnu tools arm embedded/7 2017-q4-major/bin/../lib/gcc/arm-none-eabi/7.2.1/../../../../arm-none-eabi/lib/thumb/v7e-m/fpv4-sp/hard\libg_nano.a(lib_a-nano-mallocr.o)
 .ARM.attributes
                0x00000885       0x34 c:/users/niokr/appdata/roaming/gnu tools arm embedded/7 2017-q4-major/bin/../lib/gcc/arm-none-eabi/7.2.1/../../../../arm-none-eabi/lib/thumb/v7e-m/fpv4-sp/hard\libg_nano.a(lib_a-nano-reallocr.o)
 .ARM.attributes
                0x000008b9       0x34 c:/users/niokr/appdata/roaming/gnu tools arm embedded/7 2017-q4-major/bin/../lib/gcc/arm-none-eabi/7.2.1/../../../../arm-none-eabi/lib/thumb/v7e-m/fpv4-sp/hard\libg_nano.a(lib_a-sbrkr.o)
 .ARM.attributes
                0x000008ed       0x34 c:/users/niokr/appdata/roaming/gnu tools arm embedded/7 2017-q4-major/bin/../lib/gcc/arm-none-eabi/7.2.1/../../../../arm-none-eabi/lib/thumb/v7e-m/fpv4-sp/hard\libg_nano.a(lib_a-mlock.o)
 .ARM.attributes
                0x00000921       0x34 c:/users/niokr/appdata/roaming/gnu tools arm embedded/7 2017-q4-major/bin/../lib/gcc/arm-none-eabi/7.2.1/../../../../arm-none-eabi/lib/thumb/v7e-m/fpv4-sp/hard\libg_nano.a(lib_a-nano-msizer.o)

.debug
 *(.debug)

.line
 *(.line)

.debug_srcinfo
 *(.debug_srcinfo)

.debug_sfnames
 *(.debug_sfnames)

.debug_aranges  0x00000000     0x1140
 *(.debug_aranges)
 .debug_aranges
                0x00000000       0xc0 ./system/src/stm32f4-hal/stm32f4xx_hal.o
 .debug_aranges
                0x000000c0       0xe8 ./system/src/stm32f4-hal/stm32f4xx_hal_adc.o
 .debug_aranges
                0x000001a8       0x90 ./system/src/stm32f4-hal/stm32f4xx_hal_adc_ex.o
 .debug_aranges
                0x00000238       0x98 ./system/src/stm32f4-hal/stm32f4xx_hal_cortex.o
 .debug_aranges
                0x000002d0       0x90 ./system/src/stm32f4-hal/stm32f4xx_hal_dma.o
 .debug_aranges
                0x00000360       0x58 ./system/src/stm32f4-hal/stm32f4xx_hal_gpio.o
 .debug_aranges
                0x000003b8       0x88 ./system/src/stm32f4-hal/stm32f4xx_hal_rcc.o
 .debug_aranges
                0x00000440      0x368 ./system/src/stm32f4-hal/stm32f4xx_hal_tim.o
 .debug_aranges
                0x000007a8      0x140 ./system/src/stm32f4-hal/stm32f4xx_hal_tim_ex.o
 .debug_aranges
                0x000008e8       0x28 ./system/src/newlib/_exit.o
 .debug_aranges
                0x00000910       0x20 ./system/src/newlib/_sbrk.o
 .debug_aranges
                0x00000930       0x40 ./system/src/newlib/_startup.o
 .debug_aranges
                0x00000970       0x30 ./system/src/newlib/_syscalls.o
 .debug_aranges
                0x000009a0       0x38 ./system/src/diag/Trace.o
 .debug_aranges
                0x000009d8       0x30 ./system/src/diag/trace_impl.o
 .debug_aranges
                0x00000a08       0x28 ./system/src/cortexm/_initialize_hardware.o
 .debug_aranges
                0x00000a30       0x90 ./system/src/cortexm/exception_handlers.o
 .debug_aranges
                0x00000ac0       0x28 ./system/src/cmsis/startup_stm32f401xe.o
 .debug_aranges
                0x00000ae8       0x28 ./system/src/cmsis/system_stm32f4xx.o
 .debug_aranges
                0x00000b10       0x30 ./src/FIRFilter.o
 .debug_aranges
                0x00000b40       0xa8 ./src/main.o
 .debug_aranges
                0x00000be8       0x40 ./src/stm32f4xx_hal_msp.o
 .debug_aranges
                0x00000c28       0x30 ./src/stm32f4xx_hal_timebase_TIM.o
 .debug_aranges
                0x00000c58       0x70 ./src/stm32f4xx_it.o
 .debug_aranges
                0x00000cc8       0x50 ./Middlewares/Third_Party/FreeRTOS/Source/portable/MemMang/heap_4.o
 .debug_aranges
                0x00000d18       0x80 ./Middlewares/Third_Party/FreeRTOS/Source/portable/GCC/ARM_CM4F/port.o
 .debug_aranges
                0x00000d98      0x1d8 ./Middlewares/Third_Party/FreeRTOS/Source/CMSIS_RTOS/cmsis_os.o
 .debug_aranges
                0x00000f70       0x40 ./Middlewares/Third_Party/FreeRTOS/Source/list.o
 .debug_aranges
                0x00000fb0      0x190 ./Middlewares/Third_Party/FreeRTOS/Source/tasks.o

.debug_pubnames
 *(.debug_pubnames)

.debug_info     0x00000000    0x22d15
 *(.debug_info .gnu.linkonce.wi.*)
 .debug_info    0x00000000     0x10ce ./system/src/stm32f4-hal/stm32f4xx_hal.o
 .debug_info    0x000010ce     0x19f5 ./system/src/stm32f4-hal/stm32f4xx_hal_adc.o
 .debug_info    0x00002ac3     0x159e ./system/src/stm32f4-hal/stm32f4xx_hal_adc_ex.o
 .debug_info    0x00004061     0x18a8 ./system/src/stm32f4-hal/stm32f4xx_hal_cortex.o
 .debug_info    0x00005909     0x143a ./system/src/stm32f4-hal/stm32f4xx_hal_dma.o
 .debug_info    0x00006d43     0x10fa ./system/src/stm32f4-hal/stm32f4xx_hal_gpio.o
 .debug_info    0x00007e3d     0x17a9 ./system/src/stm32f4-hal/stm32f4xx_hal_rcc.o
 .debug_info    0x000095e6     0x4b6f ./system/src/stm32f4-hal/stm32f4xx_hal_tim.o
 .debug_info    0x0000e155     0x20fa ./system/src/stm32f4-hal/stm32f4xx_hal_tim_ex.o
 .debug_info    0x0001024f      0x956 ./system/src/newlib/_exit.o
 .debug_info    0x00010ba5      0x942 ./system/src/newlib/_sbrk.o
 .debug_info    0x000114e7      0x4bf ./system/src/newlib/_startup.o
 .debug_info    0x000119a6      0xa19 ./system/src/newlib/_syscalls.o
 .debug_info    0x000123bf      0xb2a ./system/src/diag/Trace.o
 .debug_info    0x00012ee9      0xbbb ./system/src/diag/trace_impl.o
 .debug_info    0x00013aa4      0xb23 ./system/src/cortexm/_initialize_hardware.o
 .debug_info    0x000145c7     0x119f ./system/src/cortexm/exception_handlers.o
 .debug_info    0x00015766       0x22 ./system/src/cmsis/startup_stm32f401xe.o
 .debug_info    0x00015788      0xd32 ./system/src/cmsis/system_stm32f4xx.o
 .debug_info    0x000164ba      0x170 ./src/FIRFilter.o
 .debug_info    0x0001662a     0x223f ./src/main.o
 .debug_info    0x00018869     0x1797 ./src/stm32f4xx_hal_msp.o
 .debug_info    0x0001a000     0x133d ./src/stm32f4xx_hal_timebase_TIM.o
 .debug_info    0x0001b33d     0x117c ./src/stm32f4xx_it.o
 .debug_info    0x0001c4b9      0xc5b ./Middlewares/Third_Party/FreeRTOS/Source/portable/MemMang/heap_4.o
 .debug_info    0x0001d114      0x51c ./Middlewares/Third_Party/FreeRTOS/Source/portable/GCC/ARM_CM4F/port.o
 .debug_info    0x0001d630     0x2326 ./Middlewares/Third_Party/FreeRTOS/Source/CMSIS_RTOS/cmsis_os.o
 .debug_info    0x0001f956      0xac2 ./Middlewares/Third_Party/FreeRTOS/Source/list.o
 .debug_info    0x00020418     0x28fd ./Middlewares/Third_Party/FreeRTOS/Source/tasks.o

.debug_abbrev   0x00000000     0x4bee
 *(.debug_abbrev)
 .debug_abbrev  0x00000000      0x32b ./system/src/stm32f4-hal/stm32f4xx_hal.o
 .debug_abbrev  0x0000032b      0x317 ./system/src/stm32f4-hal/stm32f4xx_hal_adc.o
 .debug_abbrev  0x00000642      0x309 ./system/src/stm32f4-hal/stm32f4xx_hal_adc_ex.o
 .debug_abbrev  0x0000094b      0x3f1 ./system/src/stm32f4-hal/stm32f4xx_hal_cortex.o
 .debug_abbrev  0x00000d3c      0x31d ./system/src/stm32f4-hal/stm32f4xx_hal_dma.o
 .debug_abbrev  0x00001059      0x2de ./system/src/stm32f4-hal/stm32f4xx_hal_gpio.o
 .debug_abbrev  0x00001337      0x394 ./system/src/stm32f4-hal/stm32f4xx_hal_rcc.o
 .debug_abbrev  0x000016cb      0x2e0 ./system/src/stm32f4-hal/stm32f4xx_hal_tim.o
 .debug_abbrev  0x000019ab      0x2e0 ./system/src/stm32f4-hal/stm32f4xx_hal_tim_ex.o
 .debug_abbrev  0x00001c8b      0x1f3 ./system/src/newlib/_exit.o
 .debug_abbrev  0x00001e7e      0x1fc ./system/src/newlib/_sbrk.o
 .debug_abbrev  0x0000207a      0x1cb ./system/src/newlib/_startup.o
 .debug_abbrev  0x00002245      0x234 ./system/src/newlib/_syscalls.o
 .debug_abbrev  0x00002479      0x276 ./system/src/diag/Trace.o
 .debug_abbrev  0x000026ef      0x2ef ./system/src/diag/trace_impl.o
 .debug_abbrev  0x000029de      0x1de ./system/src/cortexm/_initialize_hardware.o
 .debug_abbrev  0x00002bbc      0x32b ./system/src/cortexm/exception_handlers.o
 .debug_abbrev  0x00002ee7       0x12 ./system/src/cmsis/startup_stm32f401xe.o
 .debug_abbrev  0x00002ef9      0x205 ./system/src/cmsis/system_stm32f4xx.o
 .debug_abbrev  0x000030fe      0x117 ./src/FIRFilter.o
 .debug_abbrev  0x00003215      0x3a6 ./src/main.o
 .debug_abbrev  0x000035bb      0x270 ./src/stm32f4xx_hal_msp.o
 .debug_abbrev  0x0000382b      0x299 ./src/stm32f4xx_hal_timebase_TIM.o
 .debug_abbrev  0x00003ac4      0x23d ./src/stm32f4xx_it.o
 .debug_abbrev  0x00003d01      0x318 ./Middlewares/Third_Party/FreeRTOS/Source/portable/MemMang/heap_4.o
 .debug_abbrev  0x00004019      0x216 ./Middlewares/Third_Party/FreeRTOS/Source/portable/GCC/ARM_CM4F/port.o
 .debug_abbrev  0x0000422f      0x3d4 ./Middlewares/Third_Party/FreeRTOS/Source/CMSIS_RTOS/cmsis_os.o
 .debug_abbrev  0x00004603      0x21c ./Middlewares/Third_Party/FreeRTOS/Source/list.o
 .debug_abbrev  0x0000481f      0x3cf ./Middlewares/Third_Party/FreeRTOS/Source/tasks.o

.debug_line     0x00000000     0xfbe5
 *(.debug_line)
 .debug_line    0x00000000      0x80e ./system/src/stm32f4-hal/stm32f4xx_hal.o
 .debug_line    0x0000080e      0xd15 ./system/src/stm32f4-hal/stm32f4xx_hal_adc.o
 .debug_line    0x00001523      0xb3b ./system/src/stm32f4-hal/stm32f4xx_hal_adc_ex.o
 .debug_line    0x0000205e      0x905 ./system/src/stm32f4-hal/stm32f4xx_hal_cortex.o
 .debug_line    0x00002963      0xae1 ./system/src/stm32f4-hal/stm32f4xx_hal_dma.o
 .debug_line    0x00003444      0x8d8 ./system/src/stm32f4-hal/stm32f4xx_hal_gpio.o
 .debug_line    0x00003d1c      0xa90 ./system/src/stm32f4-hal/stm32f4xx_hal_rcc.o
 .debug_line    0x000047ac     0x2c85 ./system/src/stm32f4-hal/stm32f4xx_hal_tim.o
 .debug_line    0x00007431     0x10ac ./system/src/stm32f4-hal/stm32f4xx_hal_tim_ex.o
 .debug_line    0x000084dd      0x38f ./system/src/newlib/_exit.o
 .debug_line    0x0000886c      0x343 ./system/src/newlib/_sbrk.o
 .debug_line    0x00008baf      0x40b ./system/src/newlib/_startup.o
 .debug_line    0x00008fba      0x469 ./system/src/newlib/_syscalls.o
 .debug_line    0x00009423      0x40b ./system/src/diag/Trace.o
 .debug_line    0x0000982e      0x741 ./system/src/diag/trace_impl.o
 .debug_line    0x00009f6f      0x6ab ./system/src/cortexm/_initialize_hardware.o
 .debug_line    0x0000a61a      0x7f8 ./system/src/cortexm/exception_handlers.o
 .debug_line    0x0000ae12       0x88 ./system/src/cmsis/startup_stm32f401xe.o
 .debug_line    0x0000ae9a      0x6b1 ./system/src/cmsis/system_stm32f4xx.o
 .debug_line    0x0000b54b      0x1d1 ./src/FIRFilter.o
 .debug_line    0x0000b71c      0x9f5 ./src/main.o
 .debug_line    0x0000c111      0x6e9 ./src/stm32f4xx_hal_msp.o
 .debug_line    0x0000c7fa      0x6ac ./src/stm32f4xx_hal_timebase_TIM.o
 .debug_line    0x0000cea6      0x8a5 ./src/stm32f4xx_it.o
 .debug_line    0x0000d74b      0x51f ./Middlewares/Third_Party/FreeRTOS/Source/portable/MemMang/heap_4.o
 .debug_line    0x0000dc6a      0x369 ./Middlewares/Third_Party/FreeRTOS/Source/portable/GCC/ARM_CM4F/port.o
 .debug_line    0x0000dfd3      0xaab ./Middlewares/Third_Party/FreeRTOS/Source/CMSIS_RTOS/cmsis_os.o
 .debug_line    0x0000ea7e      0x46c ./Middlewares/Third_Party/FreeRTOS/Source/list.o
 .debug_line    0x0000eeea      0xcfb ./Middlewares/Third_Party/FreeRTOS/Source/tasks.o

.debug_frame    0x00000000     0x30a4
 *(.debug_frame)
 .debug_frame   0x00000000      0x188 ./system/src/stm32f4-hal/stm32f4xx_hal.o
 .debug_frame   0x00000188      0x2a0 ./system/src/stm32f4-hal/stm32f4xx_hal_adc.o
 .debug_frame   0x00000428      0x198 ./system/src/stm32f4-hal/stm32f4xx_hal_adc_ex.o
 .debug_frame   0x000005c0      0x17c ./system/src/stm32f4-hal/stm32f4xx_hal_cortex.o
 .debug_frame   0x0000073c      0x190 ./system/src/stm32f4-hal/stm32f4xx_hal_dma.o
 .debug_frame   0x000008cc       0xfc ./system/src/stm32f4-hal/stm32f4xx_hal_gpio.o
 .debug_frame   0x000009c8      0x140 ./system/src/stm32f4-hal/stm32f4xx_hal_rcc.o
 .debug_frame   0x00000b08      0xa90 ./system/src/stm32f4-hal/stm32f4xx_hal_tim.o
 .debug_frame   0x00001598      0x3dc ./system/src/stm32f4-hal/stm32f4xx_hal_tim_ex.o
 .debug_frame   0x00001974       0x38 ./system/src/newlib/_exit.o
 .debug_frame   0x000019ac       0x28 ./system/src/newlib/_sbrk.o
 .debug_frame   0x000019d4       0x7c ./system/src/newlib/_startup.o
 .debug_frame   0x00001a50       0x50 ./system/src/newlib/_syscalls.o
 .debug_frame   0x00001aa0       0x94 ./system/src/diag/Trace.o
 .debug_frame   0x00001b34       0x64 ./system/src/diag/trace_impl.o
 .debug_frame   0x00001b98       0x40 ./system/src/cortexm/_initialize_hardware.o
 .debug_frame   0x00001bd8      0x158 ./system/src/cortexm/exception_handlers.o
 .debug_frame   0x00001d30       0x30 ./system/src/cmsis/system_stm32f4xx.o
 .debug_frame   0x00001d60       0x50 ./src/FIRFilter.o
 .debug_frame   0x00001db0      0x1e0 ./src/main.o
 .debug_frame   0x00001f90       0x98 ./src/stm32f4xx_hal_msp.o
 .debug_frame   0x00002028       0x50 ./src/stm32f4xx_hal_timebase_TIM.o
 .debug_frame   0x00002078       0xe8 ./src/stm32f4xx_it.o
 .debug_frame   0x00002160       0xac ./Middlewares/Third_Party/FreeRTOS/Source/portable/MemMang/heap_4.o
 .debug_frame   0x0000220c       0xf0 ./Middlewares/Third_Party/FreeRTOS/Source/portable/GCC/ARM_CM4F/port.o
 .debug_frame   0x000022fc      0x584 ./Middlewares/Third_Party/FreeRTOS/Source/CMSIS_RTOS/cmsis_os.o
 .debug_frame   0x00002880       0x6c ./Middlewares/Third_Party/FreeRTOS/Source/list.o
 .debug_frame   0x000028ec      0x4d0 ./Middlewares/Third_Party/FreeRTOS/Source/tasks.o
 .debug_frame   0x00002dbc       0x20 c:/users/niokr/appdata/roaming/gnu tools arm embedded/7 2017-q4-major/bin/../lib/gcc/arm-none-eabi/7.2.1/../../../../arm-none-eabi/lib/thumb/v7e-m/fpv4-sp/hard\libg_nano.a(lib_a-abs.o)
 .debug_frame   0x00002ddc       0x20 c:/users/niokr/appdata/roaming/gnu tools arm embedded/7 2017-q4-major/bin/../lib/gcc/arm-none-eabi/7.2.1/../../../../arm-none-eabi/lib/thumb/v7e-m/fpv4-sp/hard\libg_nano.a(lib_a-errno.o)
 .debug_frame   0x00002dfc       0x28 c:/users/niokr/appdata/roaming/gnu tools arm embedded/7 2017-q4-major/bin/../lib/gcc/arm-none-eabi/7.2.1/../../../../arm-none-eabi/lib/thumb/v7e-m/fpv4-sp/hard\libg_nano.a(lib_a-memcpy-stub.o)
 .debug_frame   0x00002e24       0x4c c:/users/niokr/appdata/roaming/gnu tools arm embedded/7 2017-q4-major/bin/../lib/gcc/arm-none-eabi/7.2.1/../../../../arm-none-eabi/lib/thumb/v7e-m/fpv4-sp/hard\libg_nano.a(lib_a-vsnprintf.o)
 .debug_frame   0x00002e70       0x90 c:/users/niokr/appdata/roaming/gnu tools arm embedded/7 2017-q4-major/bin/../lib/gcc/arm-none-eabi/7.2.1/../../../../arm-none-eabi/lib/thumb/v7e-m/fpv4-sp/hard\libg_nano.a(lib_a-nano-svfprintf.o)
 .debug_frame   0x00002f00       0x60 c:/users/niokr/appdata/roaming/gnu tools arm embedded/7 2017-q4-major/bin/../lib/gcc/arm-none-eabi/7.2.1/../../../../arm-none-eabi/lib/thumb/v7e-m/fpv4-sp/hard\libg_nano.a(lib_a-nano-vfprintf_i.o)
 .debug_frame   0x00002f60       0x28 c:/users/niokr/appdata/roaming/gnu tools arm embedded/7 2017-q4-major/bin/../lib/gcc/arm-none-eabi/7.2.1/../../../../arm-none-eabi/lib/thumb/v7e-m/fpv4-sp/hard\libg_nano.a(lib_a-memmove.o)
 .debug_frame   0x00002f88       0x38 c:/users/niokr/appdata/roaming/gnu tools arm embedded/7 2017-q4-major/bin/../lib/gcc/arm-none-eabi/7.2.1/../../../../arm-none-eabi/lib/thumb/v7e-m/fpv4-sp/hard\libg_nano.a(lib_a-nano-freer.o)
 .debug_frame   0x00002fc0       0x2c c:/users/niokr/appdata/roaming/gnu tools arm embedded/7 2017-q4-major/bin/../lib/gcc/arm-none-eabi/7.2.1/../../../../arm-none-eabi/lib/thumb/v7e-m/fpv4-sp/hard\libg_nano.a(lib_a-nano-mallocr.o)
 .debug_frame   0x00002fec       0x3c c:/users/niokr/appdata/roaming/gnu tools arm embedded/7 2017-q4-major/bin/../lib/gcc/arm-none-eabi/7.2.1/../../../../arm-none-eabi/lib/thumb/v7e-m/fpv4-sp/hard\libg_nano.a(lib_a-nano-reallocr.o)
 .debug_frame   0x00003028       0x2c c:/users/niokr/appdata/roaming/gnu tools arm embedded/7 2017-q4-major/bin/../lib/gcc/arm-none-eabi/7.2.1/../../../../arm-none-eabi/lib/thumb/v7e-m/fpv4-sp/hard\libg_nano.a(lib_a-sbrkr.o)
 .debug_frame   0x00003054       0x30 c:/users/niokr/appdata/roaming/gnu tools arm embedded/7 2017-q4-major/bin/../lib/gcc/arm-none-eabi/7.2.1/../../../../arm-none-eabi/lib/thumb/v7e-m/fpv4-sp/hard\libg_nano.a(lib_a-mlock.o)
 .debug_frame   0x00003084       0x20 c:/users/niokr/appdata/roaming/gnu tools arm embedded/7 2017-q4-major/bin/../lib/gcc/arm-none-eabi/7.2.1/../../../../arm-none-eabi/lib/thumb/v7e-m/fpv4-sp/hard\libg_nano.a(lib_a-nano-msizer.o)

.debug_str      0x00000000    0x94102
 *(.debug_str)
 .debug_str     0x00000000    0x86ecd ./system/src/stm32f4-hal/stm32f4xx_hal.o
                              0x8731e (size before relaxing)
 .debug_str     0x00086ecd      0x653 ./system/src/stm32f4-hal/stm32f4xx_hal_adc.o
                              0x87034 (size before relaxing)
 .debug_str     0x00087520      0x2d5 ./system/src/stm32f4-hal/stm32f4xx_hal_adc_ex.o
                              0x87083 (size before relaxing)
 .debug_str     0x000877f5      0x364 ./system/src/stm32f4-hal/stm32f4xx_hal_cortex.o
                              0x87180 (size before relaxing)
 .debug_str     0x00087b59      0x2f5 ./system/src/stm32f4-hal/stm32f4xx_hal_dma.o
                              0x86e86 (size before relaxing)
 .debug_str     0x00087e4e      0x2d8 ./system/src/stm32f4-hal/stm32f4xx_hal_gpio.o
                              0x86d0a (size before relaxing)
 .debug_str     0x00088126      0x393 ./system/src/stm32f4-hal/stm32f4xx_hal_rcc.o
                              0x86e98 (size before relaxing)
 .debug_str     0x000884b9      0xe61 ./system/src/stm32f4-hal/stm32f4xx_hal_tim.o
                              0x87aa0 (size before relaxing)
 .debug_str     0x0008931a      0x4e2 ./system/src/stm32f4-hal/stm32f4xx_hal_tim_ex.o
                              0x87358 (size before relaxing)
 .debug_str     0x000897fc     0x10ff ./system/src/newlib/_exit.o
                               0x7f14 (size before relaxing)
 .debug_str     0x0008a8fb      0x375 ./system/src/newlib/_sbrk.o
                               0x72c6 (size before relaxing)
 .debug_str     0x0008ac70      0x2c6 ./system/src/newlib/_startup.o
                               0x6a67 (size before relaxing)
 .debug_str     0x0008af36      0xe8b ./system/src/newlib/_syscalls.o
                               0x81a1 (size before relaxing)
 .debug_str     0x0008bdc1      0x183 ./system/src/diag/Trace.o
                               0x868c (size before relaxing)
 .debug_str     0x0008bf44      0x37b ./system/src/diag/trace_impl.o
                              0x87c1d (size before relaxing)
 .debug_str     0x0008c2bf       0x5e ./system/src/cortexm/_initialize_hardware.o
                              0x869a7 (size before relaxing)
 .debug_str     0x0008c31d      0x182 ./system/src/cortexm/exception_handlers.o
                              0x87d9f (size before relaxing)
 .debug_str     0x0008c49f       0x39 ./system/src/cmsis/startup_stm32f401xe.o
                                 0x71 (size before relaxing)
 .debug_str     0x0008c4d8       0x46 ./system/src/cmsis/system_stm32f4xx.o
                              0x86a7a (size before relaxing)
 .debug_str     0x0008c51e       0x6d ./src/FIRFilter.o
                               0x38ac (size before relaxing)
 .debug_str     0x0008c58b     0x54e2 ./src/main.o
                              0x8cc4f (size before relaxing)
 .debug_str     0x00091a6d       0x25 ./src/stm32f4xx_hal_msp.o
                              0x8747c (size before relaxing)
 .debug_str     0x00091a92       0x61 ./src/stm32f4xx_hal_timebase_TIM.o
                              0x872fc (size before relaxing)
 .debug_str     0x00091af3       0x7a ./src/stm32f4xx_it.o
                              0x8c1c3 (size before relaxing)
 .debug_str     0x00091b6d      0x2fe ./Middlewares/Third_Party/FreeRTOS/Source/portable/MemMang/heap_4.o
                               0xa536 (size before relaxing)
 .debug_str     0x00091e6b      0x874 ./Middlewares/Third_Party/FreeRTOS/Source/portable/GCC/ARM_CM4F/port.o
                               0x7a2d (size before relaxing)
 .debug_str     0x000926df      0x91e ./Middlewares/Third_Party/FreeRTOS/Source/CMSIS_RTOS/cmsis_os.o
                               0xcb63 (size before relaxing)
 .debug_str     0x00092ffd      0x13d ./Middlewares/Third_Party/FreeRTOS/Source/list.o
                               0x9e00 (size before relaxing)
 .debug_str     0x0009313a      0xfc8 ./Middlewares/Third_Party/FreeRTOS/Source/tasks.o
                               0xbe7e (size before relaxing)

.debug_loc      0x00000000     0x9164
 *(.debug_loc)
 .debug_loc     0x00000000       0x92 ./system/src/stm32f4-hal/stm32f4xx_hal.o
 .debug_loc     0x00000092      0x75a ./system/src/stm32f4-hal/stm32f4xx_hal_adc.o
 .debug_loc     0x000007ec      0x7bd ./system/src/stm32f4-hal/stm32f4xx_hal_adc_ex.o
 .debug_loc     0x00000fa9      0x73b ./system/src/stm32f4-hal/stm32f4xx_hal_cortex.o
 .debug_loc     0x000016e4      0xaca ./system/src/stm32f4-hal/stm32f4xx_hal_dma.o
 .debug_loc     0x000021ae      0x5af ./system/src/stm32f4-hal/stm32f4xx_hal_gpio.o
 .debug_loc     0x0000275d      0x50a ./system/src/stm32f4-hal/stm32f4xx_hal_rcc.o
 .debug_loc     0x00002c67     0x2691 ./system/src/stm32f4-hal/stm32f4xx_hal_tim.o
 .debug_loc     0x000052f8      0xb6e ./system/src/stm32f4-hal/stm32f4xx_hal_tim_ex.o
 .debug_loc     0x00005e66       0x85 ./system/src/newlib/_sbrk.o
 .debug_loc     0x00005eeb      0x2cb ./system/src/newlib/_startup.o
 .debug_loc     0x000061b6       0x63 ./system/src/newlib/_syscalls.o
 .debug_loc     0x00006219       0xf6 ./system/src/diag/Trace.o
 .debug_loc     0x0000630f      0x121 ./system/src/diag/trace_impl.o
 .debug_loc     0x00006430      0x291 ./system/src/cortexm/exception_handlers.o
 .debug_loc     0x000066c1      0x13e ./system/src/cmsis/system_stm32f4xx.o
 .debug_loc     0x000067ff      0x12f ./src/FIRFilter.o
 .debug_loc     0x0000692e      0x226 ./src/main.o
 .debug_loc     0x00006b54       0xa5 ./src/stm32f4xx_hal_msp.o
 .debug_loc     0x00006bf9       0x6a ./src/stm32f4xx_hal_timebase_TIM.o
 .debug_loc     0x00006c63      0x2a0 ./Middlewares/Third_Party/FreeRTOS/Source/portable/MemMang/heap_4.o
 .debug_loc     0x00006f03       0xdc ./Middlewares/Third_Party/FreeRTOS/Source/portable/GCC/ARM_CM4F/port.o
 .debug_loc     0x00006fdf      0xee1 ./Middlewares/Third_Party/FreeRTOS/Source/CMSIS_RTOS/cmsis_os.o
 .debug_loc     0x00007ec0       0x70 ./Middlewares/Third_Party/FreeRTOS/Source/list.o
 .debug_loc     0x00007f30     0x1234 ./Middlewares/Third_Party/FreeRTOS/Source/tasks.o

.debug_macinfo
 *(.debug_macinfo)

.debug_weaknames
 *(.debug_weaknames)

.debug_funcnames
 *(.debug_funcnames)

.debug_typenames
 *(.debug_typenames)

.debug_varnames
 *(.debug_varnames)
OUTPUT(Cardio_Nucleo002.elf elf32-littlearm)

.debug_ranges   0x00000000     0x1110
 .debug_ranges  0x00000000       0xb0 ./system/src/stm32f4-hal/stm32f4xx_hal.o
 .debug_ranges  0x000000b0       0xd8 ./system/src/stm32f4-hal/stm32f4xx_hal_adc.o
 .debug_ranges  0x00000188       0x80 ./system/src/stm32f4-hal/stm32f4xx_hal_adc_ex.o
 .debug_ranges  0x00000208       0xe8 ./system/src/stm32f4-hal/stm32f4xx_hal_cortex.o
 .debug_ranges  0x000002f0       0x80 ./system/src/stm32f4-hal/stm32f4xx_hal_dma.o
 .debug_ranges  0x00000370       0x48 ./system/src/stm32f4-hal/stm32f4xx_hal_gpio.o
 .debug_ranges  0x000003b8       0x78 ./system/src/stm32f4-hal/stm32f4xx_hal_rcc.o
 .debug_ranges  0x00000430      0x358 ./system/src/stm32f4-hal/stm32f4xx_hal_tim.o
 .debug_ranges  0x00000788      0x130 ./system/src/stm32f4-hal/stm32f4xx_hal_tim_ex.o
 .debug_ranges  0x000008b8       0x18 ./system/src/newlib/_exit.o
 .debug_ranges  0x000008d0       0x10 ./system/src/newlib/_sbrk.o
 .debug_ranges  0x000008e0       0x90 ./system/src/newlib/_startup.o
 .debug_ranges  0x00000970       0x20 ./system/src/newlib/_syscalls.o
 .debug_ranges  0x00000990       0x28 ./system/src/diag/Trace.o
 .debug_ranges  0x000009b8       0x50 ./system/src/diag/trace_impl.o
 .debug_ranges  0x00000a08       0x18 ./system/src/cortexm/_initialize_hardware.o
 .debug_ranges  0x00000a20       0x80 ./system/src/cortexm/exception_handlers.o
 .debug_ranges  0x00000aa0       0x20 ./system/src/cmsis/startup_stm32f401xe.o
 .debug_ranges  0x00000ac0       0x18 ./system/src/cmsis/system_stm32f4xx.o
 .debug_ranges  0x00000ad8       0x20 ./src/FIRFilter.o
 .debug_ranges  0x00000af8       0xb0 ./src/main.o
 .debug_ranges  0x00000ba8       0x30 ./src/stm32f4xx_hal_msp.o
 .debug_ranges  0x00000bd8       0x20 ./src/stm32f4xx_hal_timebase_TIM.o
 .debug_ranges  0x00000bf8       0x60 ./src/stm32f4xx_it.o
 .debug_ranges  0x00000c58       0x40 ./Middlewares/Third_Party/FreeRTOS/Source/portable/MemMang/heap_4.o
 .debug_ranges  0x00000c98       0x70 ./Middlewares/Third_Party/FreeRTOS/Source/portable/GCC/ARM_CM4F/port.o
 .debug_ranges  0x00000d08      0x1c8 ./Middlewares/Third_Party/FreeRTOS/Source/CMSIS_RTOS/cmsis_os.o
 .debug_ranges  0x00000ed0       0x30 ./Middlewares/Third_Party/FreeRTOS/Source/list.o
 .debug_ranges  0x00000f00      0x210 ./Middlewares/Third_Party/FreeRTOS/Source/tasks.o

.debug_macro    0x00000000    0x1a7ee
 .debug_macro   0x00000000      0x37e ./system/src/stm32f4-hal/stm32f4xx_hal.o
 .debug_macro   0x0000037e      0xa6c ./system/src/stm32f4-hal/stm32f4xx_hal.o
 .debug_macro   0x00000dea      0x34e ./system/src/stm32f4-hal/stm32f4xx_hal.o
 .debug_macro   0x00001138       0x1c ./system/src/stm32f4-hal/stm32f4xx_hal.o
 .debug_macro   0x00001154      0x17a ./system/src/stm32f4-hal/stm32f4xx_hal.o
 .debug_macro   0x000012ce       0x32 ./system/src/stm32f4-hal/stm32f4xx_hal.o
 .debug_macro   0x00001300       0x28 ./system/src/stm32f4-hal/stm32f4xx_hal.o
 .debug_macro   0x00001328       0x3b ./system/src/stm32f4-hal/stm32f4xx_hal.o
 .debug_macro   0x00001363       0x50 ./system/src/stm32f4-hal/stm32f4xx_hal.o
 .debug_macro   0x000013b3      0xe66 ./system/src/stm32f4-hal/stm32f4xx_hal.o
 .debug_macro   0x00002219     0xb71c ./system/src/stm32f4-hal/stm32f4xx_hal.o
 .debug_macro   0x0000d935       0x43 ./system/src/stm32f4-hal/stm32f4xx_hal.o
 .debug_macro   0x0000d978     0x347f ./system/src/stm32f4-hal/stm32f4xx_hal.o
 .debug_macro   0x00010df7       0x22 ./system/src/stm32f4-hal/stm32f4xx_hal.o
 .debug_macro   0x00010e19       0x52 ./system/src/stm32f4-hal/stm32f4xx_hal.o
 .debug_macro   0x00010e6b       0x17 ./system/src/stm32f4-hal/stm32f4xx_hal.o
 .debug_macro   0x00010e82       0x8d ./system/src/stm32f4-hal/stm32f4xx_hal.o
 .debug_macro   0x00010f0f       0x35 ./system/src/stm32f4-hal/stm32f4xx_hal.o
 .debug_macro   0x00010f44       0x9c ./system/src/stm32f4-hal/stm32f4xx_hal.o
 .debug_macro   0x00010fe0       0x16 ./system/src/stm32f4-hal/stm32f4xx_hal.o
 .debug_macro   0x00010ff6       0x57 ./system/src/stm32f4-hal/stm32f4xx_hal.o
 .debug_macro   0x0001104d       0x97 ./system/src/stm32f4-hal/stm32f4xx_hal.o
 .debug_macro   0x000110e4      0x330 ./system/src/stm32f4-hal/stm32f4xx_hal.o
 .debug_macro   0x00011414       0xfd ./system/src/stm32f4-hal/stm32f4xx_hal.o
 .debug_macro   0x00011511       0x10 ./system/src/stm32f4-hal/stm32f4xx_hal.o
 .debug_macro   0x00011521       0x58 ./system/src/stm32f4-hal/stm32f4xx_hal.o
 .debug_macro   0x00011579       0x1f ./system/src/stm32f4-hal/stm32f4xx_hal.o
 .debug_macro   0x00011598       0x43 ./system/src/stm32f4-hal/stm32f4xx_hal.o
 .debug_macro   0x000115db       0x20 ./system/src/stm32f4-hal/stm32f4xx_hal.o
 .debug_macro   0x000115fb      0x18e ./system/src/stm32f4-hal/stm32f4xx_hal.o
 .debug_macro   0x00011789       0x10 ./system/src/stm32f4-hal/stm32f4xx_hal.o
 .debug_macro   0x00011799       0x6a ./system/src/stm32f4-hal/stm32f4xx_hal.o
 .debug_macro   0x00011803       0x1c ./system/src/stm32f4-hal/stm32f4xx_hal.o
 .debug_macro   0x0001181f       0x52 ./system/src/stm32f4-hal/stm32f4xx_hal.o
 .debug_macro   0x00011871       0x40 ./system/src/stm32f4-hal/stm32f4xx_hal.o
 .debug_macro   0x000118b1       0x10 ./system/src/stm32f4-hal/stm32f4xx_hal.o
 .debug_macro   0x000118c1       0x40 ./system/src/stm32f4-hal/stm32f4xx_hal.o
 .debug_macro   0x00011901       0xd7 ./system/src/stm32f4-hal/stm32f4xx_hal.o
 .debug_macro   0x000119d8       0x1c ./system/src/stm32f4-hal/stm32f4xx_hal.o
 .debug_macro   0x000119f4       0x3d ./system/src/stm32f4-hal/stm32f4xx_hal.o
 .debug_macro   0x00011a31       0x16 ./system/src/stm32f4-hal/stm32f4xx_hal.o
 .debug_macro   0x00011a47      0x16f ./system/src/stm32f4-hal/stm32f4xx_hal.o
 .debug_macro   0x00011bb6       0x57 ./system/src/stm32f4-hal/stm32f4xx_hal.o
 .debug_macro   0x00011c0d      0x424 ./system/src/stm32f4-hal/stm32f4xx_hal.o
 .debug_macro   0x00012031      0x9e1 ./system/src/stm32f4-hal/stm32f4xx_hal.o
 .debug_macro   0x00012a12      0x11e ./system/src/stm32f4-hal/stm32f4xx_hal.o
 .debug_macro   0x00012b30       0xf8 ./system/src/stm32f4-hal/stm32f4xx_hal.o
 .debug_macro   0x00012c28       0x27 ./system/src/stm32f4-hal/stm32f4xx_hal.o
 .debug_macro   0x00012c4f      0x287 ./system/src/stm32f4-hal/stm32f4xx_hal.o
 .debug_macro   0x00012ed6       0x5f ./system/src/stm32f4-hal/stm32f4xx_hal.o
 .debug_macro   0x00012f35      0x23a ./system/src/stm32f4-hal/stm32f4xx_hal.o
 .debug_macro   0x0001316f      0x391 ./system/src/stm32f4-hal/stm32f4xx_hal.o
 .debug_macro   0x00013500      0x16f ./system/src/stm32f4-hal/stm32f4xx_hal.o
 .debug_macro   0x0001366f       0xf9 ./system/src/stm32f4-hal/stm32f4xx_hal.o
 .debug_macro   0x00013768      0x13a ./system/src/stm32f4-hal/stm32f4xx_hal.o
 .debug_macro   0x000138a2      0x264 ./system/src/stm32f4-hal/stm32f4xx_hal.o
 .debug_macro   0x00013b06       0x2e ./system/src/stm32f4-hal/stm32f4xx_hal.o
 .debug_macro   0x00013b34      0x11e ./system/src/stm32f4-hal/stm32f4xx_hal.o
 .debug_macro   0x00013c52       0x85 ./system/src/stm32f4-hal/stm32f4xx_hal.o
 .debug_macro   0x00013cd7       0x89 ./system/src/stm32f4-hal/stm32f4xx_hal.o
 .debug_macro   0x00013d60      0x6d9 ./system/src/stm32f4-hal/stm32f4xx_hal.o
 .debug_macro   0x00014439       0x5b ./system/src/stm32f4-hal/stm32f4xx_hal.o
 .debug_macro   0x00014494      0x14d ./system/src/stm32f4-hal/stm32f4xx_hal.o
 .debug_macro   0x000145e1      0x128 ./system/src/stm32f4-hal/stm32f4xx_hal.o
 .debug_macro   0x00014709      0x331 ./system/src/stm32f4-hal/stm32f4xx_hal_adc.o
 .debug_macro   0x00014a3a      0x330 ./system/src/stm32f4-hal/stm32f4xx_hal_adc_ex.o
 .debug_macro   0x00014d6a      0x330 ./system/src/stm32f4-hal/stm32f4xx_hal_cortex.o
 .debug_macro   0x0001509a      0x337 ./system/src/stm32f4-hal/stm32f4xx_hal_dma.o
 .debug_macro   0x000153d1      0x368 ./system/src/stm32f4-hal/stm32f4xx_hal_gpio.o
 .debug_macro   0x00015739      0x35a ./system/src/stm32f4-hal/stm32f4xx_hal_rcc.o
 .debug_macro   0x00015a93      0x331 ./system/src/stm32f4-hal/stm32f4xx_hal_tim.o
 .debug_macro   0x00015dc4      0x330 ./system/src/stm32f4-hal/stm32f4xx_hal_tim_ex.o
 .debug_macro   0x000160f4      0x1b4 ./system/src/newlib/_exit.o
 .debug_macro   0x000162a8      0x10e ./system/src/newlib/_exit.o
 .debug_macro   0x000163b6       0x8d ./system/src/newlib/_exit.o
 .debug_macro   0x00016443       0x35 ./system/src/newlib/_exit.o
 .debug_macro   0x00016478      0x169 ./system/src/newlib/_sbrk.o
 .debug_macro   0x000165e1      0x174 ./system/src/newlib/_sbrk.o
 .debug_macro   0x00016755       0x10 ./system/src/newlib/_sbrk.o
 .debug_macro   0x00016765      0x23b ./system/src/newlib/_sbrk.o
 .debug_macro   0x000169a0      0x173 ./system/src/newlib/_startup.o
 .debug_macro   0x00016b13      0xa72 ./system/src/newlib/_startup.o
 .debug_macro   0x00017585      0x217 ./system/src/newlib/_syscalls.o
 .debug_macro   0x0001779c       0x1c ./system/src/newlib/_syscalls.o
 .debug_macro   0x000177b8       0x10 ./system/src/newlib/_syscalls.o
 .debug_macro   0x000177c8       0x10 ./system/src/newlib/_syscalls.o
 .debug_macro   0x000177d8       0x10 ./system/src/newlib/_syscalls.o
 .debug_macro   0x000177e8       0x35 ./system/src/newlib/_syscalls.o
 .debug_macro   0x0001781d      0x122 ./system/src/newlib/_syscalls.o
 .debug_macro   0x0001793f       0x88 ./system/src/newlib/_syscalls.o
 .debug_macro   0x000179c7       0x2b ./system/src/newlib/_syscalls.o
 .debug_macro   0x000179f2      0x118 ./system/src/newlib/_syscalls.o
 .debug_macro   0x00017b0a      0x189 ./system/src/newlib/_syscalls.o
 .debug_macro   0x00017c93       0x16 ./system/src/newlib/_syscalls.o
 .debug_macro   0x00017ca9      0x1fb ./system/src/diag/Trace.o
 .debug_macro   0x00017ea4       0x4c ./system/src/diag/Trace.o
 .debug_macro   0x00017ef0       0x16 ./system/src/diag/Trace.o
 .debug_macro   0x00017f06      0x375 ./system/src/diag/trace_impl.o
 .debug_macro   0x0001827b       0x35 ./system/src/diag/trace_impl.o
 .debug_macro   0x000182b0       0x10 ./system/src/diag/trace_impl.o
 .debug_macro   0x000182c0       0x22 ./system/src/diag/trace_impl.o
 .debug_macro   0x000182e2      0x339 ./system/src/cortexm/_initialize_hardware.o
 .debug_macro   0x0001861b      0x3a2 ./system/src/cortexm/exception_handlers.o
 .debug_macro   0x000189bd      0x335 ./system/src/cmsis/system_stm32f4xx.o
 .debug_macro   0x00018cf2       0x34 ./src/FIRFilter.o
 .debug_macro   0x00018d26      0x3e8 ./src/main.o
 .debug_macro   0x0001910e       0xd8 ./src/main.o
 .debug_macro   0x000191e6       0x91 ./src/main.o
 .debug_macro   0x00019277       0x94 ./src/main.o
 .debug_macro   0x0001930b       0x63 ./src/main.o
 .debug_macro   0x0001936e       0x19 ./src/main.o
 .debug_macro   0x00019387       0xcf ./src/main.o
 .debug_macro   0x00019456      0x330 ./src/stm32f4xx_hal_msp.o
 .debug_macro   0x00019786      0x330 ./src/stm32f4xx_hal_timebase_TIM.o
 .debug_macro   0x00019ab6      0x3ee ./src/stm32f4xx_it.o
 .debug_macro   0x00019ea4      0x1a8 ./Middlewares/Third_Party/FreeRTOS/Source/portable/MemMang/heap_4.o
 .debug_macro   0x0001a04c      0x17d ./Middlewares/Third_Party/FreeRTOS/Source/portable/GCC/ARM_CM4F/port.o
 .debug_macro   0x0001a1c9      0x1f3 ./Middlewares/Third_Party/FreeRTOS/Source/CMSIS_RTOS/cmsis_os.o
 .debug_macro   0x0001a3bc       0x10 ./Middlewares/Third_Party/FreeRTOS/Source/CMSIS_RTOS/cmsis_os.o
 .debug_macro   0x0001a3cc       0x26 ./Middlewares/Third_Party/FreeRTOS/Source/CMSIS_RTOS/cmsis_os.o
 .debug_macro   0x0001a3f2      0x181 ./Middlewares/Third_Party/FreeRTOS/Source/list.o
 .debug_macro   0x0001a573      0x26a ./Middlewares/Third_Party/FreeRTOS/Source/tasks.o
 .debug_macro   0x0001a7dd       0x11 ./Middlewares/Third_Party/FreeRTOS/Source/tasks.o